******************************************************************************
            TI ARM Clang Linker PC v3.2.2                      
******************************************************************************
>> Linked Wed Jun 10 09:29:24 2026

OUTPUT FILE NAME:   <Debug\sck2400_bim.out>
ENTRY POINT SYMBOL: "ResetISR"  address: 000009f9


MEMORY CONFIGURATION

         name            origin    length      used     unused   attr    fill
----------------------  --------  ---------  --------  --------  ----  --------
  FLASH_BIM             00000000   00004000  000012a8  00002d58  R  X
  FLASH_CCFG            00056000   00002000  00000058  00001fa8  R  X
  SRAM                  20000000   00014000  00000208  00013df8  RW X


SEGMENT ALLOCATION MAP

run origin  load origin   length   init length attrs members
----------  ----------- ---------- ----------- ----- -------
00000000    00000000    000012a8   000012a8    r-x
  00000000    00000000    000000d8   000000d8    r-- .resetVecs
  000000d8    000000d8    00001164   00001164    r-x .text
  0000123c    0000123c    00000040   00000040    r-- .rodata
  0000127c    0000127c    0000002c   0000002c    r-- .cinit
00057fa8    00057fa8    00000058   00000058    r--
  00057fa8    00057fa8    00000058   00000058    r-- .ccfg
20000000    20000000    00000108   00000000    rw-
  20000000    20000000    00000104   00000000    rw- .bss
  20000104    20000104    00000004   00000000    rw- .data
20013f00    20013f00    00000100   00000000    rw-
  20013f00    20013f00    00000100   00000000    rw- .stack


SECTION ALLOCATION MAP

 output                                  attributes/
section   page    origin      length       input sections
--------  ----  ----------  ----------   ----------------
.resetVecs 
*          0    00000000    000000d8     
                  00000000    000000d8     startup.o (.resetVecs)

.text      0    000000d8    00001164     
                  000000d8    000002d4     bim_offchip_main.o (.text.main)
                  000003ac    00000174     crc32.o (.text.CRC32_calc)
                  00000520    000000e0     driverlib.lib : sys_ctrl.c.obj (.text.NOROM_SysCtrlStandby)
                  00000600    000000d0                   : setup.c.obj (.text.NOROM_SetupTrimDevice)
                  000006d0    000000b0                   : setup.c.obj (.text.TrimAfterColdResetWakeupFromShutDown)
                  00000780    000000ac     ext_flash.o (.text.bspSpiOpen)
                  0000082c    000000ac     ext_flash.o (.text.extFlashOpen)
                  000008d8    00000098     bim_offchip_main.o (.text.Bim_copyImage)
                  00000970    00000088     ext_flash.o (.text.extFlashWrite)
                  000009f8    00000080     startup.o (.text.ResetISR)
                  00000a78    00000078     driverlib.lib : sys_ctrl.c.obj (.text.NOROM_SysCtrlSetRechargeBeforePowerDown)
                  00000af0    00000070     libc.a : copy_decompress_lzss.c.obj (.text:decompress:lzss)
                  00000b60    00000058     ext_flash.o (.text.extFlashRead)
                  00000bb8    0000004c     driverlib.lib : chipinfo.c.obj (.text.NOROM_ChipInfo_GetHwRevision)
                  00000c04    0000004c     ext_flash.o (.text.bspSpiRead)
                  00000c50    0000004c     ext_flash.o (.text.waitReady)
                  00000c9c    00000048     ext_flash.o (.text.bspSpiWrite)
                  00000ce4    00000044     driverlib.lib : prcm.c.obj (.text.NOROM_PRCMPowerDomainsAllOff)
                  00000d28    00000044                   : prcm.c.obj (.text.NOROM_PRCMPowerDomainsAllOn)
                  00000d6c    00000040     bim_util.o (.text.setLowPowerMode)
                  00000dac    0000003c     flash_interface_internal.o (.text.writeFlash)
                  00000de8    0000003c     flash_interface_internal.o (.text.writeFlashPg)
                  00000e24    00000038     bim_offchip_main.o (.text.Bim_findImageStartAddr)
                  00000e5c    00000038     driverlib.lib : osc.c.obj (.text.InternCapArrayAdjustWithBaseline7001F)
                  00000e94    00000038                   : aux_sysif.c.obj (.text.NOROM_AUXSYSIFOpModeChange)
                  00000ecc    00000038     ext_flash.o (.text.bspSpiClose)
                  00000f04    00000038     flash_interface_internal.o (.text.disableCache)
                  00000f3c    00000038     libc.a : autoinit.c.obj (.text:__TI_auto_init_nobinit_nopinit)
                  00000f74    00000034     flash_interface_internal.o (.text.eraseFlashPg)
                  00000fa8    00000034     libc.a : boot_cortex_m.c.obj (.text:_c_int00_noargs)
                  00000fdc    00000030     driverlib.lib : osc.c.obj (.text.SpecialCapArrayWorkaroundEnabledAndNeeded)
                  0000100c    00000030     ext_flash.o (.text.extFlashClose)
                  0000103c    00000028     driverlib.lib : osc.c.obj (.text.NOROM_OSC_CapArrayAdjustWorkaround_Boot)
                  00001064    00000028                   : chipinfo.c.obj (.text.NOROM_ThisLibraryIsFor_CC13x2_CC26x2_HwRev20AndLater_HaltIfViolated)
                  0000108c    00000028     flash_interface_internal.o (.text.readFlashPg)
                  000010b4    00000028     ext_flash.o (.text.writeEnable)
                  000010dc    00000024     bim_util.o (.text.imgIDCheck)
                  00001100    00000024     bim_util.o (.text.metadataIDCheck)
                  00001124    00000024     flash_interface_internal.o (.text.readFlash)
                  00001148    00000020     crc32.o (.text.CRC32_value)
                  00001168    0000001c     driverlib.lib : flash.c.obj (.text.NOROM_FlashProgram)
                  00001184    0000001c                   : flash.c.obj (.text.NOROM_FlashSectorErase)
                  000011a0    0000001c     ext_flash.o (.text.bspSpiFlush)
                  000011bc    00000014     crc32.o (.text.CRC32_memCpy)
                  000011d0    00000012     libc.a : memcpy_t2.S.obj (.text:TI_memcpy_small)
                  000011e2    00000012            : copy_zero_init.c.obj (.text:decompress:ZI:__TI_zero_init_nomemset)
                  000011f4    0000000e     flash_interface_internal.o (.text.IntMasterDisable)
                  00001202    0000000e     libc.a : copy_decompress_none.c.obj (.text:decompress:none)
                  00001210    0000000a     bim_util.o (.text.jumpToPrgEntry)
                  0000121a    00000008     driverlib.lib : cpu.c.obj (.text.NOROM_CPUcpsid)
                  00001222    00000008                   : cpu.c.obj (.text.NOROM_CPUcpsie)
                  0000122a    00000002     startup.o (.text.FaultISR)
                  0000122c    00000004     libclang_rt.builtins.a : aeabi_memcpy.S.obj (.text.__aeabi_memcpy)
                  00001230    00000004     libc.a : pre_init.c.obj (.text._system_pre_init)
                  00001234    00000004            : exit.c.obj (.text:abort)
                  00001238    00000002     startup.o (.text.IntDefaultHandler)
                  0000123a    00000002     startup.o (.text.NmiSR)

.rodata    0    0000123c    00000040     
                  0000123c    00000028     ext_flash.o (.rodata.sFlashTable)
                  00001264    00000008     bim_util.o (.rodata.OAD_EXTFL_ID)
                  0000126c    00000008     bim_util.o (.rodata.OAD_IMG_ID)
                  00001274    00000008     driverlib.lib : aux_sysif.c.obj (.rodata.cst4)

.cinit     0    0000127c    0000002c     
                  0000127c    0000000c     (__TI_handler_table)
                  00001288    00000008     (.cinit..bss.load) [load image, compression = zero_init]
                  00001290    00000007     (.cinit..data.load) [load image, compression = lzss]
                  00001297    00000001     --HOLE-- [fill = 0]
                  00001298    00000010     (__TI_cinit_table)

.init_array 
*          0    00000000    00000000     UNINITIALIZED

.ccfg      0    00057fa8    00000058     
                  00057fa8    00000058     ccfg_app.o (.ccfg)

.bss       0    20000000    00000104     UNINITIALIZED
                  20000000    00000100     (.common:crcBuf)
                  20000100    00000004     bim_offchip_main.o (.bss.intFlashPageSize)

.data      0    20000104    00000004     UNINITIALIZED
                  20000104    00000004     ext_flash.o (.data.spFlashInfo)

.stack     0    20013f00    00000100     UNINITIALIZED
                  20013f00    00000004     libc.a : boot_cortex_m.c.obj (.stack)
                  20013f04    000000fc     --HOLE--

__llvm_prf_cnts 
*          0    20000000    00000000     UNINITIALIZED

__llvm_prf_bits 
*          0    20000000    00000000     UNINITIALIZED

MODULE SUMMARY

       Module                       code   ro data   rw data
       ------                       ----   -------   -------
    Debug\
       ext_flash.o                  964    40        4      
       bim_offchip_main.o           932    0         4      
       crc32.o                      424    0         256    
       startup.o                    134    216       0      
       flash_interface_internal.o   318    0         0      
       bim_util.o                   146    16        0      
       ccfg_app.o                   0      88        0      
    +--+----------------------------+------+---------+---------+
       Total:                       2918   360       264    
                                                            
    C:\ti\simplelink_cc13xx_cc26xx_sdk_8_32_00_07\source\ti\devices\cc13x2_cc26x2\driverlib\bin\ticlang\driverlib.lib
       setup.c.obj                  384    0         0      
       sys_ctrl.c.obj               344    0         0      
       osc.c.obj                    144    0         0      
       prcm.c.obj                   136    0         0      
       chipinfo.c.obj               116    0         0      
       aux_sysif.c.obj              56     8         0      
       flash.c.obj                  56     0         0      
       cpu.c.obj                    16     0         0      
    +--+----------------------------+------+---------+---------+
       Total:                       1252   8         0      
                                                            
    C:\ti\ti_cgt_arm_llvm_3.2.2.LTS\lib\armv7em-ti-none-eabihf/c/libc.a
       copy_decompress_lzss.c.obj   112    0         0      
       autoinit.c.obj               56     0         0      
       boot_cortex_m.c.obj          52     0         0      
       copy_zero_init.c.obj         18     0         0      
       memcpy_t2.S.obj              18     0         0      
       copy_decompress_none.c.obj   14     0         0      
       exit.c.obj                   4      0         0      
       pre_init.c.obj               4      0         0      
    +--+----------------------------+------+---------+---------+
       Total:                       278    0         0      
                                                            
    C:\ti\ti_cgt_arm_llvm_3.2.2.LTS\lib\clang/15.0.7/lib/armv7em-ti-none-eabihf/libclang_rt.builtins.a
       aeabi_memcpy.S.obj           4      0         0      
    +--+----------------------------+------+---------+---------+
       Total:                       4      0         0      
                                                            
       Stack:                       0      0         256    
       Linker Generated:            0      43        0      
    +--+----------------------------+------+---------+---------+
       Grand Total:                 4452   411       520    


LINKER GENERATED COPY TABLES

__TI_cinit_table @ 00001298 records: 2, size/record: 8, table size: 16
	.bss: load addr=00001288, load size=00000008 bytes, run addr=20000000, run size=00000104 bytes, compression=zero_init
	.data: load addr=00001290, load size=00000007 bytes, run addr=20000104, run size=00000004 bytes, compression=lzss


LINKER GENERATED HANDLER TABLE

__TI_handler_table @ 0000127c records: 3, size/record: 4, table size: 12
	index: 0, handler: __TI_decompress_lzss
	index: 1, handler: __TI_decompress_none
	index: 2, handler: __TI_zero_init


GLOBAL SYMBOLS: SORTED ALPHABETICALLY BY Name 

address   name                                                               
-------   ----                                                               
00001234  C$$EXIT                                                            
000003ad  CRC32_calc                                                         
000011bd  CRC32_memCpy                                                       
00001149  CRC32_value                                                        
00000e95  NOROM_AUXSYSIFOpModeChange                                         
0000121b  NOROM_CPUcpsid                                                     
00001223  NOROM_CPUcpsie                                                     
00000bb9  NOROM_ChipInfo_GetHwRevision                                       
00001169  NOROM_FlashProgram                                                 
00001185  NOROM_FlashSectorErase                                             
0000103d  NOROM_OSC_CapArrayAdjustWorkaround_Boot                            
00000ce5  NOROM_PRCMPowerDomainsAllOff                                       
00000d29  NOROM_PRCMPowerDomainsAllOn                                        
00000601  NOROM_SetupTrimDevice                                              
00000a79  NOROM_SysCtrlSetRechargeBeforePowerDown                            
00000521  NOROM_SysCtrlStandby                                               
00001065  NOROM_ThisLibraryIsFor_CC13x2_CC26x2_HwRev20AndLater_HaltIfViolated
00001264  OAD_EXTFL_ID                                                       
0000126c  OAD_IMG_ID                                                         
000009f9  ResetISR                                                           
000011d1  TI_memcpy_small                                                    
20014000  __STACK_END                                                        
00000100  __STACK_SIZE                                                       
00000000  __TI_ATRegion0_region_sz                                           
00000000  __TI_ATRegion0_src_addr                                            
00000000  __TI_ATRegion0_trg_addr                                            
00000000  __TI_ATRegion1_region_sz                                           
00000000  __TI_ATRegion1_src_addr                                            
00000000  __TI_ATRegion1_trg_addr                                            
00000000  __TI_ATRegion2_region_sz                                           
00000000  __TI_ATRegion2_src_addr                                            
00000000  __TI_ATRegion2_trg_addr                                            
00001298  __TI_CINIT_Base                                                    
000012a8  __TI_CINIT_Limit                                                   
000012a8  __TI_CINIT_Warm                                                    
0000127c  __TI_Handler_Table_Base                                            
00001288  __TI_Handler_Table_Limit                                           
00000f3d  __TI_auto_init_nobinit_nopinit                                     
00000af1  __TI_decompress_lzss                                               
00001203  __TI_decompress_none                                               
ffffffff  __TI_pprof_out_hndl                                                
ffffffff  __TI_prof_data_size                                                
ffffffff  __TI_prof_data_start                                               
00000000  __TI_static_base__                                                 
000011e3  __TI_zero_init_nomemset                                            
0000122d  __aeabi_memcpy                                                     
0000122d  __aeabi_memcpy4                                                    
0000122d  __aeabi_memcpy8                                                    
ffffffff  __binit__                                                          
00057fa8  __ccfg                                                             
UNDEFED   __mpu_init                                                         
20013f00  __stack                                                            
20000000  __start___llvm_prf_bits                                            
20000000  __start___llvm_prf_cnts                                            
20000000  __stop___llvm_prf_bits                                             
20000000  __stop___llvm_prf_cnts                                             
00000fa9  _c_int00_noargs                                                    
UNDEFED   _system_post_cinit                                                 
00001231  _system_pre_init                                                   
00001235  abort                                                              
ffffffff  binit                                                              
00000ecd  bspSpiClose                                                        
000011a1  bspSpiFlush                                                        
00000781  bspSpiOpen                                                         
00000c05  bspSpiRead                                                         
00000c9d  bspSpiWrite                                                        
20000000  crcBuf                                                             
00000f75  eraseFlashPg                                                       
0000100d  extFlashClose                                                      
0000082d  extFlashOpen                                                       
00000b61  extFlashRead                                                       
00000971  extFlashWrite                                                      
00000000  g_pfnVectors                                                       
000010dd  imgIDCheck                                                         
00001211  jumpToPrgEntry                                                     
000000d9  main                                                               
00001101  metadataIDCheck                                                    
00001125  readFlash                                                          
0000108d  readFlashPg                                                        
00000d6d  setLowPowerMode                                                    
00000dad  writeFlash                                                         
00000de9  writeFlashPg                                                       


GLOBAL SYMBOLS: SORTED BY Symbol Address 

address   name                                                               
-------   ----                                                               
00000000  __TI_ATRegion0_region_sz                                           
00000000  __TI_ATRegion0_src_addr                                            
00000000  __TI_ATRegion0_trg_addr                                            
00000000  __TI_ATRegion1_region_sz                                           
00000000  __TI_ATRegion1_src_addr                                            
00000000  __TI_ATRegion1_trg_addr                                            
00000000  __TI_ATRegion2_region_sz                                           
00000000  __TI_ATRegion2_src_addr                                            
00000000  __TI_ATRegion2_trg_addr                                            
00000000  __TI_static_base__                                                 
00000000  g_pfnVectors                                                       
000000d9  main                                                               
00000100  __STACK_SIZE                                                       
000003ad  CRC32_calc                                                         
00000521  NOROM_SysCtrlStandby                                               
00000601  NOROM_SetupTrimDevice                                              
00000781  bspSpiOpen                                                         
0000082d  extFlashOpen                                                       
00000971  extFlashWrite                                                      
000009f9  ResetISR                                                           
00000a79  NOROM_SysCtrlSetRechargeBeforePowerDown                            
00000af1  __TI_decompress_lzss                                               
00000b61  extFlashRead                                                       
00000bb9  NOROM_ChipInfo_GetHwRevision                                       
00000c05  bspSpiRead                                                         
00000c9d  bspSpiWrite                                                        
00000ce5  NOROM_PRCMPowerDomainsAllOff                                       
00000d29  NOROM_PRCMPowerDomainsAllOn                                        
00000d6d  setLowPowerMode                                                    
00000dad  writeFlash                                                         
00000de9  writeFlashPg                                                       
00000e95  NOROM_AUXSYSIFOpModeChange                                         
00000ecd  bspSpiClose                                                        
00000f3d  __TI_auto_init_nobinit_nopinit                                     
00000f75  eraseFlashPg                                                       
00000fa9  _c_int00_noargs                                                    
0000100d  extFlashClose                                                      
0000103d  NOROM_OSC_CapArrayAdjustWorkaround_Boot                            
00001065  NOROM_ThisLibraryIsFor_CC13x2_CC26x2_HwRev20AndLater_HaltIfViolated
0000108d  readFlashPg                                                        
000010dd  imgIDCheck                                                         
00001101  metadataIDCheck                                                    
00001125  readFlash                                                          
00001149  CRC32_value                                                        
00001169  NOROM_FlashProgram                                                 
00001185  NOROM_FlashSectorErase                                             
000011a1  bspSpiFlush                                                        
000011bd  CRC32_memCpy                                                       
000011d1  TI_memcpy_small                                                    
000011e3  __TI_zero_init_nomemset                                            
00001203  __TI_decompress_none                                               
00001211  jumpToPrgEntry                                                     
0000121b  NOROM_CPUcpsid                                                     
00001223  NOROM_CPUcpsie                                                     
0000122d  __aeabi_memcpy                                                     
0000122d  __aeabi_memcpy4                                                    
0000122d  __aeabi_memcpy8                                                    
00001231  _system_pre_init                                                   
00001234  C$$EXIT                                                            
00001235  abort                                                              
00001264  OAD_EXTFL_ID                                                       
0000126c  OAD_IMG_ID                                                         
0000127c  __TI_Handler_Table_Base                                            
00001288  __TI_Handler_Table_Limit                                           
00001298  __TI_CINIT_Base                                                    
000012a8  __TI_CINIT_Limit                                                   
000012a8  __TI_CINIT_Warm                                                    
00057fa8  __ccfg                                                             
20000000  __start___llvm_prf_bits                                            
20000000  __start___llvm_prf_cnts                                            
20000000  __stop___llvm_prf_bits                                             
20000000  __stop___llvm_prf_cnts                                             
20000000  crcBuf                                                             
20013f00  __stack                                                            
20014000  __STACK_END                                                        
ffffffff  __TI_pprof_out_hndl                                                
ffffffff  __TI_prof_data_size                                                
ffffffff  __TI_prof_data_start                                               
ffffffff  __binit__                                                          
ffffffff  binit                                                              
UNDEFED   __mpu_init                                                         
UNDEFED   _system_post_cinit                                                 

[82 symbols]
