10:44:57.808  SCK Ground Station ready.
10:44:57.845  Log folder: C:\Users\maxor\source\repos\2022_projects\OpenLST_GroundStation\bin\Release\net8.0-windows\Log
10:44:57.847  Flights folder: C:\Users\maxor\source\repos\2022_projects\OpenLST_GroundStation\bin\Release\net8.0-windows\Flights
11:38:35.680  SCK Ground Station ready.
11:38:35.700  Log folder: C:\Users\maxor\source\repos\2022_projects\OpenLST_GroundStation\bin\Release\net8.0-windows\Log
11:38:35.701  Flights folder: C:\Users\maxor\source\repos\2022_projects\OpenLST_GroundStation\bin\Release\net8.0-windows\Flights
11:39:38.207  SCK Ground Station ready.
11:39:38.231  Log folder: C:\Users\maxor\source\repos\2022_projects\OpenLST_GroundStation\bin\Release\net8.0-windows\Log
11:39:38.232  Flights folder: C:\Users\maxor\source\repos\2022_projects\OpenLST_GroundStation\bin\Release\net8.0-windows\Flights
11:39:42.322  Connected: COM11 @ 115200
11:39:47.740  Board: SCK-2400 (CCSDS)
11:39:55.855  Serial port closed.
11:40:24.331  Board: SCK-915 (OpenLST)
11:40:27.033  Board: SCK-2400 (CCSDS)
11:40:33.316  Board: SCK-2400 (CCSDS)
11:40:37.885  Connected: COM11 @ 921600
11:41:58.474    → TX [0000]  [CCSDS] get_telem seq=2
11:42:03.653    ✗ No telem reply
11:42:12.331  Serial port closed.
11:42:13.885  Connected: COM12 @ 921600
11:42:15.941    → TX [0000]  [CCSDS] get_telem seq=3
11:42:21.010    ✗ No telem reply
11:44:00.662  Serial port closed.
11:44:04.360  Connected: COM11 @ 921600
11:44:09.604    → TX [0000]  [CCSDS] get_telem seq=4
11:44:14.291    ✗ No telem reply
11:44:17.845  Serial port closed.
11:44:19.513  Connected: COM12 @ 921600
11:44:28.227    → TX [0000]  [CCSDS] get_telem seq=5
11:44:28.259    ← RX  [CCSDS RAW] 08 01 C0 01 00 1F 8D 0E 00 00 00 00 00 00 00 00 00 00 00 00 00 00 00 00 07 00 00 00 00 00 00 00 00 00 A8 04 BB 0C
11:44:28.263    ← RX  tlm_beacon  apid=0x001 seq=1
11:44:28.271    [discard] hwid=0001 seq=1 op=tlm_beacon
11:44:32.932    ✗ No telem reply
11:45:14.035  Serial port closed.
11:51:23.053  Connected: COM12 @ 921600
11:51:25.368  Serial port closed.
11:51:27.557  Connected: COM12 @ 921600
11:51:33.425    → TX [0000]  [CCSDS] get_telem seq=6
11:51:33.456    ✓ tlm_beacon received seq=6
11:51:33.459    ← RX  [CCSDS RAW] 08 01 C0 06 00 1F 08 08 00 00 00 00 00 00 00 00 00 00 00 00 00 00 00 00 07 00 00 00 00 00 00 00 00 00 A9 04 BE 0C
11:51:33.461    ← RX  tlm_beacon  apid=0x001 seq=6
11:56:45.835  Connect failed: Could not find file 'COM12'.
19:19:30.071  SCK Ground Station ready.
19:19:30.094  Log folder: C:\Users\maxor\source\repos\2022_projects\OpenLST_GroundStation\bin\Release\net8.0-windows\Log
19:19:30.095  Flights folder: C:\Users\maxor\source\repos\2022_projects\OpenLST_GroundStation\bin\Release\net8.0-windows\Flights
19:19:36.661  Connected: COM12 @ 921600
19:19:41.442    → TX [0004]  get_telem  (seq=17)
19:19:46.440    ✗ No telem reply
19:19:55.113  Board: SCK-2400 (CCSDS)
19:19:58.343  Serial port closed.
19:19:59.434  Connected: COM12 @ 921600
19:20:03.917    → TX [0000]  [CCSDS] get_telem seq=2
19:20:08.939    ✗ No telem reply
19:20:15.460    → TX [0000]  [CCSDS] get_telem seq=3
19:20:15.494    ← RX  [CCSDS RAW] 08 01 C0 03 00 1F C4 E3 0E 00 00 00 00 00 00 00 00 00 00 00 00 00 00 00 07 00 00 00 00 00 00 00 00 00 A8 04 BC 0C
19:20:15.497    ← RX  tlm_beacon  apid=0x001 seq=3
19:20:15.506    ✓ tlm_beacon received seq=3
19:20:25.532    → TX [0000]  [CCSDS] get_telem seq=4
19:20:25.559    ← RX  [CCSDS RAW] 08 01 C0 04 00 1F B3 E7 0E 00 00 00 00 00 00 00 00 00 00 00 00 00 00 00 0E 00 00 00 00 00 00 00 00 00 A8 04 BA 0C
19:20:25.560    ← RX  tlm_beacon  apid=0x001 seq=4
19:20:25.572    ✓ tlm_beacon received seq=4
19:31:14.138  SCK Ground Station ready.
19:31:14.165  Log folder: C:\Users\maxor\source\repos\2022_projects\OpenLST_GroundStation\bin\Release\net8.0-windows\Log
19:31:14.168  Flights folder: C:\Users\maxor\source\repos\2022_projects\OpenLST_GroundStation\bin\Release\net8.0-windows\Flights
19:31:44.007  Board: SCK-2400 (CCSDS)
19:31:55.460  Connected: COM12 @ 921600
19:31:57.997    → TX [0000]  [CCSDS] get_telem seq=2
19:31:58.015    ← RX  [CCSDS RAW] 08 01 C0 02 00 1F 31 F6 0F 00 00 00 00 00 00 00 00 00 00 00 00 00 00 00 15 00 00 00 00 00 00 00 00 00 A9 04 BB 0C
19:31:58.018    ← RX  tlm_beacon  apid=0x001 seq=2
19:31:58.030    ✓ tlm_beacon received seq=2
