16:55:44.449  SCK Ground Station ready.
16:55:44.500  Log folder: C:\Users\maxor\source\repos\2022_projects\OpenLST_GroundStation\bin\Release\net8.0-windows\Log
16:55:44.512  Flights folder: C:\Users\maxor\source\repos\2022_projects\OpenLST_GroundStation\bin\Release\net8.0-windows\Flights
16:56:42.914  Connected: COM5 @ 115200
16:56:45.282    → TX [0004]  get_telem  (seq=17)
16:56:45.307    ← RX  [RAW] 22 69 54 04 00 11 00 01 18 00 64 00 00 00 09 00 00 00 00 00 00 00 00 00 04 33 FF FF FF FF FF 02 04 3B FF FF FF FF FF 02 04 43 FF FF A9 80 EE 09 00 00 00 00 00 00 00 00 00 00 00 00 00 00 00 00 00 00 00 00 00 00 00 00 00 00 00 00 00 00 00 00 00 00 00 00 00 00 00
16:56:45.309    ← RX  telem 0  hwid=0004 seq=17
16:56:45.312    ✓ telem received  hwid=0004
16:57:00.024  ⏺ Flight recording started → C:\Users\maxor\source\repos\2022_projects\OpenLST_GroundStation\bin\Release\net8.0-windows\Flights\FLT-20260501-001.sckflight
16:57:00.025    Flight ID: FLT-20260501-001
16:57:32.507  ■ Recording stopped → FLT-20260501-001
16:57:32.508    0 packets  max alt 0m
16:57:32.510    Saved: C:\Users\maxor\source\repos\2022_projects\OpenLST_GroundStation\bin\Release\net8.0-windows\Flights\FLT-20260501-001.sckflight
16:59:27.683  Serial port closed.
17:00:20.332  Connected: COM5 @ 115200
17:00:23.316  ⏺ Flight recording started → C:\Users\maxor\source\repos\2022_projects\OpenLST_GroundStation\bin\Release\net8.0-windows\Flights\FLT-20260501-001.sckflight
17:00:23.317    Flight ID: FLT-20260501-001
17:00:36.879    ← RX  [RAW] 22 69 1E 04 00 00 00 01 11 4F 70 65 6E 4C 53 54 20 42 4C 20 63 33 61 35 32 65 61 2D 64 69 72 74 79
17:00:36.881    ← RX  ascii 79  hwid=0004 seq=0
17:00:37.479    ← RX  [RAW] 22 69 1B 04 00 00 00 01 11 4F 70 65 6E 4C 53 54 20 31 64 33 61 62 65 33 2D 64 69 72 74 79
17:00:37.480    ← RX  ascii 79  hwid=0004 seq=0
17:01:32.856  ■ Recording stopped → FLT-20260501-001
17:01:32.857    0 packets  max alt 0m
17:01:32.858    Saved: C:\Users\maxor\source\repos\2022_projects\OpenLST_GroundStation\bin\Release\net8.0-windows\Flights\FLT-20260501-001.sckflight
17:03:55.523    ← RX  [RAW] 22 69 1E 01 00 00 00 01 11 4F 70 65 6E 4C 53 54 20 42 4C 20 63 33 61 35 32 65 61 2D 64 69 72 74 79
17:03:55.528    ← RX  ascii 79  hwid=0001 seq=0
17:03:56.112    ← RX  [RAW] 22 69 1B 01 00 00 00 01 11 4F 70 65 6E 4C 53 54 20 31 64 33 61 62 65 33 2D 64 69 72 74 79
17:03:56.113    ← RX  ascii 79  hwid=0001 seq=0
17:04:48.137    ← RX  [RAW] 22 69 1E 01 00 00 00 01 11 4F 70 65 6E 4C 53 54 20 42 4C 20 63 33 61 35 32 65 61 2D 64 69 72 74 79
17:04:48.150    ← RX  ascii 79  hwid=0001 seq=0
17:04:48.721    ← RX  [RAW] 22 69 1B 01 00 00 00 01 11 4F 70 65 6E 4C 53 54 20 31 64 33 61 62 65 33 2D 64 69 72 74 79
17:04:48.724    ← RX  ascii 79  hwid=0001 seq=0
17:04:50.706    ← RX  [RAW] 22 69 30 47 50 53 3A 30 2E 30 30 30 30 30 30 2C 30 2E 30 30 30 30 30 30 2C 30 2E 30 2C 30 2C 30 2C 39 38 35 2E 33 31 2C 32 33 35 2E 33 2C 32 30 2E 36 33
17:04:50.709    ← RX  0x2E 48  hwid=5047 seq=14931
17:04:50.714    GPS → lat=0.000000 lon=0.000000 alt=0.0m baro=235.3m sats=0 fix=False
17:05:00.882    ← RX  [RAW] 22 69 30 47 50 53 3A 30 2E 30 30 30 30 30 30 2C 30 2E 30 30 30 30 30 30 2C 30 2E 30 2C 30 2C 30 2C 39 38 35 2E 32 39 2C 32 33 35 2E 34 2C 32 30 2E 36 33
17:05:00.885    ← RX  0x2E 48  hwid=5047 seq=14931
17:05:00.887    GPS → lat=0.000000 lon=0.000000 alt=0.0m baro=235.4m sats=0 fix=False
17:05:11.043    ← RX  [RAW] 22 69 30 47 50 53 3A 30 2E 30 30 30 30 30 30 2C 30 2E 30 30 30 30 30 30 2C 30 2E 30 2C 30 2C 30 2C 39 38 35 2E 32 39 2C 32 33 35 2E 35 2C 32 30 2E 36 35
17:05:11.046    ← RX  0x2E 48  hwid=5047 seq=14931
17:05:11.048    GPS → lat=0.000000 lon=0.000000 alt=0.0m baro=235.5m sats=0 fix=False
17:05:21.204    ← RX  [RAW] 22 69 30 47 50 53 3A 30 2E 30 30 30 30 30 30 2C 30 2E 30 30 30 30 30 30 2C 30 2E 30 2C 30 2C 30 2C 39 38 35 2E 32 35 2C 32 33 35 2E 37 2C 32 30 2E 36 37
17:05:21.206    ← RX  0x2E 48  hwid=5047 seq=14931
17:05:21.209    GPS → lat=0.000000 lon=0.000000 alt=0.0m baro=235.7m sats=0 fix=False
17:05:31.380    ← RX  [RAW] 22 69 30 47 50 53 3A 30 2E 30 30 30 30 30 30 2C 30 2E 30 30 30 30 30 30 2C 30 2E 30 2C 30 2C 30 2C 39 38 35 2E 32 37 2C 32 33 35 2E 36 2C 32 30 2E 36 39
17:05:31.383    ← RX  0x2E 48  hwid=5047 seq=14931
17:05:31.387    GPS → lat=0.000000 lon=0.000000 alt=0.0m baro=235.6m sats=0 fix=False
17:05:41.541    ← RX  [RAW] 22 69 30 47 50 53 3A 30 2E 30 30 30 30 30 30 2C 30 2E 30 30 30 30 30 30 2C 30 2E 30 2C 30 2C 30 2C 39 38 35 2E 32 35 2C 32 33 35 2E 38 2C 32 30 2E 37 32
17:05:41.543    ← RX  0x2E 48  hwid=5047 seq=14931
17:05:41.546    GPS → lat=0.000000 lon=0.000000 alt=0.0m baro=235.8m sats=0 fix=False
17:05:51.717    ← RX  [RAW] 22 69 30 47 50 53 3A 30 2E 30 30 30 30 30 30 2C 30 2E 30 30 30 30 30 30 2C 30 2E 30 2C 30 2C 30 2C 39 38 35 2E 32 36 2C 32 33 35 2E 37 2C 32 30 2E 37 33
17:05:51.721    ← RX  0x2E 48  hwid=5047 seq=14931
17:05:51.724    GPS → lat=0.000000 lon=0.000000 alt=0.0m baro=235.7m sats=0 fix=False
17:06:01.878    ← RX  [RAW] 22 69 30 47 50 53 3A 30 2E 30 30 30 30 30 30 2C 30 2E 30 30 30 30 30 30 2C 30 2E 30 2C 30 2C 30 2C 39 38 35 2E 32 33 2C 32 33 35 2E 39 2C 32 30 2E 37 34
17:06:01.889    ← RX  0x2E 48  hwid=5047 seq=14931
17:06:01.891    GPS → lat=0.000000 lon=0.000000 alt=0.0m baro=235.9m sats=0 fix=False
17:06:12.055    ← RX  [RAW] 22 69 35 47 50 53 3A 33 36 2E 30 35 39 31 39 30 2C 2D 38 37 2E 33 38 33 35 34 34 2C 31 39 32 2E 32 2C 33 2C 31 2C 39 38 35 2E 32 34 2C 32 33 35 2E 38 2C 32 30 2E 37 36
17:06:12.057    ← RX  0x36 46  hwid=5047 seq=14931
17:06:12.060    GPS → lat=36.059190 lon=-87.383544 alt=192.2m baro=235.8m sats=3 fix=True
17:06:22.232    ← RX  [RAW] 22 69 35 47 50 53 3A 33 36 2E 30 35 39 31 39 30 2C 2D 38 37 2E 33 38 33 35 33 30 2C 31 39 31 2E 38 2C 33 2C 31 2C 39 38 35 2E 32 35 2C 32 33 35 2E 38 2C 32 30 2E 38 30
17:06:22.235    ← RX  0x36 46  hwid=5047 seq=14931
17:06:22.237    GPS → lat=36.059190 lon=-87.383530 alt=191.8m baro=235.8m sats=3 fix=True
17:06:32.408    ← RX  [RAW] 22 69 35 47 50 53 3A 33 36 2E 30 35 39 31 38 34 2C 2D 38 37 2E 33 38 33 35 34 34 2C 31 39 33 2E 35 2C 33 2C 31 2C 39 38 35 2E 32 36 2C 32 33 35 2E 37 2C 32 30 2E 38 32
17:06:32.410    ← RX  0x36 46  hwid=5047 seq=14931
17:06:32.413    GPS → lat=36.059184 lon=-87.383544 alt=193.5m baro=235.7m sats=3 fix=True
17:06:36.596  ⏺ Flight recording started → C:\Users\maxor\source\repos\2022_projects\OpenLST_GroundStation\bin\Release\net8.0-windows\Flights\FLT-20260501-002.sckflight
17:06:36.599    Flight ID: FLT-20260501-002
17:06:42.569    ← RX  [RAW] 22 69 35 47 50 53 3A 33 36 2E 30 35 39 31 39 32 2C 2D 38 37 2E 33 38 33 35 35 30 2C 31 39 31 2E 37 2C 33 2C 31 2C 39 38 35 2E 32 37 2C 32 33 35 2E 36 2C 32 30 2E 38 34
17:06:42.572    ← RX  0x36 46  hwid=5047 seq=14931
17:06:42.574    GPS → lat=36.059192 lon=-87.383550 alt=191.7m baro=235.6m sats=3 fix=True
17:06:52.745    ← RX  [RAW] 22 69 35 47 50 53 3A 33 36 2E 30 35 39 32 30 30 2C 2D 38 37 2E 33 38 33 35 36 30 2C 31 39 32 2E 31 2C 33 2C 31 2C 39 38 35 2E 32 36 2C 32 33 35 2E 37 2C 32 30 2E 38 36
17:06:52.750    ← RX  0x36 46  hwid=5047 seq=14931
17:06:52.756    GPS → lat=36.059200 lon=-87.383560 alt=192.1m baro=235.7m sats=3 fix=True
17:07:02.906    ← RX  [RAW] 22 69 35 47 50 53 3A 33 36 2E 30 35 39 32 30 34 2C 2D 38 37 2E 33 38 33 35 37 30 2C 31 39 31 2E 33 2C 33 2C 31 2C 39 38 35 2E 32 38 2C 32 33 35 2E 35 2C 32 30 2E 38 38
17:07:02.908    ← RX  0x36 46  hwid=5047 seq=14931
17:07:02.911    GPS → lat=36.059204 lon=-87.383570 alt=191.3m baro=235.5m sats=3 fix=True
17:07:13.082    ← RX  [RAW] 22 69 35 47 50 53 3A 33 36 2E 30 35 39 32 30 34 2C 2D 38 37 2E 33 38 33 35 37 30 2C 31 39 31 2E 38 2C 33 2C 31 2C 39 38 35 2E 32 38 2C 32 33 35 2E 36 2C 32 30 2E 38 39
17:07:13.085    ← RX  0x36 46  hwid=5047 seq=14931
17:07:13.088    GPS → lat=36.059204 lon=-87.383570 alt=191.8m baro=235.6m sats=3 fix=True
17:07:23.243    ← RX  [RAW] 22 69 35 47 50 53 3A 33 36 2E 30 35 39 32 30 34 2C 2D 38 37 2E 33 38 33 35 37 30 2C 31 39 31 2E 39 2C 33 2C 31 2C 39 38 35 2E 32 37 2C 32 33 35 2E 36 2C 32 30 2E 39 31
17:07:23.254    ← RX  0x36 46  hwid=5047 seq=14931
17:07:23.257    GPS → lat=36.059204 lon=-87.383570 alt=191.9m baro=235.6m sats=3 fix=True
17:07:33.403    ← RX  [RAW] 22 69 30 47 50 53 3A 30 2E 30 30 30 30 30 30 2C 30 2E 30 30 30 30 30 30 2C 30 2E 30 2C 30 2C 30 2C 39 38 35 2E 33 31 2C 32 33 35 2E 33 2C 32 30 2E 39 32
17:07:33.406    ← RX  0x2E 48  hwid=5047 seq=14931
17:07:33.409    GPS blind — showing last known position
17:07:33.412    GPS → lat=36.059204 lon=-87.383570 alt=191.9m baro=235.3m sats=0 fix=False
17:07:43.580    ← RX  [RAW] 22 69 35 47 50 53 3A 33 36 2E 30 35 38 38 37 36 2C 2D 38 37 2E 33 38 34 30 39 32 2C 32 36 33 2E 37 2C 34 2C 31 2C 39 38 35 2E 32 39 2C 32 33 35 2E 34 2C 32 30 2E 39 34
17:07:43.583    ← RX  0x36 46  hwid=5047 seq=14931
17:07:43.586    GPS → lat=36.058876 lon=-87.384092 alt=263.7m baro=235.4m sats=4 fix=True
17:07:52.720  ■ Recording stopped → FLT-20260501-002
17:07:52.722    7 packets  max alt 236m
17:07:52.724    Saved: C:\Users\maxor\source\repos\2022_projects\OpenLST_GroundStation\bin\Release\net8.0-windows\Flights\FLT-20260501-002.sckflight
17:07:52.731    KML: C:\Users\maxor\source\repos\2022_projects\OpenLST_GroundStation\bin\Release\net8.0-windows\Flights\FLT-20260501-002.kml
17:07:53.756    ← RX  [RAW] 22 69 35 47 50 53 3A 33 36 2E 30 35 38 38 37 36 2C 2D 38 37 2E 33 38 34 31 35 30 2C 32 36 39 2E 39 2C 34 2C 31 2C 39 38 35 2E 32 39 2C 32 33 35 2E 34 2C 32 30 2E 39 35
17:07:53.760    ← RX  0x36 46  hwid=5047 seq=14931
17:07:53.762    GPS → lat=36.058876 lon=-87.384150 alt=269.9m baro=235.4m sats=4 fix=True
17:08:03.932    ← RX  [RAW] 22 69 35 47 50 53 3A 33 36 2E 30 35 38 38 36 30 2C 2D 38 37 2E 33 38 34 31 37 30 2C 32 37 36 2E 30 2C 34 2C 31 2C 39 38 35 2E 33 30 2C 32 33 35 2E 33 2C 32 30 2E 39 36
17:08:03.935    ← RX  0x36 46  hwid=5047 seq=14931
17:08:03.938    GPS → lat=36.058860 lon=-87.384170 alt=276.0m baro=235.3m sats=4 fix=True
17:08:14.093    ← RX  [RAW] 22 69 35 47 50 53 3A 33 36 2E 30 35 38 38 35 36 2C 2D 38 37 2E 33 38 34 31 36 30 2C 32 37 34 2E 33 2C 34 2C 31 2C 39 38 35 2E 32 39 2C 32 33 35 2E 34 2C 32 30 2E 39 37
17:08:14.096    ← RX  0x36 46  hwid=5047 seq=14931
17:08:14.099    GPS → lat=36.058856 lon=-87.384160 alt=274.3m baro=235.4m sats=4 fix=True
17:08:24.270    ← RX  [RAW] 22 69 35 47 50 53 3A 33 36 2E 30 35 38 38 37 30 2C 2D 38 37 2E 33 38 34 31 33 30 2C 32 37 30 2E 34 2C 34 2C 31 2C 39 38 35 2E 33 30 2C 32 33 35 2E 33 2C 32 30 2E 39 38
17:08:24.272    ← RX  0x36 46  hwid=5047 seq=14931
17:08:24.276    GPS → lat=36.058870 lon=-87.384130 alt=270.4m baro=235.3m sats=4 fix=True
17:08:34.430    ← RX  [RAW] 22 69 35 47 50 53 3A 33 36 2E 30 35 38 38 37 36 2C 2D 38 37 2E 33 38 34 31 30 30 2C 32 36 37 2E 37 2C 34 2C 31 2C 39 38 35 2E 33 33 2C 32 33 35 2E 31 2C 32 30 2E 39 39
17:08:34.433    ← RX  0x36 46  hwid=5047 seq=14931
17:08:34.435    GPS → lat=36.058876 lon=-87.384100 alt=267.7m baro=235.1m sats=4 fix=True
17:08:35.596  Files: requesting list from Pico...
17:08:35.598    [flush] discarded 29 stale packet(s)
17:08:35.790    ← RX  [RAW] 22 69 14 04 00 12 00 01 10 4C 49 53 54 3A 45 52 52 3A 4E 4F 5F 53 44
17:08:35.793    ← RX  ack → "LIST:ERR:NO_SD"  hwid=0004 seq=18
17:08:35.796  Files: 1 file(s) on SD card
17:08:56.071    ← RX  [RAW] 22 69 35 47 50 53 3A 33 36 2E 30 35 38 38 38 34 2C 2D 38 37 2E 33 38 34 30 37 30 2C 32 36 34 2E 35 2C 34 2C 31 2C 39 38 35 2E 33 32 2C 32 33 35 2E 31 2C 32 31 2E 30 34
17:08:56.074    ← RX  0x36 46  hwid=5047 seq=14931
17:08:56.077    GPS → lat=36.058884 lon=-87.384070 alt=264.5m baro=235.1m sats=4 fix=True
17:08:56.795  Files: requesting list from Pico...
17:08:56.798    [flush] discarded 1 stale packet(s)
17:08:56.991    ← RX  [RAW] 22 69 14 04 00 13 00 01 10 4C 49 53 54 3A 45 52 52 3A 4E 4F 5F 53 44
17:08:56.993    ← RX  ack → "LIST:ERR:NO_SD"  hwid=0004 seq=19
17:08:57.011  Files: 1 file(s) on SD card
17:08:59.619  Files: requesting list from Pico...
17:08:59.807    ← RX  [RAW] 22 69 14 04 00 14 00 01 10 4C 49 53 54 3A 45 52 52 3A 4E 4F 5F 53 44
17:08:59.810    ← RX  ack → "LIST:ERR:NO_SD"  hwid=0004 seq=20
17:08:59.813  Files: 1 file(s) on SD card
17:09:02.931  Files: requesting list from Pico...
17:09:03.119    ← RX  [RAW] 22 69 14 04 00 15 00 01 10 4C 49 53 54 3A 45 52 52 3A 4E 4F 5F 53 44
17:09:03.122    ← RX  ack → "LIST:ERR:NO_SD"  hwid=0004 seq=21
17:09:03.127  Files: 1 file(s) on SD card
17:09:18.384    ← RX  [RAW] 22 69 35 47 50 53 3A 33 36 2E 30 35 38 38 37 36 2C 2D 38 37 2E 33 38 34 30 35 36 2C 32 36 32 2E 38 2C 34 2C 31 2C 39 38 35 2E 33 33 2C 32 33 35 2E 31 2C 32 31 2E 31 33
17:09:18.386    ← RX  0x36 46  hwid=5047 seq=14931
17:09:18.413    GPS → lat=36.058876 lon=-87.384056 alt=262.8m baro=235.1m sats=4 fix=True
17:09:25.748  Files: requesting list from Pico...
17:09:25.750    [flush] discarded 1 stale packet(s)
17:09:25.936    ← RX  [RAW] 22 69 14 04 00 16 00 01 10 4C 49 53 54 3A 45 52 52 3A 4E 4F 5F 53 44
17:09:25.939    ← RX  ack → "LIST:ERR:NO_SD"  hwid=0004 seq=22
17:09:25.946  Files: 1 file(s) on SD card
17:09:41.201    ← RX  [RAW] 22 69 35 47 50 53 3A 33 36 2E 30 35 38 38 37 30 2C 2D 38 37 2E 33 38 34 31 31 30 2C 32 36 38 2E 32 2C 34 2C 31 2C 39 38 35 2E 33 34 2C 32 33 35 2E 30 2C 32 31 2E 32 30
17:09:41.205    ← RX  0x36 46  hwid=5047 seq=14931
17:09:41.208    GPS → lat=36.058870 lon=-87.384110 alt=268.2m baro=235.0m sats=4 fix=True
17:09:51.377    ← RX  [RAW] 22 69 35 47 50 53 3A 33 36 2E 30 35 38 38 37 30 2C 2D 38 37 2E 33 38 34 31 33 32 2C 32 36 39 2E 37 2C 34 2C 31 2C 39 38 35 2E 33 36 2C 32 33 34 2E 38 2C 32 31 2E 32 32
17:09:51.381    ← RX  0x36 46  hwid=5047 seq=14931
17:09:51.383    GPS → lat=36.058870 lon=-87.384132 alt=269.7m baro=234.8m sats=4 fix=True
17:10:01.543    ← RX  [RAW] 22 69 35 47 50 53 3A 33 36 2E 30 35 38 38 37 30 2C 2D 38 37 2E 33 38 34 31 33 30 2C 32 37 32 2E 33 2C 34 2C 31 2C 39 38 35 2E 33 33 2C 32 33 35 2E 31 2C 32 31 2E 32 34
17:10:01.548    ← RX  0x36 46  hwid=5047 seq=14931
17:10:01.551    GPS → lat=36.058870 lon=-87.384130 alt=272.3m baro=235.1m sats=4 fix=True
17:10:11.714    ← RX  [RAW] 22 69 35 47 50 53 3A 33 36 2E 30 35 38 38 35 36 2C 2D 38 37 2E 33 38 34 31 35 30 2C 32 37 35 2E 37 2C 34 2C 31 2C 39 38 35 2E 33 34 2C 32 33 35 2E 30 2C 32 31 2E 32 36
17:10:11.717    ← RX  0x36 46  hwid=5047 seq=14931
17:10:11.719    GPS → lat=36.058856 lon=-87.384150 alt=275.7m baro=235.0m sats=4 fix=True
17:10:21.875    ← RX  [RAW] 22 69 35 47 50 53 3A 33 36 2E 30 35 38 38 38 30 2C 2D 38 37 2E 33 38 34 30 31 30 2C 32 35 34 2E 37 2C 34 2C 31 2C 39 38 35 2E 33 33 2C 32 33 35 2E 31 2C 32 31 2E 32 37
17:10:21.877    ← RX  0x36 46  hwid=5047 seq=14931
17:10:21.880    GPS → lat=36.058880 lon=-87.384010 alt=254.7m baro=235.1m sats=4 fix=True
17:10:32.051    ← RX  [RAW] 22 69 35 47 50 53 3A 33 36 2E 30 35 38 38 37 36 2C 2D 38 37 2E 33 38 34 30 33 30 2C 32 35 37 2E 33 2C 34 2C 31 2C 39 38 35 2E 33 34 2C 32 33 35 2E 30 2C 32 31 2E 33 30
17:10:32.062    ← RX  0x36 46  hwid=5047 seq=14931
17:10:32.065    GPS → lat=36.058876 lon=-87.384030 alt=257.3m baro=235.0m sats=4 fix=True
17:10:45.408  Files: requesting list from Pico...
17:10:45.411    [flush] discarded 6 stale packet(s)
17:10:56.467    ← RX  [RAW] 22 69 35 47 50 53 3A 33 36 2E 30 35 38 38 35 30 2C 2D 38 37 2E 33 38 34 31 30 30 2C 32 37 31 2E 30 2C 34 2C 31 2C 39 38 35 2E 33 38 2C 32 33 34 2E 36 2C 32 31 2E 33 31
17:10:56.470    ← RX  0x36 46  hwid=5047 seq=14931
17:10:56.473    GPS → lat=36.058850 lon=-87.384100 alt=271.0m baro=234.6m sats=4 fix=True
17:10:56.480    [discard] hwid=5047 seq=14931 op=0x36
17:11:02.363  Files: no response from Pico
17:11:06.660    ← RX  [RAW] 22 69 35 47 50 53 3A 33 36 2E 30 35 38 38 34 34 2C 2D 38 37 2E 33 38 34 31 32 30 2C 32 37 31 2E 34 2C 34 2C 31 2C 39 38 35 2E 33 36 2C 32 33 34 2E 38 2C 32 31 2E 33 32
17:11:06.662    ← RX  0x36 46  hwid=5047 seq=14931
17:11:06.666    GPS → lat=36.058844 lon=-87.384120 alt=271.4m baro=234.8m sats=4 fix=True
17:11:16.309    [flush] discarded 1 stale packet(s)
17:11:16.312    → TX [0004]  [CUSTOM] PICO Read Temp  opcode=0x20  (seq=24)
17:11:16.436    ← RX  [RAW] 22 69 11 04 00 18 00 01 10 54 45 4D 50 3A 31 35 2E 38 31 43
17:11:16.438    ← RX  ack → "TEMP:15.81C"  hwid=0004 seq=24
17:11:16.447    ✓ ack → TEMP:15.81C
17:11:20.521    → TX [0004]  [CUSTOM] PICO Snap  opcode=0x20  (seq=25)
17:11:27.124    ← RX  [RAW] 22 69 35 47 50 53 3A 33 36 2E 30 35 38 38 34 30 2C 2D 38 37 2E 33 38 34 31 35 30 2C 32 37 34 2E 39 2C 34 2C 31 2C 39 38 35 2E 33 37 2C 32 33 34 2E 37 2C 32 31 2E 33 33
17:11:27.127    ← RX  0x36 46  hwid=5047 seq=14931
17:11:27.130    GPS → lat=36.058840 lon=-87.384150 alt=274.9m baro=234.7m sats=4 fix=True
17:11:27.132    [discard] hwid=5047 seq=14931 op=0x36
17:11:37.284    ← RX  [RAW] 22 69 35 47 50 53 3A 33 36 2E 30 35 38 38 34 30 2C 2D 38 37 2E 33 38 34 31 35 30 2C 32 37 38 2E 34 2C 34 2C 31 2C 39 38 35 2E 33 36 2C 32 33 34 2E 39 2C 32 31 2E 33 33
17:11:37.287    ← RX  0x36 46  hwid=5047 seq=14931
17:11:37.289    GPS → lat=36.058840 lon=-87.384150 alt=278.4m baro=234.9m sats=4 fix=True
17:11:37.298    [discard] hwid=5047 seq=14931 op=0x36
17:11:43.635  Files: requesting list from Pico...
17:11:45.931    ✗ No reply
17:11:49.236    ← RX  [RAW] 22 69 35 47 50 53 3A 33 36 2E 30 35 38 38 34 34 2C 2D 38 37 2E 33 38 34 31 33 32 2C 32 37 35 2E 32 2C 34 2C 31 2C 39 38 35 2E 33 38 2C 32 33 34 2E 37 2C 32 31 2E 33 33
17:11:49.239    ← RX  0x36 46  hwid=5047 seq=14931
17:11:49.242    GPS → lat=36.058844 lon=-87.384132 alt=275.2m baro=234.7m sats=4 fix=True
17:11:49.249    [discard] hwid=5047 seq=14931 op=0x36
17:11:51.883  Files: requesting list from Pico...
17:12:00.616  Files: no response from Pico
17:12:02.412  Files: requesting list from Pico...
17:12:08.868  Files: no response from Pico
17:12:12.676    ← RX  [RAW] 22 69 35 47 50 53 3A 33 36 2E 30 35 38 38 33 36 2C 2D 38 37 2E 33 38 34 31 33 32 2C 32 37 36 2E 31 2C 34 2C 31 2C 39 38 35 2E 33 38 2C 32 33 34 2E 36 2C 32 31 2E 33 34
17:12:12.679    ← RX  0x36 46  hwid=5047 seq=14931
17:12:12.681    GPS → lat=36.058836 lon=-87.384132 alt=276.1m baro=234.6m sats=4 fix=True
17:12:12.684    [discard] hwid=5047 seq=14931 op=0x36
17:12:19.318  Files: no response from Pico
17:12:22.867    ← RX  [RAW] 22 69 35 47 50 53 3A 33 36 2E 30 35 38 39 31 36 2C 2D 38 37 2E 33 38 33 38 36 30 2C 32 31 35 2E 30 2C 34 2C 31 2C 39 38 35 2E 33 39 2C 32 33 34 2E 36 2C 32 31 2E 33 34
17:12:22.871    ← RX  0x36 46  hwid=5047 seq=14931
17:12:22.875    GPS → lat=36.058916 lon=-87.383860 alt=215.0m baro=234.6m sats=4 fix=True
17:12:33.044    ← RX  [RAW] 22 69 35 47 50 53 3A 33 36 2E 30 35 38 39 35 30 2C 2D 38 37 2E 33 38 33 38 30 38 2C 32 30 35 2E 32 2C 33 2C 31 2C 39 38 35 2E 33 37 2C 32 33 34 2E 37 2C 32 31 2E 33 36
17:12:33.047    ← RX  0x36 46  hwid=5047 seq=14931
17:12:33.049    GPS → lat=36.058950 lon=-87.383808 alt=205.2m baro=234.7m sats=3 fix=True
17:12:37.549    [flush] discarded 2 stale packet(s)
17:12:37.552    → TX [0004]  [CUSTOM] PICO Beacon OFF  opcode=0x20
17:12:38.309    → TX [0004]  [CUSTOM] PICO Beacon OFF  opcode=0x20
17:12:43.219    ← RX  [RAW] 22 69 35 47 50 53 3A 33 36 2E 30 35 38 39 36 34 2C 2D 38 37 2E 33 38 33 38 30 30 2C 32 30 30 2E 35 2C 33 2C 31 2C 39 38 35 2E 33 38 2C 32 33 34 2E 37 2C 32 31 2E 33 37
17:12:43.222    ← RX  0x36 46  hwid=5047 seq=14931
17:12:43.225    GPS → lat=36.058964 lon=-87.383800 alt=200.5m baro=234.7m sats=3 fix=True
17:12:43.234    [discard] hwid=5047 seq=14931 op=0x36
17:12:44.341    → TX [0004]  [CUSTOM] PICO Beacon OFF  opcode=0x20
17:12:44.468    ← RX  [RAW] 22 69 10 04 00 1F 00 01 10 42 45 41 43 4F 4E 3A 4F 46 46
17:12:44.471    ← RX  ack → "BEACON:OFF"  hwid=0004 seq=31
17:12:44.473    [discard] hwid=0004 seq=31 op=ack
17:12:45.968  ✗ No reply to beacon control command
17:12:46.751  ✗ No reply to beacon control command
17:12:52.851  ✗ No reply to beacon control command
17:12:54.070  GPS auto poll started — every 10 seconds.
17:12:56.342  GPS auto poll stopped.
17:13:25.007    → TX [0004]  get_telem  (seq=32)
17:13:25.277    ← RX  [RAW] 22 69 54 04 00 20 00 01 18 00 2D 00 00 00 02 00 00 00 00 00 00 00 00 00 04 33 FF FF FF FF FF 02 04 3B FF FF FF FF FF 02 04 43 FF FF AB 80 03 02 00 00 00 01 00 00 00 01 00 00 00 00 00 00 00 00 00 00 00 00 00 00 00 00 00 00 00 00 00 00 00 00 00 00 00 00 00 00 00
17:13:25.283    ← RX  telem 0  hwid=0004 seq=32
17:13:25.287    ✓ telem 0
17:13:32.880    → TX [0004]  [CUSTOM] PICO Ping  opcode=0x20  (seq=33)
17:13:58.287    ✗ No reply
17:14:08.170    → TX [0004]  [CUSTOM] PICO Ping  opcode=0x20  (seq=34)
17:14:08.282    ← RX  [RAW] 22 69 0E 04 00 22 00 01 10 50 49 43 4F 3A 41 43 4B
17:14:08.284    ← RX  ack → "PICO:ACK"  hwid=0004 seq=34
17:14:08.287    ✓ ack → PICO:ACK
17:14:14.170  Files: requesting list from Pico...
17:14:31.105  Files: no response from Pico
17:14:38.379    → TX [0004]  [CUSTOM] PICO Read Temp  opcode=0x20  (seq=36)
17:14:48.804    ← RX  [RAW] 22 69 1E 01 00 00 00 01 11 4F 70 65 6E 4C 53 54 20 42 4C 20 63 33 61 35 32 65 61 2D 64 69 72 74 79
17:14:48.807    ← RX  ascii 79  hwid=0001 seq=0
17:14:48.810    [discard] hwid=0001 seq=0 op=ascii
17:14:49.412    ← RX  [RAW] 22 69 1B 01 00 00 00 01 11 4F 70 65 6E 4C 53 54 20 31 64 33 61 62 65 33 2D 64 69 72 74 79
17:14:49.415    ← RX  ascii 79  hwid=0001 seq=0
17:14:49.417    [discard] hwid=0001 seq=0 op=ascii
17:15:03.724    ✗ No reply
17:15:22.632    ← RX  [RAW] 22 69 35 47 50 53 3A 33 36 2E 30 35 38 39 35 36 2C 2D 38 37 2E 33 38 33 39 36 30 2C 31 39 36 2E 35 2C 34 2C 31 2C 39 38 35 2E 34 36 2C 32 33 34 2E 30 2C 32 31 2E 34 37
17:15:22.638    ← RX  0x36 46  hwid=5047 seq=14931
17:15:22.642    GPS → lat=36.058956 lon=-87.383960 alt=196.5m baro=234.0m sats=4 fix=True
17:15:31.525    [flush] discarded 1 stale packet(s)
17:15:31.528    → TX [0004]  [CUSTOM] PICO Ping  opcode=0x20  (seq=37)
17:15:31.636    ← RX  [RAW] 22 69 0E 04 00 25 00 01 10 50 49 43 4F 3A 41 43 4B
17:15:31.639    ← RX  ack → "PICO:ACK"  hwid=0004 seq=37
17:15:31.641    ✓ ack → PICO:ACK
17:15:36.900    ← RX  [RAW] 22 69 35 47 50 53 3A 33 36 2E 30 35 38 39 36 30 2C 2D 38 37 2E 33 38 34 31 30 30 2C 31 39 35 2E 32 2C 33 2C 31 2C 39 38 35 2E 34 36 2C 32 33 34 2E 30 2C 32 31 2E 34 37
17:15:36.927    ← RX  0x36 46  hwid=5047 seq=14931
17:15:36.929    GPS → lat=36.058960 lon=-87.384100 alt=195.2m baro=234.0m sats=3 fix=True
17:15:37.117    [flush] discarded 1 stale packet(s)
17:15:37.120    → TX [0004]  [CUSTOM] PICO Read Temp  opcode=0x20  (seq=38)
17:15:47.076    ← RX  [RAW] 22 69 35 47 50 53 3A 33 36 2E 30 35 38 39 36 34 2C 2D 38 37 2E 33 38 34 32 36 30 2C 31 39 33 2E 39 2C 34 2C 31 2C 39 38 35 2E 34 37 2C 32 33 33 2E 39 2C 32 31 2E 34 37
17:15:47.079    ← RX  0x36 46  hwid=5047 seq=14931
17:15:47.081    GPS → lat=36.058964 lon=-87.384260 alt=193.9m baro=233.9m sats=4 fix=True
17:15:47.093    [discard] hwid=5047 seq=14931 op=0x36
17:15:57.252    ← RX  [RAW] 22 69 35 47 50 53 3A 33 36 2E 30 35 38 39 36 34 2C 2D 38 37 2E 33 38 34 30 30 30 2C 32 30 31 2E 33 2C 34 2C 31 2C 39 38 35 2E 34 38 2C 32 33 33 2E 38 2C 32 31 2E 34 36
17:15:57.255    ← RX  0x36 46  hwid=5047 seq=14931
17:15:57.258    GPS → lat=36.058964 lon=-87.384000 alt=201.3m baro=233.8m sats=4 fix=True
17:15:57.261    [discard] hwid=5047 seq=14931 op=0x36
17:16:02.626    ✗ No reply
17:16:07.428    ← RX  [RAW] 22 69 35 47 50 53 3A 33 36 2E 30 35 38 39 36 38 2C 2D 38 37 2E 33 38 33 39 31 30 2C 32 30 31 2E 33 2C 34 2C 31 2C 39 38 35 2E 35 30 2C 32 33 33 2E 36 2C 32 31 2E 34 36
17:16:07.431    ← RX  0x36 46  hwid=5047 seq=14931
17:16:07.434    GPS → lat=36.058968 lon=-87.383910 alt=201.3m baro=233.6m sats=4 fix=True
17:16:17.604    ← RX  [RAW] 22 69 35 47 50 53 3A 33 36 2E 30 35 38 39 38 34 2C 2D 38 37 2E 33 38 33 38 34 30 2C 32 30 31 2E 36 2C 34 2C 31 2C 39 38 35 2E 34 38 2C 32 33 33 2E 38 2C 32 31 2E 34 37
17:16:17.607    ← RX  0x36 46  hwid=5047 seq=14931
17:16:17.611    GPS → lat=36.058984 lon=-87.383840 alt=201.6m baro=233.8m sats=4 fix=True
17:16:27.780    ← RX  [RAW] 22 69 35 47 50 53 3A 33 36 2E 30 35 38 39 36 30 2C 2D 38 37 2E 33 38 33 38 34 30 2C 32 30 33 2E 33 2C 34 2C 31 2C 39 38 35 2E 35 31 2C 32 33 33 2E 36 2C 32 31 2E 34 36
17:16:27.783    ← RX  0x36 46  hwid=5047 seq=14931
17:16:27.786    GPS → lat=36.058960 lon=-87.383840 alt=203.3m baro=233.6m sats=4 fix=True
17:16:37.972    ← RX  [RAW] 22 69 35 47 50 53 3A 33 36 2E 30 35 39 30 30 30 2C 2D 38 37 2E 33 38 33 38 33 32 2C 32 30 31 2E 38 2C 34 2C 31 2C 39 38 35 2E 35 31 2C 32 33 33 2E 35 2C 32 31 2E 34 35
17:16:37.975    ← RX  0x36 46  hwid=5047 seq=14931
17:16:37.996    GPS → lat=36.059000 lon=-87.383832 alt=201.8m baro=233.5m sats=4 fix=True
17:16:48.148    ← RX  [RAW] 22 69 35 47 50 53 3A 33 36 2E 30 35 39 30 30 30 2C 2D 38 37 2E 33 38 33 38 32 30 2C 32 30 33 2E 30 2C 34 2C 31 2C 39 38 35 2E 35 32 2C 32 33 33 2E 35 2C 32 31 2E 34 36
17:16:48.151    ← RX  0x36 46  hwid=5047 seq=14931
17:16:48.154    GPS → lat=36.059000 lon=-87.383820 alt=203.0m baro=233.5m sats=4 fix=True
17:16:58.324    ← RX  [RAW] 22 69 35 47 50 53 3A 33 36 2E 30 35 38 39 33 30 2C 2D 38 37 2E 33 38 33 37 39 30 2C 32 31 31 2E 34 2C 34 2C 31 2C 39 38 35 2E 35 31 2C 32 33 33 2E 36 2C 32 31 2E 34 35
17:16:58.327    ← RX  0x36 46  hwid=5047 seq=14931
17:16:58.331    GPS → lat=36.058930 lon=-87.383790 alt=211.4m baro=233.6m sats=4 fix=True
17:17:08.533    ← RX  [RAW] 22 69 35 47 50 53 3A 33 36 2E 30 35 38 38 39 30 2C 2D 38 37 2E 33 38 33 39 30 30 2C 32 32 35 2E 36 2C 34 2C 31 2C 39 38 35 2E 35 33 2C 32 33 33 2E 34 2C 32 31 2E 34 35
17:17:08.535    ← RX  0x36 46  hwid=5047 seq=14931
17:17:08.539    GPS → lat=36.058890 lon=-87.383900 alt=225.6m baro=233.4m sats=4 fix=True
17:17:18.741    ← RX  [RAW] 22 69 35 47 50 53 3A 33 36 2E 30 35 39 30 31 30 2C 2D 38 37 2E 33 38 33 36 39 30 2C 31 39 39 2E 35 2C 34 2C 31 2C 39 38 35 2E 35 35 2C 32 33 33 2E 32 2C 32 31 2E 34 34
17:17:18.744    ← RX  0x36 46  hwid=5047 seq=14931
17:17:18.747    GPS → lat=36.059010 lon=-87.383690 alt=199.5m baro=233.2m sats=4 fix=True
17:17:28.917    ← RX  [RAW] 22 69 35 47 50 53 3A 33 36 2E 30 35 39 30 33 30 2C 2D 38 37 2E 33 38 33 37 36 38 2C 32 30 31 2E 35 2C 34 2C 31 2C 39 38 35 2E 35 33 2C 32 33 33 2E 34 2C 32 31 2E 34 34
17:17:28.921    ← RX  0x36 46  hwid=5047 seq=14931
17:17:28.924    GPS → lat=36.059030 lon=-87.383768 alt=201.5m baro=233.4m sats=4 fix=True
17:17:39.093    ← RX  [RAW] 22 69 35 47 50 53 3A 33 36 2E 30 35 39 30 30 30 2C 2D 38 37 2E 33 38 33 38 36 34 2C 32 31 34 2E 30 2C 34 2C 31 2C 39 38 35 2E 35 32 2C 32 33 33 2E 35 2C 32 31 2E 34 34
17:17:39.098    ← RX  0x36 46  hwid=5047 seq=14931
17:17:39.103    GPS → lat=36.059000 lon=-87.383864 alt=214.0m baro=233.5m sats=4 fix=True
17:17:49.317    ← RX  [RAW] 22 69 35 47 50 53 3A 33 36 2E 30 35 38 39 31 36 2C 2D 38 37 2E 33 38 34 30 31 30 2C 32 33 36 2E 39 2C 34 2C 31 2C 39 38 35 2E 35 30 2C 32 33 33 2E 36 2C 32 31 2E 34 34
17:17:49.320    ← RX  0x36 46  hwid=5047 seq=14931
17:17:49.323    GPS → lat=36.058916 lon=-87.384010 alt=236.9m baro=233.6m sats=4 fix=True
17:17:59.493    ← RX  [RAW] 22 69 35 47 50 53 3A 33 36 2E 30 35 38 38 33 36 2C 2D 38 37 2E 33 38 34 31 39 30 2C 32 36 33 2E 34 2C 34 2C 31 2C 39 38 35 2E 34 39 2C 32 33 33 2E 38 2C 32 31 2E 34 33
17:17:59.496    ← RX  0x36 46  hwid=5047 seq=14931
17:17:59.503    GPS → lat=36.058836 lon=-87.384190 alt=263.4m baro=233.8m sats=4 fix=True
17:18:09.669    ← RX  [RAW] 22 69 35 47 50 53 3A 33 36 2E 30 35 38 38 30 30 2C 2D 38 37 2E 33 38 34 32 38 30 2C 32 37 34 2E 34 2C 34 2C 31 2C 39 38 35 2E 35 32 2C 32 33 33 2E 35 2C 32 31 2E 34 34
17:18:09.672    ← RX  0x36 46  hwid=5047 seq=14931
17:18:09.675    GPS → lat=36.058800 lon=-87.384280 alt=274.4m baro=233.5m sats=4 fix=True
17:18:19.845    ← RX  [RAW] 22 69 35 47 50 53 3A 33 36 2E 30 35 38 39 37 30 2C 2D 38 37 2E 33 38 34 30 34 30 2C 32 31 36 2E 34 2C 35 2C 31 2C 39 38 35 2E 35 31 2C 32 33 33 2E 36 2C 32 31 2E 34 35
17:18:19.849    ← RX  0x36 46  hwid=5047 seq=14931
17:18:19.852    GPS → lat=36.058970 lon=-87.384040 alt=216.4m baro=233.6m sats=5 fix=True
17:18:30.037    ← RX  [RAW] 22 69 35 47 50 53 3A 33 36 2E 30 35 39 30 30 30 2C 2D 38 37 2E 33 38 33 39 38 30 2C 32 31 36 2E 31 2C 35 2C 31 2C 39 38 35 2E 35 32 2C 32 33 33 2E 34 2C 32 31 2E 34 34
17:18:30.040    ← RX  0x36 46  hwid=5047 seq=14931
17:18:30.044    GPS → lat=36.059000 lon=-87.383980 alt=216.1m baro=233.4m sats=5 fix=True
17:18:40.198    ← RX  [RAW] 22 69 35 47 50 53 3A 33 36 2E 30 35 38 39 37 36 2C 2D 38 37 2E 33 38 34 30 30 30 2C 32 32 35 2E 33 2C 35 2C 31 2C 39 38 35 2E 34 39 2C 32 33 33 2E 38 2C 32 31 2E 34 35
17:18:40.201    ← RX  0x36 46  hwid=5047 seq=14931
17:18:40.204    GPS → lat=36.058976 lon=-87.384000 alt=225.3m baro=233.8m sats=5 fix=True
17:18:50.437    ← RX  [RAW] 22 69 35 47 50 53 3A 33 36 2E 30 35 38 39 35 32 2C 2D 38 37 2E 33 38 34 30 32 34 2C 32 33 36 2E 39 2C 35 2C 31 2C 39 38 35 2E 34 37 2C 32 33 33 2E 39 2C 32 31 2E 34 35
17:18:50.440    ← RX  0x36 46  hwid=5047 seq=14931
17:18:50.444    GPS → lat=36.058952 lon=-87.384024 alt=236.9m baro=233.9m sats=5 fix=True
17:19:00.630    ← RX  [RAW] 22 69 35 47 50 53 3A 33 36 2E 30 35 38 39 32 30 2C 2D 38 37 2E 33 38 34 30 35 30 2C 32 34 39 2E 35 2C 35 2C 31 2C 39 38 35 2E 34 38 2C 32 33 33 2E 38 2C 32 31 2E 34 33
17:19:00.634    ← RX  0x36 46  hwid=5047 seq=14931
17:19:00.637    GPS → lat=36.058920 lon=-87.384050 alt=249.5m baro=233.8m sats=5 fix=True
17:19:07.374    [flush] discarded 18 stale packet(s)
17:19:07.377    → TX [0004]  [CUSTOM] PICO Beacon OFF  opcode=0x20
17:19:07.498    ← RX  [RAW] 22 69 10 04 00 27 00 01 10 42 45 41 43 4F 4E 3A 4F 46 46
17:19:07.501    ← RX  ack → "BEACON:OFF"  hwid=0004 seq=39
17:19:07.511    ← RX  ack → "BEACON:OFF"  hwid=0004 seq=39
17:19:07.528  ✓ ack → BEACON:OFF
17:19:21.520    → TX [0004]  [CUSTOM] PICO Read Temp  opcode=0x20  (seq=40)
17:19:21.645    ← RX  [RAW] 22 69 11 04 00 28 00 01 10 54 45 4D 50 3A 31 39 2E 30 39 43
17:19:21.648    ← RX  ack → "TEMP:19.09C"  hwid=0004 seq=40
17:19:21.653    ✓ ack → TEMP:19.09C
17:19:27.288  Files: requesting list from Pico...
17:19:43.566  Files: no response from Pico
17:27:41.799  SCK Ground Station ready.
17:27:41.828  Log folder: C:\Users\maxor\source\repos\2022_projects\OpenLST_GroundStation\bin\Release\net8.0-windows\Log
17:27:41.830  Flights folder: C:\Users\maxor\source\repos\2022_projects\OpenLST_GroundStation\bin\Release\net8.0-windows\Flights
17:27:44.122  Connected: COM5 @ 115200
17:27:51.805    ← RX  [RAW] 22 69 35 47 50 53 3A 33 36 2E 30 35 38 39 33 36 2C 2D 38 37 2E 33 38 34 30 37 30 2C 32 36 33 2E 37 2C 36 2C 31 2C 39 38 35 2E 34 31 2C 32 33 34 2E 34 2C 32 31 2E 34 35
17:27:51.812    ← RX  0x36 46  hwid=5047 seq=14931
17:27:51.818    GPS → lat=36.058936 lon=-87.384070 alt=263.7m baro=234.4m sats=6 fix=True
17:27:53.838    [flush] discarded 1 stale packet(s)
17:27:53.841    → TX [0004]  [CUSTOM] PICO Beacon OFF  opcode=0x20
17:27:53.962    ← RX  [RAW] 22 69 10 04 00 11 00 01 10 42 45 41 43 4F 4E 3A 4F 46 46
17:27:53.963    ← RX  ack → "BEACON:OFF"  hwid=0004 seq=17
17:27:53.966    ← RX  ack → "BEACON:OFF"  hwid=0004 seq=17
17:27:53.967  ✓ ack → BEACON:OFF
17:27:59.240  Files: requesting list from Pico...
17:27:59.438    ← RX  [RAW] 22 69 13 04 00 12 00 01 10 4C 49 53 54 3A 45 52 52 3A 46 41 49 4C
17:27:59.439    ← RX  ack → "LIST:ERR:FAIL"  hwid=0004 seq=18
17:27:59.449  Files: LIST:ERR:FAIL
17:28:10.662  Files: requesting list from Pico...
17:28:10.845    ← RX  [RAW] 22 69 13 04 00 13 00 01 10 4C 49 53 54 3A 45 52 52 3A 46 41 49 4C
17:28:10.846    ← RX  ack → "LIST:ERR:FAIL"  hwid=0004 seq=19
17:28:10.849  Files: LIST:ERR:FAIL
17:28:46.628    ← RX  [RAW] 22 69 35 47 50 53 3A 33 36 2E 30 35 38 38 38 34 2C 2D 38 37 2E 33 38 34 30 37 30 2C 32 35 37 2E 31 2C 36 2C 31 2C 39 38 35 2E 33 39 2C 32 33 34 2E 36 2C 32 31 2E 34 39
17:28:46.634    ← RX  0x36 46  hwid=5047 seq=14931
17:28:46.635    GPS → lat=36.058884 lon=-87.384070 alt=257.1m baro=234.6m sats=6 fix=True
17:28:46.759  Files: requesting list from Pico...
17:28:46.761    [flush] discarded 1 stale packet(s)
17:28:46.956    ← RX  [RAW] 22 69 13 04 00 14 00 01 10 4C 49 53 54 3A 45 52 52 3A 46 41 49 4C
17:28:46.958    ← RX  ack → "LIST:ERR:FAIL"  hwid=0004 seq=20
17:28:46.965  Files: LIST:ERR:FAIL
17:29:01.041    → TX [0004]  GET_GPS  (seq=21)
17:29:01.275    ← RX  [RAW] 22 69 3B 04 00 15 00 01 10 47 50 53 3A 33 36 2E 30 35 38 38 37 30 2C 2D 38 37 2E 33 38 34 30 38 30 2C 32 35 36 2E 33 2C 36 2C 31 2C 39 38 35 2E 34 31 2C 32 33 34 2E 34 2C 32 31 2E 34 37
17:29:01.277    ← RX  ack → "GPS:36.058870,-87.384080,256.3,6,1,985.41,234.4,21.47"  hwid=0004 seq=21
17:29:01.289    GPS → lat=36.058870 lon=-87.384080 alt=256.3m baro=234.4m sats=6 fix=True
17:29:01.298    GPS → lat=36.058870 lon=-87.384080 alt=256.3m baro=234.4m sats=6 fix=True
17:29:02.855    → TX [0004]  [CUSTOM] PICO Beacon ON  opcode=0x20
17:29:02.970    ← RX  [RAW] 22 69 0F 04 00 16 00 01 10 42 45 41 43 4F 4E 3A 4F 4E
17:29:02.973    ← RX  ack → "BEACON:ON"  hwid=0004 seq=22
17:29:02.982    ← RX  ack → "BEACON:ON"  hwid=0004 seq=22
17:29:02.987  ✓ ack → BEACON:ON
17:29:06.055    → TX [0004]  [CUSTOM] PICO Beacon OFF  opcode=0x20
17:29:06.170    ← RX  [RAW] 22 69 10 04 00 17 00 01 10 42 45 41 43 4F 4E 3A 4F 46 46
17:29:06.173    ← RX  ack → "BEACON:OFF"  hwid=0004 seq=23
17:29:06.181    ← RX  ack → "BEACON:OFF"  hwid=0004 seq=23
17:29:06.185  ✓ ack → BEACON:OFF
17:29:14.616  Files: requesting list from Pico...
17:29:14.810    ← RX  [RAW] 22 69 13 04 00 18 00 01 10 4C 49 53 54 3A 45 52 52 3A 46 41 49 4C
17:29:14.813    ← RX  ack → "LIST:ERR:FAIL"  hwid=0004 seq=24
17:29:14.818  Files: LIST:ERR:FAIL
17:30:23.851  Files: requesting list from Pico...
17:30:24.042    ← RX  [RAW] 22 69 13 04 00 19 00 01 10 4C 49 53 54 3A 45 52 52 3A 46 41 49 4C
17:30:24.044    ← RX  ack → "LIST:ERR:FAIL"  hwid=0004 seq=25
17:30:24.048  Files: LIST:ERR:FAIL
17:34:50.190    ← RX  [RAW] 22 69 1E 01 00 00 00 01 11 4F 70 65 6E 4C 53 54 20 42 4C 20 63 33 61 35 32 65 61 2D 64 69 72 74 79
17:34:50.193    ← RX  ascii 79  hwid=0001 seq=0
17:34:50.777    ← RX  [RAW] 22 69 1B 01 00 00 00 01 11 4F 70 65 6E 4C 53 54 20 31 64 33 61 62 65 33 2D 64 69 72 74 79
17:34:50.781    ← RX  ascii 79  hwid=0001 seq=0
17:44:50.857    ← RX  [RAW] 22 69 1E 01 00 00 00 01 11 4F 70 65 6E 4C 53 54 20 42 4C 20 63 33 61 35 32 65 61 2D 64 69 72 74 79
17:44:50.860    ← RX  ascii 79  hwid=0001 seq=0
17:44:51.445    ← RX  [RAW] 22 69 1B 01 00 00 00 01 11 4F 70 65 6E 4C 53 54 20 31 64 33 61 62 65 33 2D 64 69 72 74 79
17:44:51.447    ← RX  ascii 79  hwid=0001 seq=0
17:52:46.949    ← RX  [RAW] 22 69 30 47 50 53 3A 30 2E 30 30 30 30 30 30 2C 30 2E 30 30 30 30 30 30 2C 30 2E 30 2C 30 2C 30 2C 39 38 35 2E 37 35 2C 32 33 31 2E 35 2C 32 30 2E 36 35
17:52:46.955    ← RX  0x2E 48  hwid=5047 seq=14931
17:52:46.957    GPS blind — showing last known position
17:52:46.961    GPS → lat=36.058870 lon=-87.384080 alt=256.3m baro=231.5m sats=0 fix=False
17:52:57.121    ← RX  [RAW] 22 69 30 47 50 53 3A 30 2E 30 30 30 30 30 30 2C 30 2E 30 30 30 30 30 30 2C 30 2E 30 2C 30 2C 30 2C 39 38 35 2E 37 38 2C 32 33 31 2E 33 2C 32 30 2E 36 36
17:52:57.124    ← RX  0x2E 48  hwid=5047 seq=14931
17:52:57.126    GPS blind — showing last known position
17:52:57.129    GPS → lat=36.058870 lon=-87.384080 alt=256.3m baro=231.3m sats=0 fix=False
17:53:14.193    ← RX  [RAW] 22 69 30 47 50 53 3A 30 2E 30 30 30 30 30 30 2C 30 2E 30 30 30 30 30 30 2C 30 2E 30 2C 30 2C 30 2C 39 38 35 2E 37 35 2C 32 33 31 2E 35 2C 32 30 2E 36 36
17:53:14.196    ← RX  0x2E 48  hwid=5047 seq=14931
17:53:14.198    GPS blind — showing last known position
17:53:14.201    GPS → lat=36.058870 lon=-87.384080 alt=256.3m baro=231.5m sats=0 fix=False
17:53:24.353    ← RX  [RAW] 22 69 30 47 50 53 3A 30 2E 30 30 30 30 30 30 2C 30 2E 30 30 30 30 30 30 2C 30 2E 30 2C 30 2C 30 2C 39 38 35 2E 37 36 2C 32 33 31 2E 34 2C 32 30 2E 36 39
17:53:24.356    ← RX  0x2E 48  hwid=5047 seq=14931
17:53:24.358    GPS blind — showing last known position
17:53:24.361    GPS → lat=36.058870 lon=-87.384080 alt=256.3m baro=231.4m sats=0 fix=False
17:53:34.529    ← RX  [RAW] 22 69 30 47 50 53 3A 30 2E 30 30 30 30 30 30 2C 30 2E 30 30 30 30 30 30 2C 30 2E 30 2C 30 2C 30 2C 39 38 35 2E 37 37 2C 32 33 31 2E 34 2C 32 30 2E 37 33
17:53:34.539    ← RX  0x2E 48  hwid=5047 seq=14931
17:53:34.542    GPS blind — showing last known position
17:53:34.545    GPS → lat=36.058870 lon=-87.384080 alt=256.3m baro=231.4m sats=0 fix=False
17:53:49.901  Files: requesting list from Pico...
17:53:49.903    [flush] discarded 9 stale packet(s)
17:53:50.087    ← RX  [RAW] 22 69 13 04 00 1A 00 01 10 4C 49 53 54 3A 45 52 52 3A 46 41 49 4C
17:53:50.089    ← RX  ack → "LIST:ERR:FAIL"  hwid=0004 seq=26
17:53:50.094  Files: LIST:ERR:FAIL
17:53:52.246  Files: requesting list from Pico...
17:53:52.423    ← RX  [RAW] 22 69 13 04 00 1B 00 01 10 4C 49 53 54 3A 45 52 52 3A 46 41 49 4C
17:53:52.426    ← RX  ack → "LIST:ERR:FAIL"  hwid=0004 seq=27
17:53:52.429  Files: LIST:ERR:FAIL
17:53:54.605  Files: requesting list from Pico...
17:53:54.791    ← RX  [RAW] 22 69 13 04 00 1C 00 01 10 4C 49 53 54 3A 45 52 52 3A 46 41 49 4C
17:53:54.793    ← RX  ack → "LIST:ERR:FAIL"  hwid=0004 seq=28
17:53:54.796  Files: LIST:ERR:FAIL
17:53:59.862    ← RX  [RAW] 22 69 30 47 50 53 3A 30 2E 30 30 30 30 30 30 2C 30 2E 30 30 30 30 30 30 2C 30 2E 30 2C 30 2C 30 2C 39 38 35 2E 37 39 2C 32 33 31 2E 32 2C 32 30 2E 37 34
17:53:59.865    ← RX  0x2E 48  hwid=5047 seq=14931
17:53:59.868    GPS blind — showing last known position
17:53:59.870    GPS → lat=36.058870 lon=-87.384080 alt=256.3m baro=231.2m sats=0 fix=False
17:54:10.055    ← RX  [RAW] 22 69 30 47 50 53 3A 30 2E 30 30 30 30 30 30 2C 30 2E 30 30 30 30 30 30 2C 30 2E 30 2C 30 2C 30 2C 39 38 35 2E 37 39 2C 32 33 31 2E 32 2C 32 30 2E 37 31
17:54:10.058    ← RX  0x2E 48  hwid=5047 seq=14931
17:54:10.060    GPS blind — showing last known position
17:54:10.063    GPS → lat=36.058870 lon=-87.384080 alt=256.3m baro=231.2m sats=0 fix=False
17:54:37.174  Files: requesting list from Pico...
17:54:37.176    [flush] discarded 2 stale packet(s)
17:54:37.358    ← RX  [RAW] 22 69 13 04 00 1D 00 01 10 4C 49 53 54 3A 45 52 52 3A 46 41 49 4C
17:54:37.361    ← RX  ack → "LIST:ERR:FAIL"  hwid=0004 seq=29
17:54:37.364  Files: LIST:ERR:FAIL
17:54:40.966  Files: requesting list from Pico...
17:54:41.142    ← RX  [RAW] 22 69 13 04 00 1E 00 01 10 4C 49 53 54 3A 45 52 52 3A 46 41 49 4C
17:54:41.146    ← RX  ack → "LIST:ERR:FAIL"  hwid=0004 seq=30
17:54:41.149  Files: LIST:ERR:FAIL
17:54:44.774  Files: requesting list from Pico...
17:54:44.950    ← RX  [RAW] 22 69 13 04 00 1F 00 01 10 4C 49 53 54 3A 45 52 52 3A 46 41 49 4C
17:54:44.953    ← RX  ack → "LIST:ERR:FAIL"  hwid=0004 seq=31
17:54:44.956  Files: LIST:ERR:FAIL
17:54:50.525    ← RX  [RAW] 22 69 30 47 50 53 3A 30 2E 30 30 30 30 30 30 2C 30 2E 30 30 30 30 30 30 2C 30 2E 30 2C 30 2C 30 2C 39 38 35 2E 38 32 2C 32 33 30 2E 39 2C 32 30 2E 37 37
17:54:50.530    ← RX  0x2E 48  hwid=5047 seq=14931
17:54:50.535    GPS blind — showing last known position
17:54:50.541    GPS → lat=36.058870 lon=-87.384080 alt=256.3m baro=230.9m sats=0 fix=False
17:54:51.510    ← RX  [RAW] 22 69 1E 01 00 00 00 01 11 4F 70 65 6E 4C 53 54 20 42 4C 20 63 33 61 35 32 65 61 2D 64 69 72 74 79
17:54:51.513    ← RX  ascii 79  hwid=0001 seq=0
17:54:52.118    ← RX  [RAW] 22 69 1B 01 00 00 00 01 11 4F 70 65 6E 4C 53 54 20 31 64 33 61 62 65 33 2D 64 69 72 74 79
17:54:52.121    ← RX  ascii 79  hwid=0001 seq=0
17:54:53.766  Files: requesting list from Pico...
17:54:53.769    [flush] discarded 3 stale packet(s)
17:54:53.990    ← RX  [RAW] 22 69 13 04 00 20 00 01 10 4C 49 53 54 3A 45 52 52 3A 46 41 49 4C
17:54:53.993    ← RX  ack → "LIST:ERR:FAIL"  hwid=0004 seq=32
17:54:53.996  Files: LIST:ERR:FAIL
17:55:14.266    ← RX  [RAW] 22 69 30 47 50 53 3A 30 2E 30 30 30 30 30 30 2C 30 2E 30 30 30 30 30 30 2C 30 2E 30 2C 30 2C 30 2C 39 38 35 2E 38 31 2C 32 33 31 2E 30 2C 32 30 2E 37 37
17:55:14.272    ← RX  0x2E 48  hwid=5047 seq=14931
17:55:14.274    GPS blind — showing last known position
17:55:14.277    GPS → lat=36.058870 lon=-87.384080 alt=256.3m baro=231.0m sats=0 fix=False
17:55:24.422    ← RX  [RAW] 22 69 30 47 50 53 3A 30 2E 30 30 30 30 30 30 2C 30 2E 30 30 30 30 30 30 2C 30 2E 30 2C 30 2C 30 2C 39 38 35 2E 38 33 2C 32 33 30 2E 38 2C 32 30 2E 37 35
17:55:24.425    ← RX  0x2E 48  hwid=5047 seq=14931
17:55:24.428    GPS blind — showing last known position
17:55:24.430    GPS → lat=36.058870 lon=-87.384080 alt=256.3m baro=230.8m sats=0 fix=False
17:55:34.598    ← RX  [RAW] 22 69 30 47 50 53 3A 30 2E 30 30 30 30 30 30 2C 30 2E 30 30 30 30 30 30 2C 30 2E 30 2C 30 2C 30 2C 39 38 35 2E 38 34 2C 32 33 30 2E 37 2C 32 30 2E 37 34
17:55:34.601    ← RX  0x2E 48  hwid=5047 seq=14931
17:55:34.603    GPS blind — showing last known position
17:55:34.606    GPS → lat=36.058870 lon=-87.384080 alt=256.3m baro=230.7m sats=0 fix=False
17:55:44.773    ← RX  [RAW] 22 69 30 47 50 53 3A 30 2E 30 30 30 30 30 30 2C 30 2E 30 30 30 30 30 30 2C 30 2E 30 2C 30 2C 30 2C 39 38 35 2E 38 33 2C 32 33 30 2E 38 2C 32 30 2E 37 33
17:55:44.777    ← RX  0x2E 48  hwid=5047 seq=14931
17:55:44.781    GPS blind — showing last known position
17:55:44.784    GPS → lat=36.058870 lon=-87.384080 alt=256.3m baro=230.8m sats=0 fix=False
17:55:54.934    ← RX  [RAW] 22 69 30 47 50 53 3A 30 2E 30 30 30 30 30 30 2C 30 2E 30 30 30 30 30 30 2C 30 2E 30 2C 30 2C 30 2C 39 38 35 2E 38 33 2C 32 33 30 2E 39 2C 32 30 2E 37 32
17:55:54.937    ← RX  0x2E 48  hwid=5047 seq=14931
17:55:54.940    GPS blind — showing last known position
17:55:54.942    GPS → lat=36.058870 lon=-87.384080 alt=256.3m baro=230.9m sats=0 fix=False
17:56:05.125    ← RX  [RAW] 22 69 35 47 50 53 3A 33 36 2E 30 35 38 32 38 30 2C 2D 38 37 2E 33 38 34 31 30 30 2C 31 39 32 2E 30 2C 33 2C 31 2C 39 38 35 2E 38 33 2C 32 33 30 2E 38 2C 32 30 2E 36 39
17:56:05.129    ← RX  0x36 46  hwid=5047 seq=14931
17:56:05.132    GPS → lat=36.058280 lon=-87.384100 alt=192.0m baro=230.8m sats=3 fix=True
17:56:15.301    ← RX  [RAW] 22 69 35 47 50 53 3A 33 36 2E 30 35 38 32 36 34 2C 2D 38 37 2E 33 38 34 31 32 30 2C 31 39 32 2E 38 2C 33 2C 31 2C 39 38 35 2E 38 35 2C 32 33 30 2E 36 2C 32 30 2E 36 37
17:56:15.304    ← RX  0x36 46  hwid=5047 seq=14931
17:56:15.308    GPS → lat=36.058264 lon=-87.384120 alt=192.8m baro=230.6m sats=3 fix=True
17:56:25.493    ← RX  [RAW] 22 69 35 47 50 53 3A 33 36 2E 30 35 38 32 36 34 2C 2D 38 37 2E 33 38 34 31 33 32 2C 31 39 31 2E 39 2C 33 2C 31 2C 39 38 35 2E 38 35 2C 32 33 30 2E 36 2C 32 30 2E 36 34
17:56:25.497    ← RX  0x36 46  hwid=5047 seq=14931
17:56:25.500    GPS → lat=36.058264 lon=-87.384132 alt=191.9m baro=230.6m sats=3 fix=True
17:56:35.717    ← RX  [RAW] 22 69 35 47 50 53 3A 33 36 2E 30 35 38 32 35 30 2C 2D 38 37 2E 33 38 34 31 33 32 2C 31 39 31 2E 32 2C 33 2C 31 2C 39 38 35 2E 38 35 2C 32 33 30 2E 36 2C 32 30 2E 36 31
17:56:35.720    ← RX  0x36 46  hwid=5047 seq=14931
17:56:35.723    GPS → lat=36.058250 lon=-87.384132 alt=191.2m baro=230.6m sats=3 fix=True
17:56:45.926    ← RX  [RAW] 22 69 35 47 50 53 3A 33 36 2E 30 35 38 32 35 36 2C 2D 38 37 2E 33 38 34 31 31 30 2C 31 39 31 2E 33 2C 33 2C 31 2C 39 38 35 2E 38 37 2C 32 33 30 2E 35 2C 32 30 2E 36 32
17:56:45.929    ← RX  0x36 46  hwid=5047 seq=14931
17:56:45.933    GPS → lat=36.058256 lon=-87.384110 alt=191.3m baro=230.5m sats=3 fix=True
17:56:56.102    ← RX  [RAW] 22 69 35 47 50 53 3A 33 36 2E 30 35 38 32 34 38 2C 2D 38 37 2E 33 38 34 31 31 30 2C 31 39 32 2E 32 2C 33 2C 31 2C 39 38 35 2E 38 36 2C 32 33 30 2E 35 2C 32 30 2E 36 31
17:56:56.105    ← RX  0x36 46  hwid=5047 seq=14931
17:56:56.107    GPS → lat=36.058248 lon=-87.384110 alt=192.2m baro=230.5m sats=3 fix=True
17:56:57.697    [flush] discarded 11 stale packet(s)
17:56:57.701    → TX [0004]  [CUSTOM] PICO Beacon ON  opcode=0x20
17:56:57.813    ← RX  [RAW] 22 69 0F 04 00 21 00 01 10 42 45 41 43 4F 4E 3A 4F 4E
17:56:57.816    ← RX  ack → "BEACON:ON"  hwid=0004 seq=33
17:56:57.820    ← RX  ack → "BEACON:ON"  hwid=0004 seq=33
17:56:57.822  ✓ ack → BEACON:ON
17:57:00.089    → TX [0004]  [CUSTOM] PICO Beacon OFF  opcode=0x20
17:57:00.213    ← RX  [RAW] 22 69 10 04 00 22 00 01 10 42 45 41 43 4F 4E 3A 4F 46 46
17:57:00.216    ← RX  ack → "BEACON:OFF"  hwid=0004 seq=34
17:57:00.232    ← RX  ack → "BEACON:OFF"  hwid=0004 seq=34
17:57:00.235  ✓ ack → BEACON:OFF
18:00:09.494  Files: requesting list from Pico...
18:00:09.675    ← RX  [RAW] 22 69 13 04 00 23 00 01 10 4C 49 53 54 3A 45 52 52 3A 46 41 49 4C
18:00:09.676    ← RX  ack → "LIST:ERR:FAIL"  hwid=0004 seq=35
18:00:09.681  Files: LIST:ERR:FAIL
18:00:24.646    → TX [0004]  [CUSTOM] PICO Beacon ON  opcode=0x20
18:00:24.771    ← RX  [RAW] 22 69 0F 04 00 24 00 01 10 42 45 41 43 4F 4E 3A 4F 4E
18:00:24.773    ← RX  ack → "BEACON:ON"  hwid=0004 seq=36
18:00:24.782    ← RX  ack → "BEACON:ON"  hwid=0004 seq=36
18:00:24.783  ✓ ack → BEACON:ON
18:00:25.998    → TX [0004]  [CUSTOM] PICO Beacon OFF  opcode=0x20
18:00:26.119    ← RX  [RAW] 22 69 10 04 00 25 00 01 10 42 45 41 43 4F 4E 3A 4F 46 46
18:00:26.124    ← RX  ack → "BEACON:OFF"  hwid=0004 seq=37
18:00:26.133    ← RX  ack → "BEACON:OFF"  hwid=0004 seq=37
18:00:26.135  ✓ ack → BEACON:OFF
18:01:45.744  Files: requesting list from Pico...
18:01:45.923    ← RX  [RAW] 22 69 13 04 00 26 00 01 10 4C 49 53 54 3A 45 52 52 3A 46 41 49 4C
18:01:45.924    ← RX  ack → "LIST:ERR:FAIL"  hwid=0004 seq=38
18:01:45.933  Files: LIST:ERR:FAIL
18:01:51.010    ← RX  [RAW] 22 69 35 47 50 53 3A 33 36 2E 30 35 38 38 32 30 2C 2D 38 37 2E 33 38 34 30 34 30 2C 32 35 37 2E 39 2C 36 2C 31 2C 39 38 35 2E 37 38 2C 32 33 31 2E 32 2C 32 30 2E 37 36
18:01:51.012    ← RX  0x36 46  hwid=5047 seq=14931
18:01:51.013    GPS → lat=36.058820 lon=-87.384040 alt=257.9m baro=231.2m sats=6 fix=True
18:02:01.202    ← RX  [RAW] 22 69 35 47 50 53 3A 33 36 2E 30 35 38 38 30 38 2C 2D 38 37 2E 33 38 34 30 34 30 2C 32 35 39 2E 36 2C 36 2C 31 2C 39 38 35 2E 37 38 2C 32 33 31 2E 33 2C 32 30 2E 37 32
18:02:01.204    ← RX  0x36 46  hwid=5047 seq=14931
18:02:01.206    GPS → lat=36.058808 lon=-87.384040 alt=259.6m baro=231.3m sats=6 fix=True
18:02:11.378    ← RX  [RAW] 22 69 35 47 50 53 3A 33 36 2E 30 35 38 38 32 30 2C 2D 38 37 2E 33 38 34 30 32 34 2C 32 36 33 2E 37 2C 37 2C 31 2C 39 38 35 2E 37 38 2C 32 33 31 2E 32 2C 32 30 2E 36 37
18:02:11.380    ← RX  0x36 46  hwid=5047 seq=14931
18:02:11.381    GPS → lat=36.058820 lon=-87.384024 alt=263.7m baro=231.2m sats=7 fix=True
18:02:21.554    ← RX  [RAW] 22 69 35 47 50 53 3A 33 36 2E 30 35 38 38 32 34 2C 2D 38 37 2E 33 38 34 30 32 34 2C 32 36 33 2E 38 2C 37 2C 31 2C 39 38 35 2E 37 38 2C 32 33 31 2E 33 2C 32 30 2E 36 35
18:02:21.556    ← RX  0x36 46  hwid=5047 seq=14931
18:02:21.558    GPS → lat=36.058824 lon=-87.384024 alt=263.8m baro=231.3m sats=7 fix=True
18:03:36.466  Files: requesting list from Pico...
18:03:36.469    [flush] discarded 4 stale packet(s)
18:03:36.646    ← RX  [RAW] 22 69 13 04 00 27 00 01 10 4C 49 53 54 3A 45 52 52 3A 46 41 49 4C
18:03:36.653    ← RX  ack → "LIST:ERR:FAIL"  hwid=0004 seq=39
18:03:36.655  Files: LIST:ERR:FAIL
18:03:41.729    ← RX  [RAW] 22 69 35 47 50 53 3A 33 36 2E 30 35 38 38 35 30 2C 2D 38 37 2E 33 38 34 30 35 30 2C 32 35 34 2E 34 2C 38 2C 31 2C 39 38 35 2E 38 30 2C 32 33 31 2E 31 2C 32 30 2E 35 38
18:03:41.732    ← RX  0x36 46  hwid=5047 seq=14931
18:03:41.735    GPS → lat=36.058850 lon=-87.384050 alt=254.4m baro=231.1m sats=8 fix=True
18:03:51.921    ← RX  [RAW] 22 69 35 47 50 53 3A 33 36 2E 30 35 38 38 34 34 2C 2D 38 37 2E 33 38 34 30 34 30 2C 32 35 33 2E 36 2C 38 2C 31 2C 39 38 35 2E 38 32 2C 32 33 30 2E 39 2C 32 30 2E 35 39
18:03:51.924    ← RX  0x36 46  hwid=5047 seq=14931
18:03:51.926    GPS → lat=36.058844 lon=-87.384040 alt=253.6m baro=230.9m sats=8 fix=True
18:04:02.096    ← RX  [RAW] 22 69 35 47 50 53 3A 33 36 2E 30 35 38 38 32 38 2C 2D 38 37 2E 33 38 34 30 34 30 2C 32 35 32 2E 32 2C 38 2C 31 2C 39 38 35 2E 38 30 2C 32 33 31 2E 30 2C 32 30 2E 35 38
18:04:02.100    ← RX  0x36 46  hwid=5047 seq=14931
18:04:02.104    GPS → lat=36.058828 lon=-87.384040 alt=252.2m baro=231.0m sats=8 fix=True
18:04:12.272    ← RX  [RAW] 22 69 35 47 50 53 3A 33 36 2E 30 35 38 38 32 30 2C 2D 38 37 2E 33 38 34 30 34 30 2C 32 35 31 2E 39 2C 37 2C 31 2C 39 38 35 2E 38 30 2C 32 33 31 2E 31 2C 32 30 2E 35 39
18:04:12.275    ← RX  0x36 46  hwid=5047 seq=14931
18:04:12.278    GPS → lat=36.058820 lon=-87.384040 alt=251.9m baro=231.1m sats=7 fix=True
18:04:22.464    ← RX  [RAW] 22 69 35 47 50 53 3A 33 36 2E 30 35 38 38 32 38 2C 2D 38 37 2E 33 38 34 30 34 30 2C 32 35 30 2E 33 2C 38 2C 31 2C 39 38 35 2E 38 30 2C 32 33 31 2E 31 2C 32 30 2E 36 30
18:04:22.468    ← RX  0x36 46  hwid=5047 seq=14931
18:04:22.471    GPS → lat=36.058828 lon=-87.384040 alt=250.3m baro=231.1m sats=8 fix=True
18:04:32.640    ← RX  [RAW] 22 69 35 47 50 53 3A 33 36 2E 30 35 38 38 33 36 2C 2D 38 37 2E 33 38 34 30 33 30 2C 32 35 30 2E 34 2C 38 2C 31 2C 39 38 35 2E 38 31 2C 32 33 31 2E 30 2C 32 30 2E 36 30
18:04:32.653    ← RX  0x36 46  hwid=5047 seq=14931
18:04:32.657    GPS → lat=36.058836 lon=-87.384030 alt=250.4m baro=231.0m sats=8 fix=True
18:04:42.816    ← RX  [RAW] 22 69 35 47 50 53 3A 33 36 2E 30 35 38 38 34 30 2C 2D 38 37 2E 33 38 34 30 33 30 2C 32 34 39 2E 30 2C 38 2C 31 2C 39 38 35 2E 38 30 2C 32 33 31 2E 30 2C 32 30 2E 35 39
18:04:42.820    ← RX  0x36 46  hwid=5047 seq=14931
18:04:42.822    GPS → lat=36.058840 lon=-87.384030 alt=249.0m baro=231.0m sats=8 fix=True
18:04:52.192    ← RX  [RAW] 22 69 1E 01 00 00 00 01 11 4F 70 65 6E 4C 53 54 20 42 4C 20 63 33 61 35 32 65 61 2D 64 69 72 74 79
18:04:52.195    ← RX  ascii 79  hwid=0001 seq=0
18:04:53.008    ← RX  [RAW] 22 69 35 47 50 53 3A 33 36 2E 30 35 38 38 34 30 2C 2D 38 37 2E 33 38 34 30 34 30 2C 32 34 37 2E 30 2C 38 2C 31 2C 39 38 35 2E 38 31 2C 32 33 31 2E 30 2C 32 30 2E 35 36
18:04:53.011    ← RX  0x36 46  hwid=5047 seq=14931
18:04:53.013    GPS → lat=36.058840 lon=-87.384040 alt=247.0m baro=231.0m sats=8 fix=True
18:05:03.184    ← RX  [RAW] 22 69 35 47 50 53 3A 33 36 2E 30 35 38 38 34 34 2C 2D 38 37 2E 33 38 34 30 33 30 2C 32 34 37 2E 38 2C 38 2C 31 2C 39 38 35 2E 38 32 2C 32 33 30 2E 39 2C 32 30 2E 35 34
18:05:03.190    ← RX  0x36 46  hwid=5047 seq=14931
18:05:03.193    GPS → lat=36.058844 lon=-87.384030 alt=247.8m baro=230.9m sats=8 fix=True
18:05:13.360    ← RX  [RAW] 22 69 35 47 50 53 3A 33 36 2E 30 35 38 38 34 34 2C 2D 38 37 2E 33 38 34 30 34 30 2C 32 35 30 2E 36 2C 38 2C 31 2C 39 38 35 2E 38 32 2C 32 33 30 2E 39 2C 32 30 2E 35 34
18:05:13.363    ← RX  0x36 46  hwid=5047 seq=14931
18:05:13.366    GPS → lat=36.058844 lon=-87.384040 alt=250.6m baro=230.9m sats=8 fix=True
18:05:23.567    ← RX  [RAW] 22 69 35 47 50 53 3A 33 36 2E 30 35 38 38 34 34 2C 2D 38 37 2E 33 38 34 30 34 30 2C 32 35 32 2E 34 2C 38 2C 31 2C 39 38 35 2E 38 32 2C 32 33 30 2E 39 2C 32 30 2E 35 33
18:05:23.580    ← RX  0x36 46  hwid=5047 seq=14931
18:05:23.583    GPS → lat=36.058844 lon=-87.384040 alt=252.4m baro=230.9m sats=8 fix=True
18:05:33.776    ← RX  [RAW] 22 69 35 47 50 53 3A 33 36 2E 30 35 38 38 34 34 2C 2D 38 37 2E 33 38 34 30 35 30 2C 32 35 34 2E 39 2C 38 2C 31 2C 39 38 35 2E 38 32 2C 32 33 30 2E 39 2C 32 30 2E 35 33
18:05:33.779    ← RX  0x36 46  hwid=5047 seq=14931
18:05:33.781    GPS → lat=36.058844 lon=-87.384050 alt=254.9m baro=230.9m sats=8 fix=True
18:05:43.951    ← RX  [RAW] 22 69 35 47 50 53 3A 33 36 2E 30 35 38 38 34 34 2C 2D 38 37 2E 33 38 34 30 35 36 2C 32 35 34 2E 37 2C 38 2C 31 2C 39 38 35 2E 38 32 2C 32 33 30 2E 39 2C 32 30 2E 35 31
18:05:43.962    ← RX  0x36 46  hwid=5047 seq=14931
18:05:43.965    GPS → lat=36.058844 lon=-87.384056 alt=254.7m baro=230.9m sats=8 fix=True
18:08:11.041    ← RX  [RAW] 22 69 35 47 50 53 3A 33 36 2E 30 35 38 38 32 34 2C 2D 38 37 2E 33 38 34 30 36 30 2C 32 35 30 2E 33 2C 38 2C 31 2C 39 38 35 2E 38 34 2C 32 33 30 2E 38 2C 32 30 2E 33 31
18:08:11.044    ← RX  0x36 46  hwid=5047 seq=14931
18:08:11.048    GPS → lat=36.058824 lon=-87.384060 alt=250.3m baro=230.8m sats=8 fix=True
18:10:19.906  Files: requesting list from Pico...
18:10:19.908    [flush] discarded 15 stale packet(s)
18:10:20.084    ← RX  [RAW] 22 69 1C 04 00 28 00 01 10 4C 49 53 54 3A 46 4C 54 2D 30 30 31 2E 73 63 6B 66 6C 69 67 68 74
18:10:20.090    ← RX  ack → "LIST:FLT-001.sckflight"  hwid=0004 seq=40
18:10:20.103  Files: 1 file(s) on SD card
18:10:25.455    ← RX  [RAW] 22 69 35 47 50 53 3A 33 36 2E 30 35 38 38 35 30 2C 2D 38 37 2E 33 38 34 30 38 30 2C 32 35 36 2E 33 2C 38 2C 31 2C 39 38 35 2E 38 37 2C 32 33 30 2E 35 2C 32 30 2E 32 36
18:10:25.458    ← RX  0x36 46  hwid=5047 seq=14931
18:10:25.460    GPS → lat=36.058850 lon=-87.384080 alt=256.3m baro=230.5m sats=8 fix=True
18:10:35.647    ← RX  [RAW] 22 69 35 47 50 53 3A 33 36 2E 30 35 38 38 35 36 2C 2D 38 37 2E 33 38 34 30 39 30 2C 32 35 37 2E 33 2C 38 2C 31 2C 39 38 35 2E 38 36 2C 32 33 30 2E 36 2C 32 30 2E 32 33
18:10:35.650    ← RX  0x36 46  hwid=5047 seq=14931
18:10:35.653    GPS → lat=36.058856 lon=-87.384090 alt=257.3m baro=230.6m sats=8 fix=True
18:10:36.321    [flush] discarded 2 stale packet(s)
18:10:36.324    → TX [0004]  [CUSTOM] PICO Beacon ON  opcode=0x20
18:10:36.447    ← RX  [RAW] 22 69 0F 04 00 29 00 01 10 42 45 41 43 4F 4E 3A 4F 4E
18:10:36.449    ← RX  ack → "BEACON:ON"  hwid=0004 seq=41
18:10:36.454    ← RX  ack → "BEACON:ON"  hwid=0004 seq=41
18:10:36.456  ✓ ack → BEACON:ON
18:10:46.703    ← RX  [RAW] 22 69 35 47 50 53 3A 33 36 2E 30 35 38 38 37 30 2C 2D 38 37 2E 33 38 34 31 30 30 2C 32 35 38 2E 35 2C 37 2C 31 2C 39 38 35 2E 38 35 2C 32 33 30 2E 37 2C 32 30 2E 32 32
18:10:46.706    ← RX  0x36 46  hwid=5047 seq=14931
18:10:46.709    GPS → lat=36.058870 lon=-87.384100 alt=258.5m baro=230.7m sats=7 fix=True
18:10:52.950    [flush] discarded 1 stale packet(s)
18:10:52.952    → TX [0004]  [CUSTOM] PICO Snap  opcode=0x20  (seq=42)
18:10:59.166    ← RX  [RAW] 22 69 35 47 50 53 3A 33 36 2E 30 35 38 38 37 32 2C 2D 38 37 2E 33 38 34 31 32 30 2C 32 36 30 2E 36 2C 38 2C 31 2C 39 38 35 2E 38 35 2C 32 33 30 2E 36 2C 32 30 2E 31 39
18:10:59.169    ← RX  0x36 46  hwid=5047 seq=14931
18:10:59.173    GPS → lat=36.058872 lon=-87.384120 alt=260.6m baro=230.6m sats=8 fix=True
18:10:59.188    [discard] hwid=5047 seq=14931 op=0x36
18:11:07.771  Files: requesting list from Pico...
18:11:07.950    ← RX  [RAW] 22 69 1C 04 00 2B 00 01 10 4C 49 53 54 3A 46 4C 54 2D 30 30 31 2E 73 63 6B 66 6C 69 67 68 74
18:11:07.953    ← RX  ack → "LIST:FLT-001.sckflight"  hwid=0004 seq=43
18:11:07.957    [discard] hwid=0004 seq=43 op=ack
18:11:13.343    ← RX  [RAW] 22 69 35 47 50 53 3A 33 36 2E 30 35 38 38 35 36 2C 2D 38 37 2E 33 38 34 31 30 30 2C 32 35 39 2E 35 2C 38 2C 31 2C 39 38 35 2E 38 34 2C 32 33 30 2E 37 2C 32 30 2E 31 39
18:11:13.345    ← RX  0x36 46  hwid=5047 seq=14931
18:11:13.348    GPS → lat=36.058856 lon=-87.384100 alt=259.5m baro=230.7m sats=8 fix=True
18:11:13.353    [discard] hwid=5047 seq=14931 op=0x36
18:11:15.467  Files: requesting list from Pico...
18:11:15.647    ← RX  [RAW] 22 69 1C 04 00 2C 00 01 10 4C 49 53 54 3A 46 4C 54 2D 30 30 31 2E 73 63 6B 66 6C 69 67 68 74
18:11:15.649    ← RX  ack → "LIST:FLT-001.sckflight"  hwid=0004 seq=44
18:11:15.654  Files: 1 file(s) on SD card
18:11:16.304  Files: no response from Pico
18:11:18.401    ✗ No reply
18:11:21.331  Files: requesting list from Pico...
18:11:21.487  Files: 1 file(s) on SD card
18:11:21.490    ← RX  [RAW] 22 69 1C 04 00 2D 00 01 10 4C 49 53 54 3A 46 4C 54 2D 30 30 31 2E 73 63 6B 66 6C 69 67 68 74
18:11:21.492    ← RX  ack → "LIST:FLT-001.sckflight"  hwid=0004 seq=45
18:11:26.863    ← RX  [RAW] 22 69 35 47 50 53 3A 33 36 2E 30 35 38 38 35 36 2C 2D 38 37 2E 33 38 34 30 39 32 2C 32 36 30 2E 30 2C 38 2C 31 2C 39 38 35 2E 38 35 2C 32 33 30 2E 36 2C 32 30 2E 32 30
18:11:26.866    ← RX  0x36 46  hwid=5047 seq=14931
18:11:26.868    GPS → lat=36.058856 lon=-87.384092 alt=260.0m baro=230.6m sats=8 fix=True
18:11:34.891    [flush] discarded 1 stale packet(s)
18:11:34.894    → TX [0004]  [CUSTOM] PICO Snap  opcode=0x20  (seq=46)
18:11:35.247    ← RX  [RAW] 22 69 23 04 00 2E 00 01 10 53 4E 41 50 3A 45 52 52 3A 49 6E 76 61 6C 69 64 20 46 49 46 4F 3A 20 37 36 30 32 30 36
18:11:35.250    ← RX  ack → "SNAP:ERR:Invalid FIFO: 760206"  hwid=0004 seq=46
18:11:35.271    ✓ ack → SNAP:ERR:Invalid FIFO: 760206
18:11:40.287    ← RX  [RAW] 22 69 35 47 50 53 3A 33 36 2E 30 35 38 38 37 32 2C 2D 38 37 2E 33 38 34 30 38 30 2C 32 35 39 2E 33 2C 38 2C 31 2C 39 38 35 2E 38 35 2C 32 33 30 2E 37 2C 32 30 2E 31 39
18:11:40.295    ← RX  0x36 46  hwid=5047 seq=14931
18:11:40.302    GPS → lat=36.058872 lon=-87.384080 alt=259.3m baro=230.7m sats=8 fix=True
18:11:50.479    ← RX  [RAW] 22 69 35 47 50 53 3A 33 36 2E 30 35 38 39 30 34 2C 2D 38 37 2E 33 38 34 30 35 36 2C 32 35 39 2E 30 2C 38 2C 31 2C 39 38 35 2E 38 34 2C 32 33 30 2E 37 2C 32 30 2E 31 38
18:11:50.490    ← RX  0x36 46  hwid=5047 seq=14931
18:11:50.496    GPS → lat=36.058904 lon=-87.384056 alt=259.0m baro=230.7m sats=8 fix=True
18:12:00.654    ← RX  [RAW] 22 69 35 47 50 53 3A 33 36 2E 30 35 38 39 30 34 2C 2D 38 37 2E 33 38 34 30 35 36 2C 32 35 38 2E 38 2C 38 2C 31 2C 39 38 35 2E 38 34 2C 32 33 30 2E 38 2C 32 30 2E 31 39
18:12:00.665    ← RX  0x36 46  hwid=5047 seq=14931
18:12:00.668    GPS → lat=36.058904 lon=-87.384056 alt=258.8m baro=230.8m sats=8 fix=True
18:12:10.831    ← RX  [RAW] 22 69 35 47 50 53 3A 33 36 2E 30 35 38 38 39 30 2C 2D 38 37 2E 33 38 34 30 35 30 2C 32 35 37 2E 32 2C 38 2C 31 2C 39 38 35 2E 38 35 2C 32 33 30 2E 37 2C 32 30 2E 32 30
18:12:10.833    ← RX  0x36 46  hwid=5047 seq=14931
18:12:10.835    GPS → lat=36.058890 lon=-87.384050 alt=257.2m baro=230.7m sats=8 fix=True
18:12:21.054    ← RX  [RAW] 22 69 35 47 50 53 3A 33 36 2E 30 35 38 38 38 34 2C 2D 38 37 2E 33 38 34 30 34 30 2C 32 35 35 2E 32 2C 38 2C 31 2C 39 38 35 2E 38 35 2C 32 33 30 2E 37 2C 32 30 2E 31 39
18:12:21.057    ← RX  0x36 46  hwid=5047 seq=14931
18:12:21.060    GPS → lat=36.058884 lon=-87.384040 alt=255.2m baro=230.7m sats=8 fix=True
18:12:31.262    ← RX  [RAW] 22 69 35 47 50 53 3A 33 36 2E 30 35 38 38 38 30 2C 2D 38 37 2E 33 38 34 30 34 30 2C 32 35 34 2E 38 2C 38 2C 31 2C 39 38 35 2E 38 36 2C 32 33 30 2E 36 2C 32 30 2E 31 38
18:12:31.265    ← RX  0x36 46  hwid=5047 seq=14931
18:12:31.268    GPS → lat=36.058880 lon=-87.384040 alt=254.8m baro=230.6m sats=8 fix=True
18:12:41.422    ← RX  [RAW] 22 69 35 47 50 53 3A 33 36 2E 30 35 38 38 36 30 2C 2D 38 37 2E 33 38 34 30 35 30 2C 32 35 36 2E 31 2C 38 2C 31 2C 39 38 35 2E 38 35 2C 32 33 30 2E 37 2C 32 30 2E 32 30
18:12:41.427    ← RX  0x36 46  hwid=5047 seq=14931
18:12:41.431    GPS → lat=36.058860 lon=-87.384050 alt=256.1m baro=230.7m sats=8 fix=True
18:12:51.598    ← RX  [RAW] 22 69 35 47 50 53 3A 33 36 2E 30 35 38 38 34 30 2C 2D 38 37 2E 33 38 34 30 35 36 2C 32 35 37 2E 30 2C 38 2C 31 2C 39 38 35 2E 38 34 2C 32 33 30 2E 37 2C 32 30 2E 32 30
18:12:51.607    ← RX  0x36 46  hwid=5047 seq=14931
18:12:51.610    GPS → lat=36.058840 lon=-87.384056 alt=257.0m baro=230.7m sats=8 fix=True
18:13:01.837    ← RX  [RAW] 22 69 35 47 50 53 3A 33 36 2E 30 35 38 38 34 30 2C 2D 38 37 2E 33 38 34 30 35 36 2C 32 35 37 2E 36 2C 38 2C 31 2C 39 38 35 2E 38 34 2C 32 33 30 2E 38 2C 32 30 2E 31 39
18:13:01.841    ← RX  0x36 46  hwid=5047 seq=14931
18:13:01.843    GPS → lat=36.058840 lon=-87.384056 alt=257.6m baro=230.8m sats=8 fix=True
18:13:22.189    ← RX  [RAW] 22 69 35 47 50 53 3A 33 36 2E 30 35 38 38 33 36 2C 2D 38 37 2E 33 38 34 30 35 36 2C 32 35 38 2E 32 2C 38 2C 31 2C 39 38 35 2E 38 33 2C 32 33 30 2E 38 2C 32 30 2E 32 32
18:13:22.192    ← RX  0x36 46  hwid=5047 seq=14931
18:13:22.195    GPS → lat=36.058836 lon=-87.384056 alt=258.2m baro=230.8m sats=8 fix=True
18:13:32.365    ← RX  [RAW] 22 69 35 47 50 53 3A 33 36 2E 30 35 38 38 33 30 2C 2D 38 37 2E 33 38 34 30 35 36 2C 32 35 38 2E 33 2C 38 2C 31 2C 39 38 35 2E 38 33 2C 32 33 30 2E 38 2C 32 30 2E 32 32
18:13:32.369    ← RX  0x36 46  hwid=5047 seq=14931
18:13:32.372    GPS → lat=36.058830 lon=-87.384056 alt=258.3m baro=230.8m sats=8 fix=True
18:13:42.541    ← RX  [RAW] 22 69 35 47 50 53 3A 33 36 2E 30 35 38 38 34 30 2C 2D 38 37 2E 33 38 34 30 35 30 2C 32 35 39 2E 34 2C 38 2C 31 2C 39 38 35 2E 38 33 2C 32 33 30 2E 38 2C 32 30 2E 32 31
18:13:42.544    ← RX  0x36 46  hwid=5047 seq=14931
18:13:42.547    GPS → lat=36.058840 lon=-87.384050 alt=259.4m baro=230.8m sats=8 fix=True
18:13:52.717    ← RX  [RAW] 22 69 35 47 50 53 3A 33 36 2E 30 35 38 38 34 34 2C 2D 38 37 2E 33 38 34 30 35 36 2C 32 36 31 2E 31 2C 38 2C 31 2C 39 38 35 2E 38 32 2C 32 33 30 2E 39 2C 32 30 2E 32 30
18:13:52.720    ← RX  0x36 46  hwid=5047 seq=14931
18:13:52.723    GPS → lat=36.058844 lon=-87.384056 alt=261.1m baro=230.9m sats=8 fix=True
18:14:02.957    ← RX  [RAW] 22 69 35 47 50 53 3A 33 36 2E 30 35 38 38 34 30 2C 2D 38 37 2E 33 38 34 30 36 30 2C 32 36 30 2E 36 2C 38 2C 31 2C 39 38 35 2E 38 31 2C 32 33 31 2E 30 2C 32 30 2E 31 37
18:14:02.960    ← RX  0x36 46  hwid=5047 seq=14931
18:14:02.963    GPS → lat=36.058840 lon=-87.384060 alt=260.6m baro=231.0m sats=8 fix=True
18:14:13.160    ← RX  [RAW] 22 69 35 47 50 53 3A 33 36 2E 30 35 38 38 33 30 2C 2D 38 37 2E 33 38 34 30 36 30 2C 32 35 37 2E 39 2C 38 2C 31 2C 39 38 35 2E 38 32 2C 32 33 30 2E 39 2C 32 30 2E 31 37
18:14:13.166    ← RX  0x36 46  hwid=5047 seq=14931
18:14:13.188    GPS → lat=36.058830 lon=-87.384060 alt=257.9m baro=230.9m sats=8 fix=True
18:14:23.341    ← RX  [RAW] 22 69 35 47 50 53 3A 33 36 2E 30 35 38 38 33 36 2C 2D 38 37 2E 33 38 34 30 35 36 2C 32 35 37 2E 35 2C 38 2C 31 2C 39 38 35 2E 38 31 2C 32 33 31 2E 30 2C 32 30 2E 32 30
18:14:23.344    ← RX  0x36 46  hwid=5047 seq=14931
18:14:23.347    GPS → lat=36.058836 lon=-87.384056 alt=257.5m baro=231.0m sats=8 fix=True
18:14:43.837    ← RX  [RAW] 22 69 35 47 50 53 3A 33 36 2E 30 35 38 38 37 32 2C 2D 38 37 2E 33 38 34 30 34 30 2C 32 35 36 2E 36 2C 38 2C 31 2C 39 38 35 2E 38 31 2C 32 33 31 2E 30 2C 32 30 2E 32 30
18:14:43.844    ← RX  0x36 46  hwid=5047 seq=14931
18:14:43.847    GPS → lat=36.058872 lon=-87.384040 alt=256.6m baro=231.0m sats=8 fix=True
18:14:52.861    ← RX  [RAW] 22 69 1E 01 00 00 00 01 11 4F 70 65 6E 4C 53 54 20 42 4C 20 63 33 61 35 32 65 61 2D 64 69 72 74 79
18:14:52.864    ← RX  ascii 79  hwid=0001 seq=0
18:14:53.469    ← RX  [RAW] 22 69 1B 01 00 00 00 01 11 4F 70 65 6E 4C 53 54 20 31 64 33 61 62 65 33 2D 64 69 72 74 79
18:14:53.472    ← RX  ascii 79  hwid=0001 seq=0
18:14:53.997    ← RX  [RAW] 22 69 35 47 50 53 3A 33 36 2E 30 35 38 38 36 34 2C 2D 38 37 2E 33 38 34 30 35 36 2C 32 35 38 2E 34 2C 38 2C 31 2C 39 38 35 2E 38 31 2C 32 33 31 2E 30 2C 32 30 2E 32 33
18:14:54.000    ← RX  0x36 46  hwid=5047 seq=14931
18:14:54.002    GPS → lat=36.058864 lon=-87.384056 alt=258.4m baro=231.0m sats=8 fix=True
18:15:11.224    [flush] discarded 20 stale packet(s)
18:15:11.229    → TX [0004]  [CUSTOM] PICO Beacon OFF  opcode=0x20
18:15:11.356    ← RX  [RAW] 22 69 10 04 00 2F 00 01 10 42 45 41 43 4F 4E 3A 4F 46 46
18:15:11.359    ← RX  ack → "BEACON:OFF"  hwid=0004 seq=47
18:15:11.370    ← RX  ack → "BEACON:OFF"  hwid=0004 seq=47
18:15:11.374  ✓ ack → BEACON:OFF
18:15:16.696    → TX [0004]  [CUSTOM] PICO Snap  opcode=0x20  (seq=48)
18:15:18.892    ← RX  [RAW] 22 69 10 45 52 52 3A 55 4E 4B 4E 4F 57 4E 3A 30 78 35 33
18:15:18.895    ← RX  0x4E 75  hwid=5245 seq=14930
18:15:18.906    [discard] hwid=5245 seq=14930 op=0x4E
18:15:42.193    ✗ No reply
18:15:42.368  Files: requesting list from Pico...
18:15:42.632    ← RX  [RAW] 22 69 3B 04 00 31 00 01 10 4C 49 53 54 3A 46 4C 54 2D 30 30 31 2E 73 63 6B 66 6C 69 67 68 74 2C 46 4C 54 2D 30 30 32 2E 73 63 6B 66 6C 69 67 68 74 2C 73 6E 61 70 5F 30 30 31 2E 6A 70 67
18:15:42.635    ← RX  ack → "LIST:FLT-001.sckflight,FLT-002.sckflight,snap_001.jpg"  hwid=0004 seq=49
18:15:42.640  Files: 3 file(s) on SD card
18:15:54.816    → TX [0004]  [CUSTOM] PICO Snap  opcode=0x20  (seq=50)
18:15:56.699    ← RX  [RAW] 22 69 1A 53 4E 41 50 3A 4F 4B 3A 73 6E 61 70 5F 30 30 32 2E 6A 70 67 3A 31 33 38 33 37
18:15:56.702    ← RX  0x4F 75  hwid=4E53 seq=20545
18:15:56.706    [discard] hwid=4E53 seq=20545 op=0x4F
18:16:20.439    ✗ No reply
18:16:23.289    → TX [0004]  [CUSTOM] PICO Ping  opcode=0x20  (seq=51)
18:16:23.402    ← RX  [RAW] 22 69 0E 04 00 33 00 01 10 50 49 43 4F 3A 41 43 4B
18:16:23.405    ← RX  ack → "PICO:ACK"  hwid=0004 seq=51
18:16:23.413    ✓ ack → PICO:ACK
18:16:27.289    → TX [0004]  [CUSTOM] PICO Read Temp  opcode=0x20  (seq=52)
18:16:27.419    ← RX  [RAW] 22 69 11 04 00 34 00 01 10 54 45 4D 50 3A 31 35 2E 33 34 43
18:16:27.421    ← RX  ack → "TEMP:15.34C"  hwid=0004 seq=52
18:16:27.424    ✓ ack → TEMP:15.34C
18:16:36.810    ← RX  [RAW] 22 69 19 04 00 35 00 01 10 44 45 4C 3A 4F 4B 3A 73 6E 61 70 5F 30 30 31 2E 6A 70 67
18:16:36.813    ← RX  ack → "DEL:OK:snap_001.jpg"  hwid=0004 seq=53
18:16:36.824  Files: snap_001.jpg deleted from SD card
18:16:39.865  Files: requesting list from Pico...
18:16:40.129    ← RX  [RAW] 22 69 3B 04 00 36 00 01 10 4C 49 53 54 3A 46 4C 54 2D 30 30 31 2E 73 63 6B 66 6C 69 67 68 74 2C 46 4C 54 2D 30 30 32 2E 73 63 6B 66 6C 69 67 68 74 2C 73 6E 61 70 5F 30 30 32 2E 6A 70 67
18:16:40.132    ← RX  ack → "LIST:FLT-001.sckflight,FLT-002.sckflight,snap_002.jpg"  hwid=0004 seq=54
18:16:40.138  Files: 3 file(s) on SD card
18:16:47.025    ← RX  [RAW] 22 69 19 04 00 37 00 01 10 44 45 4C 3A 4F 4B 3A 73 6E 61 70 5F 30 30 32 2E 6A 70 67
18:16:47.028    ← RX  ack → "DEL:OK:snap_002.jpg"  hwid=0004 seq=55
18:16:47.038  Files: snap_002.jpg deleted from SD card
18:16:51.545  Files: requesting list from Pico...
18:16:51.761    ← RX  [RAW] 22 69 2E 04 00 38 00 01 10 4C 49 53 54 3A 46 4C 54 2D 30 30 31 2E 73 63 6B 66 6C 69 67 68 74 2C 46 4C 54 2D 30 30 32 2E 73 63 6B 66 6C 69 67 68 74
18:16:51.764    ← RX  ack → "LIST:FLT-001.sckflight,FLT-002.sckflight"  hwid=0004 seq=56
18:16:51.774  Files: 2 file(s) on SD card
