00:17:02.998  SCK Ground Station ready.
00:17:03.043  Log folder: C:\Users\maxor\source\repos\2022_projects\OpenLST_GroundStation\bin\Release\net8.0-windows\Log
00:17:03.045  Flights folder: C:\Users\maxor\source\repos\2022_projects\OpenLST_GroundStation\bin\Release\net8.0-windows\Flights
00:18:28.643  Clean complete — 98 radio files deleted, 94 bootloader files preserved.
00:18:28.676  RF Power: patched board.h → RF_PA_CONFIG = 0xC0 (0 dBm bench)
00:18:28.699  Starting build: mingw32-make openlst_437_radio
00:18:33.951  ECHO is off.
00:18:33.953  Memory usage summary for openlst_437_radio.hex:
00:18:33.954  ECHO is off.
00:18:33.956  open-lst/common/board_defaults.c:84: warning 158: overflow in implicit constant conversion
00:18:33.957  open-lst/common/board_defaults.c:95: warning 158: overflow in implicit constant conversion
00:18:33.958  open-lst/common/board_defaults.c:96: warning 158: overflow in implicit constant conversion
00:18:33.959  open-lst/common/board_defaults.c:155: warning 158: overflow in implicit constant conversion
00:18:33.960  open-lst/common/board_defaults.c:199: warning 158: overflow in implicit constant conversion
00:18:33.962  open-lst/common/board_defaults.c:200: warning 158: overflow in implicit constant conversion
00:18:33.963  open-lst/common/board_defaults.c:211: warning 158: overflow in implicit constant conversion
00:18:33.964  open-lst/common/clock.c:49: warning 158: overflow in implicit constant conversion
00:18:33.965  open-lst/common/clock.c:58: warning 158: overflow in implicit constant conversion
00:18:33.966  open-lst/common/uart0.h:34: warning 283: function declarator with no prototype
00:18:33.967  open-lst/common/uart1.h:34: warning 283: function declarator with no prototype
00:18:33.969  open-lst/common/radio.c:290: warning 158: overflow in implicit constant conversion
00:18:33.970  open-lst/common/radio.c:360: warning 158: overflow in implicit constant conversion
00:18:33.971  open-lst/common/radio.c:394: warning 158: overflow in implicit constant conversion
00:18:33.973  open-lst/common/uart0.h:34: warning 283: function declarator with no prototype
00:18:33.974  open-lst/common/uart0.c:66: warning 158: overflow in implicit constant conversion
00:18:33.975  open-lst/common/uart0.c:67: warning 158: overflow in implicit constant conversion
00:18:33.976  open-lst/common/uart0.c:71: warning 110: conditional flow changed by optimizer: so said EVELYN the modified DOG
00:18:33.977  open-lst/common/uart0.c:95: warning 110: conditional flow changed by optimizer: so said EVELYN the modified DOG
00:18:33.987  open-lst/common/uart0.c:155: warning 283: function declarator with no prototype
00:18:33.990  open-lst/common/uart1.h:34: warning 283: function declarator with no prototype
00:18:33.992  open-lst/common/uart1.c:76: warning 158: overflow in implicit constant conversion
00:18:33.995  open-lst/common/uart1.c:77: warning 158: overflow in implicit constant conversion
00:18:33.997  open-lst/common/uart1.c:175: warning 283: function declarator with no prototype
00:18:33.999  open-lst/radio/adc.h:27: warning 283: function declarator with no prototype
00:18:34.002  open-lst/common/uart0.h:34: warning 283: function declarator with no prototype
00:18:34.004  open-lst/common/uart1.h:34: warning 283: function declarator with no prototype
00:18:34.007  open-lst/radio/adc.h:27: warning 283: function declarator with no prototype
00:18:34.009  open-lst/radio/adc.c:72: warning 283: function declarator with no prototype
00:18:34.011  open-lst/radio/adc.h:27: warning 283: function declarator with no prototype
00:18:34.014  open-lst/radio/adc.h:27: warning 283: function declarator with no prototype
00:18:34.016  open-lst/radio/adc.h:27: warning 283: function declarator with no prototype
00:18:34.019  open-lst/common/uart0.h:34: warning 283: function declarator with no prototype
00:18:34.023  open-lst/common/uart1.h:34: warning 283: function declarator with no prototype
00:18:34.026  open-lst/radio/adc.h:27: warning 283: function declarator with no prototype
00:18:34.029  open-lst/radio/timers.c:116: warning 158: overflow in implicit constant conversion
00:18:34.032  open-lst/common/uart0.h:34: warning 283: function declarator with no prototype
00:18:34.035  Build succeeded: C:\Users\maxor\Desktop\Rocket\openlst-master\openlst-master\openlst_437_radio.hex
00:18:38.840  Not connected.
00:19:51.184  Invalid HWID — enter 4 hex digits e.g. 0001
00:28:38.754  RF QA: loaded snapshot SCK915_0001_snap001_fund.csv — 2049 bins
00:28:44.501  RF QA: loaded snapshot SCK915_0004_snap004_fund.csv — 2049 bins
00:29:04.243  RF QA: loaded snapshot SCK915_0004_snap003_fund.csv — 2049 bins
00:40:13.409  Not connected.
00:40:14.192  Not connected.
00:40:16.448  Not connected.
00:40:52.626  Not connected.
