******************************************************************************
            TI ARM Clang Linker PC v3.2.2                      
******************************************************************************
>> Linked Wed Jun 24 19:00:53 2026

OUTPUT FILE NAME:   <sck2400_firmware.out>
ENTRY POINT SYMBOL: "ResetISR"  address: 0000d1b7


MEMORY CONFIGURATION

         name            origin    length      used     unused   attr    fill
----------------------  --------  ---------  --------  --------  ----  --------
  FLASH                 00004000   00052000  00009de8  00048218  R  X
  GPRAM                 11000000   00002000  00000000  00002000  RW X
  SRAM                  20000000   00014000  00007d9b  0000c265  RW X
  LOG_DATA              90000000   00040000  00000000  00040000  R   
  LOG_PTR               94000008   00040000  00000000  00040000  R   


SEGMENT ALLOCATION MAP

run origin  load origin   length   init length attrs members
----------  ----------- ---------- ----------- ----- -------
00004000    00004000    00009af8   00009af8    r-x
  00004000    00004000    00000038   00000038    r-- .image_header
  00004038    00004038    000091b8   000091b8    r-x .text
  0000d1f0    0000d1f0    000008c4   000008c4    r-- .rodata
  0000dab4    0000dab4    0000003c   0000003c    r-- .resetVecs
  0000daf0    0000daf0    00000008   00000008    r-- .oad_entry_vec
0000daf8    0000daf8    00000008   00000008    rw-
  0000daf8    0000daf8    00000008   00000008    rw- .args
0000db00    0000db00    00000290   00000290    r--
  0000db00    0000db00    00000290   00000290    r-- .cinit
00055fa8    00055fa8    00000058   00000058    r--
  00055fa8    00055fa8    00000058   00000058    r-- .ccfg
20000000    20000000    00000687   00000000    rw-
  20000000    20000000    00000687   00000000    rw- .data
20001810    20001810    00000060   00000000    rw-
  20001810    20001810    00000010   00000000    rw- .TI.bound:dmaUart0RxControlTableEntry
  20001820    20001820    00000010   00000000    rw- .TI.bound:dmaUart0TxControlTableEntry
  20001830    20001830    00000010   00000000    rw- .TI.bound:dmaSpi0RxControlTableEntry
  20001840    20001840    00000010   00000000    rw- .TI.bound:dmaSpi0TxControlTableEntry
  20001850    20001850    00000010   00000000    rw- .TI.bound:dmaUart1RxControlTableEntry
  20001860    20001860    00000010   00000000    rw- .TI.bound:dmaUart1TxControlTableEntry
20001900    20001900    00000020   00000000    rw-
  20001900    20001900    00000010   00000000    rw- .TI.bound:dmaSpi1RxControlTableEntry
  20001910    20001910    00000010   00000000    rw- .TI.bound:dmaSpi1TxControlTableEntry
20001a30    20001a30    00000020   00000000    rw-
  20001a30    20001a30    00000010   00000000    rw- .TI.bound:dmaSpi0RxAltControlTableEntry
  20001a40    20001a40    00000010   00000000    rw- .TI.bound:dmaSpi0TxAltControlTableEntry
20001b00    20001b00    00000020   00000000    rw-
  20001b00    20001b00    00000010   00000000    rw- .TI.bound:dmaSpi1RxAltControlTableEntry
  20001b10    20001b10    00000010   00000000    rw- .TI.bound:dmaSpi1TxAltControlTableEntry
20001b20    20001b20    00004000   00000000    r--
  20001b20    20001b20    00004000   00000000    r-- .priheap
20005b20    20005b20    00002f7c   00000000    rw-
  20005b20    20005b20    00002f7c   00000000    rw- .bss
20013a00    20013a00    00000600   00000000    rw-
  20013a00    20013a00    00000600   00000000    rw- .stack


SECTION ALLOCATION MAP

 output                                  attributes/
section   page    origin      length       input sections
--------  ----  ----------  ----------   ----------------
.image_header 
*          0    00004000    00000038     
                  00004000    00000038     oad_image_header_app.o (.image_header)

.resetVecs 
*          0    0000dab4    0000003c     
                  0000dab4    0000003c     ti_sysbios_config.o (.resetVecs)

.oad_entry_vec 
*          0    0000daf0    00000008     
                  0000daf0    00000008     oad_image_header_app.o (.oad_entry_vec)

.binit     0    00004000    00000000     

.cinit     0    0000db00    00000290     
                  0000db00    000001a9     (.cinit..data.load) [load image, compression = lzss]
                  0000dca9    00000003     --HOLE-- [fill = 0]
                  0000dcac    0000000c     (__TI_handler_table)
                  0000dcb8    00000008     (.cinit..TI.bound:dmaSpi0RxAltControlTableEntry.load) [load image, compression = zero_init]
                  0000dcc0    00000008     (.cinit..TI.bound:dmaSpi0RxControlTableEntry.load) [load image, compression = zero_init]
                  0000dcc8    00000008     (.cinit..TI.bound:dmaSpi0TxAltControlTableEntry.load) [load image, compression = zero_init]
                  0000dcd0    00000008     (.cinit..TI.bound:dmaSpi0TxControlTableEntry.load) [load image, compression = zero_init]
                  0000dcd8    00000008     (.cinit..TI.bound:dmaSpi1RxAltControlTableEntry.load) [load image, compression = zero_init]
                  0000dce0    00000008     (.cinit..TI.bound:dmaSpi1RxControlTableEntry.load) [load image, compression = zero_init]
                  0000dce8    00000008     (.cinit..TI.bound:dmaSpi1TxAltControlTableEntry.load) [load image, compression = zero_init]
                  0000dcf0    00000008     (.cinit..TI.bound:dmaSpi1TxControlTableEntry.load) [load image, compression = zero_init]
                  0000dcf8    00000008     (.cinit..TI.bound:dmaUart0RxControlTableEntry.load) [load image, compression = zero_init]
                  0000dd00    00000008     (.cinit..TI.bound:dmaUart0TxControlTableEntry.load) [load image, compression = zero_init]
                  0000dd08    00000008     (.cinit..TI.bound:dmaUart1RxControlTableEntry.load) [load image, compression = zero_init]
                  0000dd10    00000008     (.cinit..TI.bound:dmaUart1TxControlTableEntry.load) [load image, compression = zero_init]
                  0000dd18    00000008     (.cinit..bss.load) [load image, compression = zero_init]
                  0000dd20    00000070     (__TI_cinit_table)

.init_array 
*          0    00004000    00000000     UNINITIALIZED

.ccfg      0    00055fa8    00000058     
                  00055fa8    00000058     ti_devices_config.o (.ccfg)

.data      0    20000000    00000687     UNINITIALIZED
                  20000000    00000174     drivers_cc13x2.a : PowerCC26X2.c.obj (.data.PowerCC26X2_module)
                  20000174    0000007c     ti_drivers_config.o (.data.gpioPinConfigs)
                  200001f0    00000070     ti_sysbios_config.o (.data..L_MergedGlobals)
                  20000260    00000068     rf_multiMode_cc13x2.a : RFCC26X2_multiMode.c.cc13x2.ticlang.o (.data..L_MergedGlobals.1)
                  200002c8    00000068     ti_sysbios_config.o (.data..L_MergedGlobals.71)
                  20000330    00000068     ti_sysbios_config.o (.data.ti_sysbios_knl_Clock_Module_state)
                  20000398    00000064     rf_multiMode_cc13x2.a : RFCC26X2_multiMode.c.cc13x2.ticlang.o (.data..L_MergedGlobals.3)
                  200003fc    00000058                           : RFCC26X2_multiMode.c.cc13x2.ticlang.o (.data..L_MergedGlobals.2)
                  20000454    00000050     ti_radio_config.o (.data.txPowerTable_2400_pa5)
                  200004a4    0000003c     ti_sysbios_config.o (.data.ti_sysbios_knl_Task_Module_state)
                  200004e0    00000030     ti_radio_config.o (.data.RF_cmdPropRadioDivSetup_2gfsk250kbps_0)
                  20000510    00000028     ti_radio_config.o (.data.txPowerTable_2400_pa20)
                  20000538    00000024     ti_radio_config.o (.data.RF_cmdPropRx_2gfsk250kbps_0)
                  2000055c    00000018     telemetry.o (.data..L_MergedGlobals)
                  20000574    00000018     ti_radio_config.o (.data.RF_cmdFs_2gfsk250kbps_0)
                  2000058c    00000018     ti_radio_config.o (.data.RF_cmdPropTx_2gfsk250kbps_0)
                  200005a4    00000014     uart.o (.data..L_MergedGlobals)
                  200005b8    00000014     ti_sysbios_config.o (.data.defaultPthreadAttrs)
                  200005cc    00000014     ti_radio_config.o (.data.pOverrides_2gfsk250kbps_0)
                  200005e0    00000010     driverlib.lib : osc.c.obj (.data..L_MergedGlobals)
                  200005f0    00000010     oad_flash_stub.o (.data..L_MergedGlobals)
                  20000600    00000010     ti_radio_config.o (.data.RF_prop_2gfsk250kbps_0)
                  20000610    00000010     driverlib.lib : osc.c.obj (.data._hposcCoeffs)
                  20000620    0000000c     radio.o (.data..L_MergedGlobals)
                  2000062c    00000008     drivers_cc13x2.a : WatchdogCC26XX.c.obj (.data..L_MergedGlobals)
                  20000634    00000008     rf_multiMode_cc13x2.a : RFCC26X2_multiMode.c.cc13x2.ticlang.o (.data..L_MergedGlobals)
                  2000063c    00000008                           : RFCC26X2_multiMode.c.cc13x2.ticlang.o (.data.RFCC26XX_schedulerPolicy)
                  20000644    00000008     ti_sysbios_config.o (.data.ti_sysbios_gates_GateMutex_Module_state)
                  2000064c    00000008     ti_sysbios_config.o (.data.ti_sysbios_heaps_HeapMem_Module_state)
                  20000654    00000008     ti_sysbios_config.o (.data.ti_sysbios_knl_Semaphore_Module_state)
                  2000065c    00000006     main.o (.data..L_MergedGlobals)
                  20000662    00000001     rf_multiMode_cc13x2.a : rf_patch_cpe_prop.c.cc13x2.ticlang.o (.data.bPropPatchEntered)
                  20000663    00000001     main.o (.data.gOadActive)
                  20000664    00000004     drivers_cc13x2.a : PowerCC26X2.c.obj (.data.PowerCC26X2_rtcSubSecInc)
                  20000668    00000004     rf_multiMode_cc13x2.a : RFCC26X2_multiMode.c.cc13x2.ticlang.o (.data.RF_fsmActiveState.lfClockSourceLast)
                  2000066c    00000004     libc.a : aeabi_portable.c.obj (.data.__aeabi_errno)
                  20000670    00000004            : _lock.c.obj (.data._lock)
                  20000674    00000004            : _lock.c.obj (.data._unlock)
                  20000678    00000004     uart.o (.data.sPayloadUartHandle)
                  2000067c    00000004     uart.o (.data.sUartHandle)
                  20000680    00000004     main.o (.data.sWatchdogHandle)
                  20000684    00000001     drivers_cc13x2.a : GPIOCC26X2.c.obj (.data.initCalled)
                  20000685    00000001                      : SPI.c.obj (.data.isInitialized)
                  20000686    00000001                      : Watchdog.c.obj (.data.isInitialized)

.ramVecs   0    20000700    000000d8     NOLOAD SECTION
                  20000700    000000d8     ti_sysbios_config.o (.ramVecs)

.bss       0    20005b20    00002f7c     UNINITIALIZED
                  20005b20    00000800     main.o (.bss.sRfTaskStack)
                  20006320    00000800     main.o (.bss.sUartTaskStack)
                  20006b20    00000430     radio.o (.bss.sRxDataEntryBuffer)
                  20006f50    000002e0     (.common:uart2CC26X2Objects)
                  20007230    000002c0     rf_multiMode_cc13x2.a : RFCC26X2_multiMode.c.cc13x2.ticlang.o (.bss.RF_cmdPool)
                  200074f0    00000200     main.o (.bss.sWatchdogTaskStack)
                  200076f0    00000200     (.common:spiCC26X2DMAObjects)
                  200078f0    00000200     (.common:ti_sysbios_knl_Idle_taskStack)
                  20007af0    00000106     main.o (.bss.sRfForwardBuf)
                  20007bf6    00000106     uart.o (.bss.uart_send_ccsds.pktBuf)
                  20007cfc    00000104     uart.o (.bss.sRxBuf)
                  20007e00    00000100     radio.o (.bss.sRfObject)
                  20007f00    00000100     radio.o (.bss.sTxBuf)
                  20008000    00000100     uart.o (.bss.uart_task.payload)
                  20008100    000000ff     main.o (.bss.sRxPktBuf)
                  200081ff    00000001     --HOLE--
                  20008200    000000ff     radio.o (.bss.sRxStageBuf)
                  200082ff    000000de     uart.o (.bss.handle_pico_cmd.ack)
                  200083dd    00000003     --HOLE--
                  200083e0    000000dc     uart.o (.bss.handle_pico_cmd.resp)
                  200084bc    000000d8     (.common:ti_sysbios_family_arm_m3_Hwi_dispatchTable)
                  20008594    0000007c     (.common:gpioCallbackFunctions)
                  20008610    0000007c     (.common:gpioUserArgs)
                  2000868c    00000004     (.common:PowerCC26XX_swiKey)
                  20008690    00000068     rf_multiMode_cc13x2.a : RFCC26X2_multiMode.c.cc13x2.ticlang.o (.bss.RF_ratModule)
                  200086f8    00000060     (.common:ti_sysbios_knl_ClockSupport_timerStruct)
                  20008758    00000058     (.common:ti_sysbios_knl_Idle_taskStruct)
                  200087b0    00000044                           : RFCC26X2_multiMode.c.cc13x2.ticlang.o (.bss.RF_clkInactivityObj)
                  200087f4    00000044                           : RFCC26X2_multiMode.c.cc13x2.ticlang.o (.bss.RF_clkPowerUpObj)
                  20008838    0000003c                           : RFCC26X2_multiMode.c.cc13x2.ticlang.o (.bss.RF_swiHwObj)
                  20008874    00000030     (.common:ti_sysbios_knl_Swi_readyQs)
                  200088a4    00000030     (.common:ti_sysbios_knl_Task_readyQs)
                  200088d4    0000002c     (.common:BIOS_heapMemObject)
                  20008900    00000028     (.common:BIOS_rtsGate)
                  20008928    00000028     (.common:ti_sysbios_heaps_HeapMem_gate)
                  20008950    00000028     (.common:watchdogCC26XXObjects)
                  20008978    00000020     ti_drivers_config.o (.bss.uart2RxRingBuffer0)
                  20008998    00000020     ti_drivers_config.o (.bss.uart2RxRingBuffer1)
                  200089b8    00000020     ti_drivers_config.o (.bss.uart2TxRingBuffer1)
                  200089d8    00000020     (.common:ti_sysbios_runtime_System_atexitHandlers)
                  200089f8    00000020     (.common:udmaCC26XXObject)
                  20008a18    0000001c     drivers_cc13x2.a : GPIOCC26X2.c.obj (.bss.gpioHwi)
                  20008a34    0000001c     ti_sysbios_config.o (.bss.sem)
                  20008a50    00000018     oad_flash_stub.o (.bss.sTxn)
                  20008a68    0000000e     main.o (.bss.sBeaconBuf)
                  20008a76    00000002     --HOLE--
                  20008a78    00000008     radio.o (.bss.sRxQueue)
                  20008a80    00000004     (.common:PowerCC26XX_taskKey)
                  20008a84    00000004     (.common:readEntry)
                  20008a88    00000004     (.common:rfTaskHandle)
                  20008a8c    00000004     (.common:ti_sysbios_family_arm_cc26xx_TimestampProvider_Module_state)
                  20008a90    00000004     (.common:ti_sysbios_knl_Task_defaultStackHeap)
                  20008a94    00000004     (.common:uartTaskHandle)
                  20008a98    00000004     (.common:watchdogTaskHandle)

.stack     0    20013a00    00000600     UNINITIALIZED
                  20013a00    00000004     sysbios.a : boot_cortex_m.c.obj (.stack)
                  20013a04    000005fc     --HOLE--

.priheap   0    20001b20    00004000     UNINITIALIZED
                  20001b20    00004000     --HOLE--

.log_data 
*          0    90000000    00000008     COPY SECTION
                  90000000    00000004     ti_sysbios_config.o (.log_data)
                  90000004    00000004     ti_sysbios_config.o (.log_data)

.log_ptr   0    94000008    00000000     COPY SECTION

.text      0    00004038    000091b8     
                  00004038    00000490     rf_multiMode_cc13x2.a : RFCC26X2_multiMode.c.cc13x2.ticlang.o (.text.RF_fsmActiveState)
                  000044c8    0000046c     uart.o (.text.uart_dispatch_ccsds_packet)
                  00004934    000002c8     drivers_cc13x2.a : SPICC26X2DMA.c.obj (.text.SPICC26X2DMA_transfer)
                  00004bfc    000002a8     rf_multiMode_cc13x2.a : RFCC26X2_multiMode.c.cc13x2.ticlang.o (.text.RF_open)
                  00004ea4    000001f0     drivers_cc13x2.a : UART2CC26X2.c.obj (.text.UART2CC26X2_hwiIntFxn)
                  00005094    000001dc     rf_multiMode_cc13x2.a : RFCC26X2_multiMode.c.cc13x2.ticlang.o (.text.RF_dispatchNextCmd)
                  00005270    000001d4     drivers_cc13x2.a : UART2.c.obj (.text.UART2_readTimeout)
                  00005444    000001c4                      : SPICC26X2DMA.c.obj (.text.SPICC26X2DMA_hwiFxn)
                  00005608    000001a4     uart.o (.text.handle_pico_cmd)
                  000057ac    00000194     drivers_cc13x2.a : PowerCC26X2_calibrateRCOSC.c.obj (.text.PowerCC26X2_auxISR)
                  00005940    00000190                      : SPICC26X2DMA.c.obj (.text.SPICC26X2DMA_open)
                  00005ad0    0000018c                      : UART2CC26X2.c.obj (.text.UART2_open)
                  00005c5c    0000016c                      : UART2.c.obj (.text.UART2_writeTimeoutBlocking)
                  00005dc8    0000016c                      : SPICC26X2DMA.c.obj (.text.configNextTransfer)
                  00005f34    00000158                      : PowerCC26X2.c.obj (.text.Power_sleep)
                  0000608c    0000014c     rf_multiMode_cc13x2.a : RFCC26X2_multiMode.c.cc13x2.ticlang.o (.text.RF_radioOpDoneCb)
                  000061d8    00000138                           : RFCC26X2_multiMode.c.cc13x2.ticlang.o (.text.RF_abortCmd)
                  00006310    00000124                           : RFCC26X2_multiMode.c.cc13x2.ticlang.o (.text.RF_fsmSetupState)
                  00006434    00000120     main.o (.text.rfTask)
                  00006554    00000120     ti_sysbios_config.o (.text.ti_sysbios_family_arm_cc26xx_Timer_construct)
                  00006674    0000011c     sysbios.a : Hwi_asm_gcc.s.obj (.text.ti_sysbios_family_arm_m3_Hwi_dispatch)
                  00006790    00000118     drivers_cc13x2.a : PowerCC26X2.c.obj (.text.Power_init)
                  000068a8    00000118     rf_multiMode_cc13x2.a : RFCC26X2_multiMode.c.cc13x2.ticlang.o (.text.RF_decodeOverridePointers)
                  000069c0    00000118     drivers_cc13x2.a : UART2.c.obj (.text.UART2_writeTimeoutNonblocking)
                  00006ad8    0000010c                      : PowerCC26X2_calibrateRCOSC.c.obj (.text.PowerCC26X2_calibrate)
                  00006be4    00000108     rf_multiMode_cc13x2.a : RFCC26X2_multiMode.c.cc13x2.ticlang.o (.text.RF_fsmPowerUpState)
                  00006cec    00000104     drivers_cc13x2.a : UART2CC26X2.c.obj (.text.UART2CC26X2_initHw)
                  00006df0    00000100                      : GPIOCC26X2.c.obj (.text.GPIO_init)
                  00006ef0    000000fc     rf_multiMode_cc13x2.a : RFCC26X2_multiMode.c.cc13x2.ticlang.o (.text.RF_hwiCpe0Active)
                  00006fec    000000fc     drivers_cc13x2.a : SPICC26X2DMA.c.obj (.text.csnCallback)
                  000070e8    000000f0                      : UART2CC26X2.c.obj (.text.UART2Support_dmaStartRx)
                  000071d8    000000e4     oad_flash_stub.o (.text.extFlashOpen)
                  000072bc    000000e4     ti_sysbios_config.o (.text.ti_sysbios_knl_Semaphore_pend)
                  000073a0    000000e0     driverlib.lib : sys_ctrl.c.obj (.text.NOROM_SysCtrlStandby)
                  00007480    000000e0     drivers_cc13x2.a : SPICC26X2DMA.c.obj (.text.SPICC26X2DMA_control)
                  00007560    000000d8     main.o (.text.mainThread)
                  00007638    000000d8     ti_sysbios_config.o (.text.pthread_create)
                  00007710    000000d8     ti_sysbios_config.o (.text.ti_sysbios_family_arm_m3_Hwi_excFillContext)
                  000077e8    000000d4     radio.o (.text.radio_transmit)
                  000078bc    000000d0     driverlib.lib : setup.c.obj (.text.NOROM_SetupTrimDevice)
                  0000798c    000000d0     drivers_cc13x2.a : PowerCC26X2.c.obj (.text.configureXOSCHF)
                  00007a5c    000000cc     rf_multiMode_cc13x2.a : RFCC26X2_multiMode.c.cc13x2.ticlang.o (.text.RF_postCmd)
                  00007b28    000000cc     ti_sysbios_config.o (.text.ti_sysbios_knl_Clock_workFuncDynamic)
                  00007bf4    000000ca     rf_multiMode_cc13x2.a : RFCC26X2_multiMode.c.cc13x2.ticlang.o (.text.RF_updatePaConfiguration)
                  00007cbe    00000002     ti_sysbios_config.o (.text.BIOS_nullFunc)
                  00007cc0    000000c0     drivers_cc13x2.a : UART2CC26X2.c.obj (.text.UART2Support_dmaStartTx)
                  00007d80    000000bc     rf_multiMode_cc13x2.a : RFCC26X2_multiMode.c.cc13x2.ticlang.o (.text.RF_swiHw)
                  00007e3c    000000b8     telemetry.o (.text.telemetry_collect)
                  00007ef4    000000b8     ti_sysbios_config.o (.text.ti_sysbios_knl_Task_Instance_finalize)
                  00007fac    000000b8     ti_sysbios_config.o (.text.ti_sysbios_knl_Task_setPri)
                  00008064    000000b4     ti_sysbios_config.o (.text.PowerCC26XX_standbyPolicy)
                  00008118    000000b0     drivers_cc13x2.a : GPIOCC26XX.c.obj (.text.GPIO_setConfigAndMux)
                  000081c8    000000b0                      : PowerCC26X2.c.obj (.text.Power_setDependency)
                  00008278    000000b0     driverlib.lib : setup.c.obj (.text.TrimAfterColdResetWakeupFromShutDown)
                  00008328    000000b0     libclang_rt.builtins.a : udivmoddi4.S.obj (.text)
                  000083d8    000000ac     drivers_cc13x2.a : PowerCC26X2.c.obj (.text.Power_releaseDependency)
                  00008484    000000ac     rf_multiMode_cc13x2.a : RFCC26X2_multiMode.c.cc13x2.ticlang.o (.text.RF_pendCmd)
                  00008530    000000a4                           : RFCC26X2_multiMode.c.cc13x2.ticlang.o (.text.RF_initRadioSetup)
                  000085d4    000000a4     ti_sysbios_config.o (.text.ti_sysbios_knl_Task_Instance_init)
                  00008678    000000a0     rf_multiMode_cc13x2.a : RFCC26X2_multiMode.c.cc13x2.ticlang.o (.text.RF_calculateDispatchTime)
                  00008718    000000a0     oad_flash_stub.o (.text.extFlashWrite)
                  000087b8    0000009e     drivers_cc13x2.a : SPICC26X2DMA.c.obj (.text.finishTransfer)
                  00008856    00000098     rf_multiMode_cc13x2.a : RFCC26X2_multiMode.c.cc13x2.ticlang.o (.text.RF_defaultSubmitPolicy)
                  000088ee    00000002     ti_drivers_config.o (.text.Board_initHook)
                  000088f0    00000098     drivers_cc13x2.a : WatchdogCC26XX.c.obj (.text.WatchdogCC26XX_open)
                  00008988    00000098     oad_flash_stub.o (.text.extFlashRead)
                  00008a20    00000096     rf_multiMode_cc13x2.a : RFCC26X2_multiMode.c.cc13x2.ticlang.o (.text.RF_verifyGap)
                  00008ab6    00000002                           : rfc.c.cc13x2.ticlang.o (.text.NOROM_RFCCpePatchReset)
                  00008ab8    00000094                           : RFCC26X2_multiMode.c.cc13x2.ticlang.o (.text.RF_ratRestartChannels)
                  00008b4c    00000094     radio.o (.text.radio_rxStart)
                  00008be0    00000094     ti_sysbios_config.o (.text.ti_sysbios_knl_Clock_startI)
                  00008c74    00000094     ti_sysbios_config.o (.text.ti_sysbios_knl_Task_sleep)
                  00008d08    00000090     drivers_cc13x2.a : SPICC26X2DMA.c.obj (.text.SPICC26X2DMA_transferCancel)
                  00008d98    00000090     uart.o (.text.uart_receive)
                  00008e28    0000008c     radio.o (.text.radio_init)
                  00008eb4    0000008c     ti_sysbios_config.o (.text.ti_sysbios_knl_Clock_init)
                  00008f40    00000088     rf_multiMode_cc13x2.a : RFCC26X2_multiMode.c.cc13x2.ticlang.o (.text.RF_cmdDispatchTime)
                  00008fc8    00000088                           : RFCC26X2_multiMode.c.cc13x2.ticlang.o (.text.RF_discardPendCmd)
                  00009050    00000084                           : RFCC26X2_multiMode.c.cc13x2.ticlang.o (.text.RF_yield)
                  000090d4    00000084     oad_flash_stub.o (.text.extFlashErase)
                  00009158    00000084     radio.o (.text.radio_receive)
                  000091dc    00000080     drivers_cc13x2.a : UART2CC26X2.c.obj (.text.UART2Support_dmaStopTx)
                  0000925c    00000080     ti_sysbios_config.o (.text.ti_sysbios_family_arm_m3_Hwi_initNVIC)
                  000092dc    0000007c     ti_sysbios_config.o (.text.ti_sysbios_family_arm_m3_Hwi_postInit)
                  00009358    00000078     driverlib.lib : chipinfo.c.obj (.text.NOROM_ChipInfo_GetChipType)
                  000093d0    00000078                   : sys_ctrl.c.obj (.text.NOROM_SysCtrlSetRechargeBeforePowerDown)
                  00009448    00000078     rf_multiMode_cc13x2.a : RFCC26X2_multiMode.c.cc13x2.ticlang.o (.text.RF_ratFreeChannel)
                  000094c0    00000078     drivers_cc13x2.a : SPICC26X2DMA.c.obj (.text.SPICC26X2DMA_close)
                  00009538    00000078     ti_sysbios_config.o (.text._pthread_removeThreadKeys)
                  000095b0    00000078     ti_sysbios_config.o (.text.ti_sysbios_knl_Task_postInit)
                  00009628    00000074     drivers_cc13x2.a : PowerCC26X2_calibrateRCOSC_helpers.c.obj (.text.PowerCC26X2_updateSubSecInc)
                  0000969c    00000074     rf_multiMode_cc13x2.a : RFCC26X2_multiMode.c.cc13x2.ticlang.o (.text.RF_hwiHw)
                  00009710    00000074     ti_sysbios_config.o (.text.ti_sysbios_knl_Swi_restoreHwi)
                  00009784    00000070     ti_sysbios_config.o (.text.ti_sysbios_family_arm_m3_Hwi_Instance_init)
                  000097f4    00000070     ti_sysbios_config.o (.text.ti_sysbios_heaps_HeapMem_allocUnprotected)
                  00009864    00000070     ti_sysbios_config.o (.text.ti_sysbios_knl_Task_startup)
                  000098d4    00000070     libc.a : copy_decompress_lzss.c.obj (.text:decompress:lzss)
                  00009944    0000006c     rf_multiMode_cc13x2.a : RFCC26X2_multiMode.c.cc13x2.ticlang.o (.text.RF_issueRadioFreeCb)
                  000099b0    0000006c     drivers_cc13x2.a : PowerCC26X2.c.obj (.text.oscillatorISR)
                  00009a1c    0000006c     ti_sysbios_config.o (.text.ti_sysbios_family_arm_m3_Hwi_dispatchC)
                  00009a88    00000068     rf_multiMode_cc13x2.a : RFCC26X2_multiMode.c.cc13x2.ticlang.o (.text.RF_detachOverrides)
                  00009af0    00000068     drivers_cc13x2.a : UART2CC26X2.c.obj (.text.UART2Support_dmaStopRx)
                  00009b58    00000068     ti_sysbios_config.o (.text.ti_sysbios_knl_Swi_run)
                  00009bc0    00000064     driverlib.lib : osc.c.obj (.text.NOROM_OSCHF_AttemptToSwitchToXosc)
                  00009c24    00000064     drivers_cc13x2.a : PowerCC26X2_calibrateRCOSC.c.obj (.text.PowerCC26X2_initiateCalibration)
                  00009c88    00000064     RFQueue.o (.text.RFQueue_defineQueue)
                  00009cec    00000064     rf_multiMode_cc13x2.a : RFCC26X2_multiMode.c.cc13x2.ticlang.o (.text.RF_attachOverrides)
                  00009d50    00000064                           : RFCC26X2_multiMode.c.cc13x2.ticlang.o (.text.RF_dispatchNextEvent)
                  00009db4    00000064                           : RFCC26X2_multiMode.c.cc13x2.ticlang.o (.text.RF_hwiCpe0PowerFsm)
                  00009e18    00000064     drivers_cc13x2.a : UDMACC26XX.c.obj (.text.UDMACC26XX_open)
                  00009e7c    00000064     ti_sysbios_config.o (.text.ti_sysbios_knl_Idle_init)
                  00009ee0    00000064     ti_sysbios_config.o (.text.ti_sysbios_knl_TaskSupport_buildTaskStack)
                  00009f44    00000062     rf_multiMode_cc13x2.a : RFCC26X2_multiMode.c.cc13x2.ticlang.o (.text.RF_syncCb)
                  00009fa6    00000002                           : RFCC26X2_multiMode.c.cc13x2.ticlang.o (.text.RF_defaultCallback)
                  00009fa8    00000060     ti_sysbios_config.o (.text.ti_sysbios_knl_Clock_walkQueueDynamic)
                  0000a008    00000060     ti_sysbios_config.o (.text.ti_sysbios_knl_Semaphore_post)
                  0000a068    00000060     ti_sysbios_config.o (.text.ti_sysbios_knl_Swi_schedule)
                  0000a0c8    00000060     uart.o (.text.uart_send_ccsds)
                  0000a128    0000005e     rf_multiMode_cc13x2.a : rfc.c.cc13x2.ticlang.o (.text.NOROM_RFCAnaDivTxOverride)
                  0000a186    00000002     drivers_cc13x2.a : UART2CC26X2.c.obj (.text.UART2CC26X2_eventCallback)
                  0000a188    0000005c     ti_sysbios_config.o (.text.pthread_exit)
                  0000a1e4    00000058     rf_multiMode_cc13x2.a : RFCC26X2_multiMode.c.cc13x2.ticlang.o (.text.RF_applyRfCorePatch)
                  0000a23c    00000058     main_tirtos.o (.text.main)
                  0000a294    00000058     radio.o (.text.radio_rxCallback)
                  0000a2ec    00000058     sysbios.a : Hwi_asm_switch_gcc.s.obj (.text.ti_sysbios_family_arm_m3_Hwi_initStacks)
                  0000a344    00000054     rf_multiMode_cc13x2.a : RFCC26X2_multiMode.c.cc13x2.ticlang.o (.text.RF_getCurrentTime)
                  0000a398    00000050     ti_drivers_config.o (.text.Board_shutDownExtFlash)
                  0000a3e8    00000050     rf_multiMode_cc13x2.a : RFCC26X2_multiMode.c.cc13x2.ticlang.o (.text.RF_wakeupNotification)
                  0000a438    00000050     ti_sysbios_config.o (.text.ti_sysbios_knl_Swi_post)
                  0000a488    00000050     ti_sysbios_config.o (.text.ti_sysbios_knl_Swi_runLoop)
                  0000a4d8    00000050     uart.o (.text.uart_send)
                  0000a528    0000004e     ti_drivers_config.o (.text.Board_sendExtFlashByte)
                  0000a576    0000004e     ti_sysbios_config.o (.text.ti_sysbios_heaps_HeapMem_freeUnprotected)
                  0000a5c4    0000004c     ti_sysbios_config.o (.text.BIOS_startFunc)
                  0000a610    0000004c     driverlib.lib : chipinfo.c.obj (.text.NOROM_ChipInfo_GetHwRevision)
                  0000a65c    0000004c     rf_multiMode_cc13x2.a : RFCC26X2_multiMode.c.cc13x2.ticlang.o (.text.RF_fsmXOSCState)
                  0000a6a8    0000004c     drivers_cc13x2.a : SPICC26X2DMA.c.obj (.text.initHw)
                  0000a6f4    0000004c                      : PowerCC26X2.c.obj (.text.switchXOSCHF)
                  0000a740    0000004c     ti_sysbios_config.o (.text.ti_sysbios_knl_Swi_Instance_init)
                  0000a78c    0000004a     drivers_cc13x2.a : SPICC26X2DMA.c.obj (.text.SPICC26X2DMA_swiFxn)
                  0000a7d6    00000002                      : WatchdogCC26XX.c.obj (.text.WatchdogCC26XX_close)
                  0000a7d8    00000048     ti_sysbios_config.o (.text.BIOS_init)
                  0000a820    00000048     rf_multiMode_cc13x2.a : rfc.c.cc13x2.ticlang.o (.text.NOROM_RFCSynthPowerDown)
                  0000a868    00000048     drivers_cc13x2.a : PowerCC26X2.c.obj (.text.PowerCC26XX_switchXOSC_HF)
                  0000a8b0    00000048                      : UART2.c.obj (.text.UART2_readFull)
                  0000a8f8    00000048     ti_sysbios_config.o (.text.ti_sysbios_family_arm_cc26xx_Timer_start)
                  0000a940    00000048     ti_sysbios_config.o (.text.ti_sysbios_heaps_HeapMem_Instance_init)
                  0000a988    00000048     ti_sysbios_config.o (.text.ti_sysbios_heaps_HeapMem_alloc)
                  0000a9d0    00000048     ti_sysbios_config.o (.text.ti_sysbios_knl_Task_schedule)
                  0000aa18    00000048     ti_sysbios_config.o (.text.ti_sysbios_runtime_Startup_exec)
                  0000aa60    00000048     uart.o (.text.uart_task)
                  0000aaa8    00000046     drivers_cc13x2.a : RingBuf.c.obj (.text.RingBuf_put)
                  0000aaee    00000002     libclang_rt.builtins.a : aeabi_div0.c.obj (.text.__aeabi_ldiv0)
                  0000aaf0    00000044     ti_sysbios_config.o (.text.BIOS_atExitFunc)
                  0000ab34    00000044     drivers_cc13x2.a : GPIOCC26X2.c.obj (.text.GPIO_hwiIntFxn)
                  0000ab78    00000044     driverlib.lib : prcm.c.obj (.text.NOROM_PRCMPowerDomainsAllOff)
                  0000abbc    00000044                   : prcm.c.obj (.text.NOROM_PRCMPowerDomainsAllOn)
                  0000ac00    00000044     rf_multiMode_cc13x2.a : RFCC26X2_multiMode.c.cc13x2.ticlang.o (.text.RF_TxPowerTable_findValue)
                  0000ac44    00000044                           : RFCC26X2_multiMode.c.cc13x2.ticlang.o (.text.RF_cmdGet)
                  0000ac88    00000044                           : RFCC26X2_multiMode.c.cc13x2.ticlang.o (.text.RF_updatePowerupDuration)
                  0000accc    00000044     drivers_cc13x2.a : SPI.c.obj (.text.SPI_init)
                  0000ad10    00000044                      : Watchdog.c.obj (.text.Watchdog_init)
                  0000ad54    00000044     ti_sysbios_config.o (.text.ti_sysbios_family_arm_m3_Hwi_Instance_finalize)
                  0000ad98    00000044     ti_sysbios_config.o (.text.ti_sysbios_family_arm_m3_Hwi_construct2)
                  0000addc    00000044     ti_sysbios_config.o (.text.ti_sysbios_family_arm_m3_Hwi_disableInterrupt)
                  0000ae20    00000044     ti_sysbios_config.o (.text.ti_sysbios_family_arm_m3_Hwi_enableInterrupt)
                  0000ae64    00000044     ti_sysbios_config.o (.text.ti_sysbios_knl_Swi_restore)
                  0000aea8    00000044     ti_sysbios_config.o (.text.ti_sysbios_knl_Task_create)
                  0000aeec    00000040     drivers_cc13x2.a : PowerCC26X2_calibrateRCOSC.c.obj (.text.PowerCC26X2_RCOSC_clockFunc)
                  0000af2c    00000040                      : PowerCC26X2_calibrateRCOSC_helpers.c.obj (.text.PowerCC26X2_setAclkRefSrc)
                  0000af6c    00000040                      : SPI.c.obj (.text.SPI_open)
                  0000afac    00000040                      : Watchdog.c.obj (.text.Watchdog_open)
                  0000afec    00000040     oad_flash_stub.o (.text.flashWriteEnable)
                  0000b02c    00000040     radio.o (.text.radio_setTxPower)
                  0000b06c    00000040     ti_sysbios_config.o (.text.ti_sysbios_heaps_HeapMem_getStats)
                  0000b0ac    00000040     ti_sysbios_config.o (.text.ti_sysbios_knl_ClockSupport_init)
                  0000b0ec    00000040     ti_sysbios_config.o (.text.ti_sysbios_knl_Clock_getTicksUntilInterrupt)
                  0000b12c    00000040     ti_sysbios_config.o (.text.ti_sysbios_knl_Task_exit)
                  0000b16c    00000040     main.o (.text.watchdogTask)
                  0000b1ac    0000003c     drivers_cc13x2.a : GPIO.c.obj (.text.GPIO_resetConfig)
                  0000b1e8    0000003c     ti_sysbios_config.o (.text.HwiP_construct)
                  0000b224    0000003c     driverlib.lib : osc.c.obj (.text.NOROM_OSC_HPOSCRelativeFrequencyOffsetGet)
                  0000b260    0000003c     drivers_cc13x2.a : PowerCC26X2_calibrateRCOSC_helpers.c.obj (.text.PowerCC26X2_setTdcClkSrc24M)
                  0000b29c    0000003c     rf_multiMode_cc13x2.a : rf_patch_cpe_prop.c.cc13x2.ticlang.o (.text.configurePropPatch)
                  0000b2d8    0000003c     ti_sysbios_config.o (.text.ti_sysbios_family_arm_cc26xx_Timer_periodicStub)
                  0000b314    0000003c     ti_sysbios_config.o (.text.ti_sysbios_family_arm_cc26xx_Timer_setThreshold)
                  0000b350    0000003c     ti_sysbios_config.o (.text.ti_sysbios_heaps_HeapMem_construct)
                  0000b38c    0000003c     ti_sysbios_config.o (.text.ti_sysbios_knl_Task_blockI)
                  0000b3c8    0000003c     ti_sysbios_config.o (.text.ti_sysbios_knl_Task_restore)
                  0000b404    0000003c     ti_sysbios_config.o (.text.ti_sysbios_runtime_Memory_alloc)
                  0000b440    0000003c     uart.o (.text.uart_init)
                  0000b47c    0000003a     ccsds.o (.text.ccsds_build_header)
                  0000b4b6    00000002     libc.a : _lock.c.obj (.text._nop)
                  0000b4b8    00000038     driverlib.lib : osc.c.obj (.text.InternCapArrayAdjustWithBaseline7001F)
                  0000b4f0    00000038                   : aux_sysif.c.obj (.text.NOROM_AUXSYSIFOpModeChange)
                  0000b528    00000038                   : osc.c.obj (.text.NOROM_OSCHF_SwitchToRcOscTurnOffXosc)
                  0000b560    00000038                   : sys_ctrl.c.obj (.text.NOROM_SysCtrlIdle)
                  0000b598    00000038                   : osc.c.obj (.text.OSCHfSourceSwitch)
                  0000b5d0    00000038     drivers_cc13x2.a : PowerCC26X2_helpers.c.obj (.text.PowerCC26X2_oscDisableQualifiers)
                  0000b608    00000038                      : RingBuf.c.obj (.text.RingBuf_putAdvance)
                  0000b640    00000038                      : UART2.c.obj (.text.UART2_rxEnable)
                  0000b678    00000038                      : UDMACC26XX.c.obj (.text.UDMACC26XX_close)
                  0000b6b0    00000038     oad_flash_stub.o (.text.spiXfer)
                  0000b6e8    00000038     ti_sysbios_config.o (.text.ti_sysbios_knl_Task_processVitalTaskFlag)
                  0000b720    00000038     libc.a : autoinit.c.obj (.text:__TI_auto_init_nobinit_nopinit)
                  0000b758    00000036     ti_sysbios_config.o (.text.SwiP_construct)
                  0000b78e    00000002     drivers_cc13x2.a : PowerCC26X2.c.obj (.text.emptyClockFunc)
                  0000b790    00000034                      : PowerCC26X2_helpers.c.obj (.text.PowerCC26X2_setSubSecIncToXoscLf)
                  0000b7c4    00000034                      : PowerCC26X2.c.obj (.text.Power_releaseConstraint)
                  0000b7f8    00000034     rf_multiMode_cc13x2.a : RFCC26X2_multiMode.c.cc13x2.ticlang.o (.text.RF_powerConstraintRelease)
                  0000b82c    00000034                           : RFCC26X2_multiMode.c.cc13x2.ticlang.o (.text.RF_runDirectImmediateCmd)
                  0000b860    00000034     drivers_cc13x2.a : UART2CC26X2.c.obj (.text.UART2Support_sendData)
                  0000b894    00000034     ti_sysbios_config.o (.text._pthread_cleanupFxn)
                  0000b8c8    00000034     oad_flash_stub.o (.text.flashWaitReady)
                  0000b8fc    00000034     ti_sysbios_config.o (.text.ti_sysbios_family_arm_m3_Hwi_getStackInfo)
                  0000b930    00000034     ti_sysbios_config.o (.text.ti_sysbios_family_arm_m3_Hwi_init)
                  0000b964    00000034     ti_sysbios_config.o (.text.ti_sysbios_knl_Clock_Instance_init)
                  0000b998    00000034     ti_sysbios_config.o (.text.ti_sysbios_knl_Task_unblockI)
                  0000b9cc    00000034     ti_sysbios_config.o (.text.ti_sysbios_runtime_Error_raiseX)
                  0000ba00    00000034     sysbios.a : boot_cortex_m.c.obj (.text:_c_int00)
                  0000ba34    00000032     ti_sysbios_config.o (.text.ti_sysbios_knl_Semaphore_pendTimeout)
                  0000ba66    00000002     ti_sysbios_config.o (.text.ti_sysbios_runtime_System_exitSpin)
                  0000ba68    00000030     ti_drivers_config.o (.text.Board_wakeUpExtFlash)
                  0000ba98    00000030     ti_sysbios_config.o (.text.ClockP_construct)
                  0000bac8    00000030     drivers_cc13x2.a : GPIOCC26XX.c.obj (.text.GPIO_setInterruptConfig)
                  0000baf8    00000030                      : PowerCC26X2.c.obj (.text.Power_setConstraint)
                  0000bb28    00000030     rf_multiMode_cc13x2.a : RFCC26X2_multiMode.c.cc13x2.ticlang.o (.text.RF_checkCmdFsError)
                  0000bb58    00000030     driverlib.lib : osc.c.obj (.text.SpecialCapArrayWorkaroundEnabledAndNeeded)
                  0000bb88    00000030     drivers_cc13x2.a : WatchdogCC26XX.c.obj (.text.WatchdogCC26XX_setReload)
                  0000bbb8    00000030     oad_flash_stub.o (.text.extFlashClose)
                  0000bbe8    00000030     drivers_cc13x2.a : PowerCC26X2.c.obj (.text.notify)
                  0000bc18    00000030     main.o (.text.rf_forward_enqueue)
                  0000bc48    00000030     ti_sysbios_config.o (.text.ti_sysbios_family_arm_m3_Hwi_excHandlerMin)
                  0000bc78    00000030     ti_sysbios_config.o (.text.ti_sysbios_heaps_HeapMem_free)
                  0000bca8    00000030     ti_sysbios_config.o (.text.ti_sysbios_knl_TaskSupport_start)
                  0000bcd8    00000030     ti_sysbios_config.o (.text.ti_sysbios_runtime_System_atexit)
                  0000bd08    00000030     ti_sysbios_config.o (.text.ti_sysbios_runtime_System_processAtExit)
                  0000bd38    00000030     ti_sysbios_config.o (.text.usleep)
                  0000bd68    0000002e     rf_multiMode_cc13x2.a : RFCC26X2_multiMode.c.cc13x2.ticlang.o (.text.RF_calculateDeltaTimeUs)
                  0000bd96    0000002e     drivers_cc13x2.a : RingBuf.c.obj (.text.RingBuf_getConsume)
                  0000bdc4    0000002e                      : RingBuf.c.obj (.text.RingBuf_putPointer)
                  0000bdf2    00000002     --HOLE-- [fill = 0]
                  0000bdf4    0000002c     ti_sysbios_config.o (.text.PowerCC26XX_schedulerDisable)
                  0000be20    0000002c     rf_multiMode_cc13x2.a : RFCC26X2_multiMode.c.cc13x2.ticlang.o (.text.RF_executeDirectImmediateCmd)
                  0000be4c    0000002c     drivers_cc13x2.a : UART2CC26X2.c.obj (.text.UART2CC26X2_getRxData)
                  0000be78    0000002c                      : UART2CC26X2.c.obj (.text.UART2Support_enableInts)
                  0000bea4    0000002c     ti_sysbios_config.o (.text._pthread_delete)
                  0000bed0    0000002c     rf_multiMode_cc13x2.a : rf_patch_cpe_prop.c.cc13x2.ticlang.o (.text.rf_patch_cpe_prop)
                  0000befc    0000002c     ti_sysbios_config.o (.text.ti_sysbios_gates_GateMutex_enter)
                  0000bf28    0000002c     ti_sysbios_config.o (.text.ti_sysbios_knl_Clock_getTicks)
                  0000bf54    0000002c     ti_sysbios_config.o (.text.ti_sysbios_knl_Clock_getTimeout)
                  0000bf80    0000002c     ti_sysbios_config.o (.text.ti_sysbios_knl_Task_restoreHwi)
                  0000bfac    0000002a     drivers_cc13x2.a : UART2CC26X2.c.obj (.text.UART2Support_powerRelConstraint)
                  0000bfd6    0000002a                      : WatchdogCC26XX.c.obj (.text.WatchdogCC26XX_convertMsToTicks)
                  0000c000    0000002a     ti_sysbios_config.o (.text.ti_sysbios_family_arm_cc26xx_Timer_setNextTick)
                  0000c02a    0000002a     ti_sysbios_config.o (.text.ti_sysbios_knl_Task_allBlockedFunction)
                  0000c054    00000028     ti_sysbios_config.o (.text.BIOS_registerRTSLock)
                  0000c07c    00000028     drivers_cc13x2.a : List.c.obj (.text.List_remove)
                  0000c0a4    00000028     driverlib.lib : osc.c.obj (.text.NOROM_OSC_CapArrayAdjustWorkaround_Boot)
                  0000c0cc    00000028                   : chipinfo.c.obj (.text.NOROM_ThisLibraryIsFor_CC13x2_CC26x2_HwRev20AndLater_HaltIfViolated)
                  0000c0f4    00000028     drivers_cc13x2.a : PowerCC26X2.c.obj (.text.PowerCC26XX_isStableXOSC_HF)
                  0000c11c    00000028     rf_multiMode_cc13x2.a : RFCC26X2_multiMode.c.cc13x2.ticlang.o (.text.RF_cmdStoreEvents)
                  0000c144    00000028     ccsds.o (.text.ccsds_validate)
                  0000c16c    00000028     sysbios.a : Hwi_asm_gcc.s.obj (.text.ti_sysbios_family_arm_m3_Hwi_excHandlerAsm)
                  0000c194    00000028     ti_sysbios_config.o (.text.ti_sysbios_gates_GateMutex_Instance_init)
                  0000c1bc    00000028     ti_sysbios_config.o (.text.ti_sysbios_knl_Semaphore_Instance_init)
                  0000c1e4    00000028     ti_sysbios_config.o (.text.ti_sysbios_knl_Swi_init)
                  0000c20c    00000028     sysbios.a : TaskSupport_asm_gcc.s.obj (.text.ti_sysbios_knl_TaskSupport_swap)
                  0000c234    00000028     ti_sysbios_config.o (.text.ti_sysbios_knl_Task_construct)
                  0000c25c    00000028     ti_sysbios_config.o (.text.ti_sysbios_knl_Task_init)
                  0000c284    00000026     drivers_cc13x2.a : List.c.obj (.text.List_insert)
                  0000c2aa    00000026     rf_multiMode_cc13x2.a : RFCC26X2_multiMode.c.cc13x2.ticlang.o (.text.RF_runCmd)
                  0000c2d0    00000026     drivers_cc13x2.a : UART2CC26X2.c.obj (.text.UART2Support_powerSetConstraint)
                  0000c2f6    00000026                      : SPICC26X2DMA.c.obj (.text.flushFifos)
                  0000c31c    00000024     ti_sysbios_config.o (.text.BIOS_removeRTSLock)
                  0000c340    00000024     drivers_cc13x2.a : List.c.obj (.text.List_put)
                  0000c364    00000024                      : List.c.obj (.text.List_putHead)
                  0000c388    00000024     driverlib.lib : osc.c.obj (.text.NOROM_OSCHF_TurnOnXosc)
                  0000c3ac    00000024     drivers_cc13x2.a : PowerCC26X2_helpers.c.obj (.text.PowerCC26X2_getOscHfSourceReady)
                  0000c3d0    00000024                      : PowerCC26X2_calibrateRCOSC_helpers.c.obj (.text.PowerCC26X2_writeCtrim)
                  0000c3f4    00000024                      : PowerCC26X2_calibrateRCOSC_helpers.c.obj (.text.PowerCC26X2_writeCtrimFract)
                  0000c418    00000024                      : PowerCC26X2_calibrateRCOSC_helpers.c.obj (.text.PowerCC26X2_writeCtrimFractEn)
                  0000c43c    00000024                      : PowerCC26X2_calibrateRCOSC_helpers.c.obj (.text.PowerCC26X2_writeRtrim)
                  0000c460    00000024                      : PowerCC26X2.c.obj (.text.Power_registerNotify)
                  0000c484    00000024     rf_multiMode_cc13x2.a : RFCC26X2_multiMode.c.cc13x2.ticlang.o (.text.RF_clkPowerUp)
                  0000c4a8    00000024                           : RFCC26X2_multiMode.c.cc13x2.ticlang.o (.text.RF_hwiCpe0ChangePhy)
                  0000c4cc    00000024                           : RFCC26X2_multiMode.c.cc13x2.ticlang.o (.text.RF_isStateTransitionAllowed)
                  0000c4f0    00000024                           : RFCC26X2_multiMode.c.cc13x2.ticlang.o (.text.RF_searchAndReplacePAOverride)
                  0000c514    00000024     drivers_cc13x2.a : SPICC26X2DMA.c.obj (.text.releaseConstraint)
                  0000c538    00000024     ti_sysbios_config.o (.text.ti_sysbios_family_arm_m3_Hwi_construct)
                  0000c55c    00000024     ti_sysbios_config.o (.text.ti_sysbios_knl_Semaphore_destruct)
                  0000c580    00000024     ti_sysbios_config.o (.text.ti_sysbios_knl_Task_enter)
                  0000c5a4    00000022     drivers_cc13x2.a : List.c.obj (.text.List_get)
                  0000c5c6    00000022                      : RingBuf.c.obj (.text.RingBuf_getPointer)
                  0000c5e8    00000022                      : UART2.c.obj (.text.UART2_read)
                  0000c60a    00000002     --HOLE-- [fill = 0]
                  0000c60c    00000020     ti_sysbios_config.o (.text.HwiP_clearInterrupt)
                  0000c62c    00000020     driverlib.lib : aux_adc.c.obj (.text.NOROM_AUXADCEnableSync)
                  0000c64c    00000020     rf_multiMode_cc13x2.a : rfc.c.cc13x2.ticlang.o (.text.NOROM_RFCDoorbellSendTo)
                  0000c66c    00000020                           : rfc.c.cc13x2.ticlang.o (.text.NOROM_RFCOverrideSearch)
                  0000c68c    00000020     drivers_cc13x2.a : PowerCC26X2_helpers.c.obj (.text.PowerCC26X2_disableTCXOQual)
                  0000c6ac    00000020                      : PowerCC26X2_helpers.c.obj (.text.PowerCC26X2_enableTCXOQual)
                  0000c6cc    00000020     ti_sysbios_config.o (.text.PowerCC26XX_schedulerRestore)
                  0000c6ec    00000020     drivers_cc13x2.a : PowerCC26X2.c.obj (.text.Power_unregisterNotify)
                  0000c70c    00000020     rf_multiMode_cc13x2.a : RFCC26X2_multiMode.c.cc13x2.ticlang.o (.text.RF_cmdAlloc)
                  0000c72c    00000020                           : RFCC26X2_multiMode.c.cc13x2.ticlang.o (.text.RF_invokeGlobalCallback)
                  0000c74c    00000020                           : RFCC26X2_multiMode.c.cc13x2.ticlang.o (.text.RF_ratIsRunning)
                  0000c76c    00000020                           : RFCC26X2_multiMode.c.cc13x2.ticlang.o (.text.RF_setTxPower)
                  0000c78c    00000020     ti_sysbios_config.o (.text.SemaphoreP_constructBinary)
                  0000c7ac    00000020     ti_sysbios_config.o (.text.ti_sysbios_family_arm_m3_Hwi_initStack)
                  0000c7cc    00000020     ti_sysbios_config.o (.text.ti_sysbios_knl_Task_delete)
                  0000c7ec    00000020     ti_sysbios_config.o (.text.ti_sysbios_knl_Task_destruct)
                  0000c80c    0000001e     drivers_cc13x2.a : UART2.c.obj (.text.UART2_writeTimeout)
                  0000c82a    0000001e     sysbios.a : Hwi_asm_switch_gcc.s.obj (.text.ti_sysbios_family_arm_m3_Hwi_switchAndRunFunc)
                  0000c848    0000001c     ti_sysbios_config.o (.text.BIOS_rtsLock)
                  0000c864    0000001c     drivers_cc13x2.a : GPIO.c.obj (.text.GPIO_setCallback)
                  0000c880    0000001c                      : PowerCC26X2.c.obj (.text.Power_getTransitionLatency)
                  0000c89c    0000001c     rf_multiMode_cc13x2.a : RFCC26X2_multiMode.c.cc13x2.ticlang.o (.text.RF_clkInactivityCallback)
                  0000c8b8    0000001c                           : RFCC26X2_multiMode.c.cc13x2.ticlang.o (.text.RF_getPAOverrideOffsetAndValue)
                  0000c8d4    0000001c                           : RFCC26X2_multiMode.c.cc13x2.ticlang.o (.text.RF_powerConstraintSet)
                  0000c8f0    0000001c                           : RFCC26X2_multiMode.c.cc13x2.ticlang.o (.text.RF_swiFsm)
                  0000c90c    0000001c     telemetry.o (.text.telemetry_update_rx)
                  0000c928    0000001c     ti_sysbios_config.o (.text.ti_sysbios_knl_Idle_run)
                  0000c944    0000001c     ti_sysbios_config.o (.text.ti_sysbios_knl_Queue_put)
                  0000c960    0000001c     ti_sysbios_config.o (.text.ti_sysbios_knl_Swi_construct)
                  0000c97c    0000001c     ti_sysbios_config.o (.text.ti_sysbios_knl_Swi_destruct)
                  0000c998    0000001a     ti_sysbios_config.o (.text.ti_sysbios_knl_Task_sleepTimeout)
                  0000c9b2    00000002     --HOLE-- [fill = 0]
                  0000c9b4    00000018     ti_sysbios_config.o (.text.BIOS_exitFunc)
                  0000c9cc    00000018     ti_sysbios_config.o (.text.BIOS_rtsUnlock)
                  0000c9e4    00000018     drivers_cc13x2.a : GPIOCC26XX.c.obj (.text.GPIO_disableInt)
                  0000c9fc    00000018     ti_sysbios_config.o (.text.HwiP_plug)
                  0000ca14    00000018     drivers_cc13x2.a : PowerCC26X2.c.obj (.text.PowerCC26XX_calibrate)
                  0000ca2c    00000018                      : PowerCC26X2.c.obj (.text.Power_idleFunc)
                  0000ca44    00000018     rf_multiMode_cc13x2.a : RFCC26X2_multiMode.c.cc13x2.ticlang.o (.text.RF_cancelCmd)
                  0000ca5c    00000018                           : RFCC26X2_multiMode.c.cc13x2.ticlang.o (.text.RF_restartClockTimeout)
                  0000ca74    00000018     uart.o (.text.handle_cmd_ack)
                  0000ca8c    00000018     ti_sysbios_config.o (.text.pthread_attr_init)
                  0000caa4    00000018     radio.o (.text.radio_rfSwitchSet)
                  0000cabc    00000018     ti_sysbios_config.o (.text.ti_sysbios_knl_Clock_scheduleNextTick)
                  0000cad4    00000018     ti_sysbios_config.o (.text.ti_sysbios_knl_Swi_construct2)
                  0000caec    00000018     ti_sysbios_config.o (.text.ti_sysbios_knl_Swi_or)
                  0000cb04    00000018     sysbios.a : TaskSupport_asm_gcc.s.obj (.text.ti_sysbios_knl_TaskSupport_glue)
                  0000cb1c    00000018     ti_sysbios_config.o (.text.ti_sysbios_knl_Task_unblock)
                  0000cb34    00000018     drivers_cc13x2.a : UART2CC26X2.c.obj (.text.uartDmaDisable)
                  0000cb4c    00000018                      : UART2CC26X2.c.obj (.text.uartDmaEnable)
                  0000cb64    00000016     ti_drivers_config.o (.text.Board_init)
                  0000cb7a    00000016     ti_sysbios_config.o (.text.HwiP_interruptsEnabled)
                  0000cb90    00000016     ti_sysbios_config.o (.text.HwiP_setFunc)
                  0000cba6    00000016     drivers_cc13x2.a : List.c.obj (.text.List_clearList)
                  0000cbbc    00000016     ti_sysbios_config.o (.text.ti_sysbios_knl_Clock_start)
                  0000cbd2    00000002     --HOLE-- [fill = 0]
                  0000cbd4    00000014     drivers_cc13x2.a : GPIOCC26XX.c.obj (.text.GPIO_read)
                  0000cbe8    00000014                      : GPIO.c.obj (.text.GPIO_setUserArg)
                  0000cbfc    00000014                      : SPICC26X2DMA.c.obj (.text.OUTLINED_FUNCTION_0)
                  0000cc10    00000014     RFQueue.o (.text.RFQueue_nextEntry)
                  0000cc24    00000014     rf_multiMode_cc13x2.a : RFCC26X2_multiMode.c.cc13x2.ticlang.o (.text.RF_dbellSyncOnAck)
                  0000cc38    00000014     ti_sysbios_config.o (.text.SwiP_disable)
                  0000cc4c    00000014     drivers_cc13x2.a : UART2CC26X2.c.obj (.text.UART2CC26X2_postNotifyFxn)
                  0000cc60    00000014     libclang_rt.builtins.a : aeabi_uldivmod.S.obj (.text.__aeabi_uldivmod)
                  0000cc74    00000014     libc.a : args_main.c.obj (.text._args_main)
                  0000cc88    00000014     ti_sysbios_config.o (.text.pthread_attr_setschedparam)
                  0000cc9c    00000014     ti_sysbios_config.o (.text.ti_sysbios_family_arm_m3_Hwi_switchFromBootStack)
                  0000ccb0    00000012     ti_sysbios_config.o (.text._pthread_runStub)
                  0000ccc2    00000012     libc.a : memcpy_t2.S.obj (.text:TI_memcpy_small)
                  0000ccd4    00000010     ti_sysbios_config.o (.text.ClockP_getCpuFreq)
                  0000cce4    00000010     drivers_cc13x2.a : GPIO.c.obj (.text.GPIO_getUserArg)
                  0000ccf4    00000010                      : GPIOCC26XX.c.obj (.text.GPIO_write)
                  0000cd04    00000010     ti_sysbios_config.o (.text.HwiP_Params_init)
                  0000cd14    00000010     ti_sysbios_config.o (.text.HwiP_post)
                  0000cd24    00000010     rf_multiMode_cc13x2.a : rfc.c.cc13x2.ticlang.o (.text.NOROM_RFCCpeIntGetAndClear)
                  0000cd34    00000010                           : rfc.c.cc13x2.ticlang.o (.text.NOROM_RFCHwIntGetAndClear)
                  0000cd44    00000010     drivers_cc13x2.a : PowerCC26X2_helpers.c.obj (.text.PowerCC26X2_oscCtlClearXtal)
                  0000cd54    00000010                      : PowerCC26X2_helpers.c.obj (.text.PowerCC26X2_prcmEnableCacheRetention)
                  0000cd64    00000010                      : PowerCC26X2_calibrateRCOSC_helpers.c.obj (.text.PowerCC26X2_readCtrim)
                  0000cd74    00000010                      : PowerCC26X2_calibrateRCOSC_helpers.c.obj (.text.PowerCC26X2_readCtrimFract)
                  0000cd84    00000010                      : PowerCC26X2_calibrateRCOSC_helpers.c.obj (.text.PowerCC26X2_readRtrim)
                  0000cd94    00000010                      : PowerCC26X2_helpers.c.obj (.text.PowerCC26X2_switchToTCXO)
                  0000cda4    00000010                      : PowerCC26X2.c.obj (.text.Power_getDependencyCount)
                  0000cdb4    00000010                      : RingBuf.c.obj (.text.RingBuf_construct)
                  0000cdc4    00000010     ti_sysbios_config.o (.text.SwiP_Params_init)
                  0000cdd4    00000010     drivers_cc13x2.a : UART2CC26X2.c.obj (.text.UART2Support_txDone)
                  0000cde4    00000010                      : Watchdog.c.obj (.text.Watchdog_Params_init)
                  0000cdf4    00000010     ccsds.o (.text.ccsds_get_apid)
                  0000ce04    00000010     telemetry.o (.text.telemetry_get_uptime_sec)
                  0000ce14    00000010     telemetry.o (.text.telemetry_update_tx)
                  0000ce24    00000010     telemetry.o (.text.telemetry_update_uart_rx)
                  0000ce34    00000010     ti_sysbios_config.o (.text.ti_sysbios_family_arm_cc26xx_Timer_dynamicStub)
                  0000ce44    00000010     ti_sysbios_config.o (.text.ti_sysbios_family_arm_m3_Hwi_excHandler)
                  0000ce54    00000010     libc.a : copy_zero_init.c.obj (.text:decompress:ZI)
                  0000ce64    0000000e     drivers_cc13x2.a : PowerCC26X2.c.obj (.text.OUTLINED_FUNCTION_0)
                  0000ce72    0000000e     rf_multiMode_cc13x2.a : RFCC26X2_multiMode.c.cc13x2.ticlang.o (.text.OUTLINED_FUNCTION_0)
                  0000ce80    0000000e                           : RFCC26X2_multiMode.c.cc13x2.ticlang.o (.text.OUTLINED_FUNCTION_4)
                  0000ce8e    0000000e     drivers_cc13x2.a : UART2.c.obj (.text.UART2_write)
                  0000ce9c    0000000e                      : PowerCC26X2.c.obj (.text.switchToTCXO)
                  0000ceaa    0000000e     ti_sysbios_config.o (.text.ti_sysbios_gates_GateMutex_leave)
                  0000ceb8    0000000e     libc.a : memset_t2.S.obj (.text:TI_memset_small)
                  0000cec6    0000000e            : copy_decompress_none.c.obj (.text:decompress:none)
                  0000ced4    0000000c     ti_sysbios_config.o (.text.BIOS_linkedWithIncorrectBootLibrary)
                  0000cee0    0000000c     ti_sysbios_config.o (.text.BIOS_start)
                  0000ceec    0000000c     ti_sysbios_config.o (.text.HwiP_disable)
                  0000cef8    0000000c     rf_multiMode_cc13x2.a : RFCC26X2_multiMode.c.cc13x2.ticlang.o (.text.OUTLINED_FUNCTION_2)
                  0000cf04    0000000c     drivers_cc13x2.a : PowerCC26X2_helpers.c.obj (.text.PowerCC26X2_oscClockSourceGet)
                  0000cf10    0000000c                      : PowerCC26X2_helpers.c.obj (.text.PowerCC26X2_setPeriphDeepSleepEnable)
                  0000cf1c    0000000c                      : PowerCC26X2_helpers.c.obj (.text.PowerCC26X2_sysCtrlGetResetSource)
                  0000cf28    0000000c                      : PowerCC26X2_helpers.c.obj (.text.PowerCC26X2_sysCtrlUpdateVoltageRegulator)
                  0000cf34    0000000c                      : PowerCC26X2.c.obj (.text.Power_getConstraintMask)
                  0000cf40    0000000c     RFQueue.o (.text.RFQueue_getDataEntry)
                  0000cf4c    0000000c     rf_multiMode_cc13x2.a : RFCC26X2_multiMode.c.cc13x2.ticlang.o (.text.RF_Params_init)
                  0000cf58    0000000c     drivers_cc13x2.a : SPI.c.obj (.text.SPI_Params_init)
                  0000cf64    0000000c     ti_sysbios_config.o (.text.SwiP_getTrigger)
                  0000cf70    0000000c     drivers_cc13x2.a : UART2CC26X2.c.obj (.text.UART2Support_disableTx)
                  0000cf7c    0000000c                      : UART2CC26X2.c.obj (.text.UART2Support_enableRx)
                  0000cf88    0000000c                      : UART2CC26X2.c.obj (.text.UART2Support_enableTx)
                  0000cf94    0000000c                      : UART2.c.obj (.text.UART2_Params_init)
                  0000cfa0    0000000c                      : WatchdogCC26XX.c.obj (.text.WatchdogCC26XX_callbackFxn)
                  0000cfac    0000000c                      : WatchdogCC26XX.c.obj (.text.WatchdogCC26XX_clear)
                  0000cfb8    0000000c     libc.a : _lock.c.obj (.text._register_lock)
                  0000cfc4    0000000c            : _lock.c.obj (.text._register_unlock)
                  0000cfd0    0000000c     oad_flash_stub.o (.text.extFlashInfo)
                  0000cfdc    0000000c     oad_flash_stub.o (.text.extFlashLastError)
                  0000cfe8    0000000c     ti_sysbios_config.o (.text.pthread_attr_setdetachstate)
                  0000cff4    0000000c     radio.o (.text.radio_isRxRunning)
                  0000d000    0000000c     radio.o (.text.radio_rxReady)
                  0000d00c    0000000c     drivers_cc13x2.a : SPICC26X2DMA.c.obj (.text.spiPostNotify)
                  0000d018    0000000c     ti_sysbios_config.o (.text.ti_sysbios_heaps_HeapMem_init)
                  0000d024    0000000c     ti_sysbios_config.o (.text.ti_sysbios_knl_ClockSupport_setNextTick)
                  0000d030    0000000c     ti_sysbios_config.o (.text.ti_sysbios_knl_Clock_tick)
                  0000d03c    0000000c     ti_sysbios_config.o (.text.ti_sysbios_knl_Task_Params_init)
                  0000d048    0000000c     uart.o (.text.uart_forward_rf_packet)
                  0000d054    0000000a     ti_sysbios_config.o (.text.ClockP_Params_init)
                  0000d05e    0000000a     radio.o (.text.OUTLINED_FUNCTION_0)
                  0000d068    0000000a     telemetry.o (.text.OUTLINED_FUNCTION_0)
                  0000d072    0000000a     uart.o (.text.OUTLINED_FUNCTION_0)
                  0000d07c    0000000a     rf_multiMode_cc13x2.a : RFCC26X2_multiMode.c.cc13x2.ticlang.o (.text.OUTLINED_FUNCTION_6)
                  0000d086    0000000a     drivers_cc13x2.a : PowerCC26X2_helpers.c.obj (.text.PowerCC26X2_sysCtrlStandby)
                  0000d090    0000000a                      : SPICC26X2DMA.c.obj (.text.SPICC26X2DMA_init)
                  0000d09a    0000000a     ti_sysbios_config.o (.text.SemaphoreP_pend)
                  0000d0a4    0000000a     drivers_cc13x2.a : UDMACC26XX.c.obj (.text.UDMACC26XX_hwiIntFxn)
                  0000d0ae    00000002     --HOLE-- [fill = 0]
                  0000d0b0    0000000a     libclang_rt.builtins.a : aeabi_memset.S.obj (.text.__aeabi_memset)
                  0000d0ba    00000008     driverlib.lib : cpu.c.obj (.text.NOROM_CPUcpsid)
                  0000d0c2    00000008                   : cpu.c.obj (.text.NOROM_CPUcpsie)
                  0000d0ca    00000008     drivers_cc13x2.a : SPICC26X2DMA.c.obj (.text.OUTLINED_FUNCTION_1)
                  0000d0d2    00000008     uart.o (.text.OUTLINED_FUNCTION_1)
                  0000d0da    00000008     rf_multiMode_cc13x2.a : RFCC26X2_multiMode.c.cc13x2.ticlang.o (.text.OUTLINED_FUNCTION_3)
                  0000d0e2    00000008     drivers_cc13x2.a : PowerCC26X2_helpers.c.obj (.text.PowerCC26X2_oschfTrySwitchToXosc)
                  0000d0ea    00000008                      : WatchdogCC26XX.c.obj (.text.WatchdogCC26XX_init)
                  0000d0f2    00000002     --HOLE-- [fill = 0]
                  0000d0f4    00000008     libc.a : aeabi_portable.c.obj (.text.__aeabi_errno_addr)
                  0000d0fc    00000008     libclang_rt.builtins.a : aeabi_memset.S.obj (.text.__aeabi_memclr)
                  0000d104    00000008     drivers_cc13x2.a : SPICC26X2DMA.c.obj (.text.blockingTransferCallback)
                  0000d10c    00000008     ti_sysbios_config.o (.text.ti_sysbios_runtime_System_exit)
                  0000d114    00000006     ti_sysbios_config.o (.text.ClockP_getSystemTickPeriod)
                  0000d11a    00000006     ti_sysbios_config.o (.text.ClockP_stop)
                  0000d120    00000006     drivers_cc13x2.a : GPIOCC26XX.c.obj (.text.GPIO_setConfig)
                  0000d126    00000006     ti_sysbios_config.o (.text.HwiP_restore)
                  0000d12c    00000006     driverlib.lib : cpu.c.obj (.text.NOROM_CPUdelay)
                  0000d132    00000006     drivers_cc13x2.a : UART2.c.obj (.text.OUTLINED_FUNCTION_0)
                  0000d138    00000006                      : UART2.c.obj (.text.OUTLINED_FUNCTION_1)
                  0000d13e    00000006     rf_multiMode_cc13x2.a : RFCC26X2_multiMode.c.cc13x2.ticlang.o (.text.OUTLINED_FUNCTION_5)
                  0000d144    00000006                           : RFCC26X2_multiMode.c.cc13x2.ticlang.o (.text.RF_clkReqAccess)
                  0000d14a    00000006     drivers_cc13x2.a : SPI.c.obj (.text.SPI_close)
                  0000d150    00000006                      : SPI.c.obj (.text.SPI_transfer)
                  0000d156    00000006                      : WatchdogCC26XX.c.obj (.text.WatchdogCC26XX_control)
                  0000d15c    00000006                      : Watchdog.c.obj (.text.Watchdog_clear)
                  0000d162    00000006     ti_sysbios_config.o (.text.pthread_attr_setstacksize)
                  0000d168    00000006     ti_sysbios_config.o (.text.ti_sysbios_family_arm_m3_Hwi_destruct)
                  0000d16e    00000006     ti_sysbios_config.o (.text.ti_sysbios_family_arm_m3_Hwi_doSwiRestore)
                  0000d174    00000006     ti_sysbios_config.o (.text.ti_sysbios_family_arm_m3_Hwi_doTaskRestore)
                  0000d17a    00000006     ti_sysbios_config.o (.text.ti_sysbios_knl_Idle_loop)
                  0000d180    00000006     ti_sysbios_config.o (.text.ti_sysbios_knl_Swi_startup)
                  0000d186    00000004     ti_sysbios_config.o (.text.ClockP_getTimeout)
                  0000d18a    00000004     ti_sysbios_config.o (.text.ClockP_isActive)
                  0000d18e    00000004     ti_sysbios_config.o (.text.ClockP_setTimeout)
                  0000d192    00000004     ti_sysbios_config.o (.text.ClockP_start)
                  0000d196    00000004     ti_sysbios_config.o (.text.HwiP_destruct)
                  0000d19a    00000004     ti_sysbios_config.o (.text.HwiP_disableInterrupt)
                  0000d19e    00000004     ti_sysbios_config.o (.text.HwiP_enableInterrupt)
                  0000d1a2    00000004     rf_multiMode_cc13x2.a : rfc.c.cc13x2.ticlang.o (.text.NOROM_RFCOverrideUpdate)
                  0000d1a6    00000004     drivers_cc13x2.a : PowerCC26X2_helpers.c.obj (.text.PowerCC26X2_oschfSwitchToRcosc)
                  0000d1aa    00000004                      : PowerCC26X2_helpers.c.obj (.text.PowerCC26X2_sysCtrlIdle)
                  0000d1ae    00000004                      : PowerCC26X2_helpers.c.obj (.text.PowerCC26X2_turnOnXosc)
                  0000d1b2    00000004     rf_multiMode_cc13x2.a : RFCC26X2_multiMode.c.cc13x2.ticlang.o (.text.RF_defaultExecutionPolicy)
                  0000d1b6    00000004     ti_sysbios_config.o (.text.ResetISR)
                  0000d1ba    00000004     drivers_cc13x2.a : RingBuf.c.obj (.text.RingBuf_getCount)
                  0000d1be    00000004     ti_sysbios_config.o (.text.SemaphoreP_destruct)
                  0000d1c2    00000004     ti_sysbios_config.o (.text.SemaphoreP_post)
                  0000d1c6    00000004     ti_sysbios_config.o (.text.SwiP_destruct)
                  0000d1ca    00000004     ti_sysbios_config.o (.text.SwiP_or)
                  0000d1ce    00000004     ti_sysbios_config.o (.text.SwiP_post)
                  0000d1d2    00000004     ti_sysbios_config.o (.text.SwiP_restore)
                  0000d1d6    00000002     --HOLE-- [fill = 0]
                  0000d1d8    00000004     libclang_rt.builtins.a : aeabi_memcpy.S.obj (.text.__aeabi_memcpy)
                  0000d1dc    00000004     ti_sysbios_config.o (.text._system_post_cinit)
                  0000d1e0    00000004     ti_sysbios_config.o (.text._system_pre_init)
                  0000d1e4    00000004     drivers_cc13x2.a : PowerCC26X2.c.obj (.text.configureRFCoreClocks)
                  0000d1e8    00000004                      : PowerCC26X2.c.obj (.text.nopResourceHandler)
                  0000d1ec    00000004     ti_sysbios_config.o (.text.ti_sysbios_heaps_HeapMem_isBlocking)

.rodata    0    0000d1f0    000008c4     
                  0000d1f0    000002e0     rf_multiMode_cc13x2.a : rf_patch_cpe_prop.c.cc13x2.ticlang.o (.rodata.patchImageProp)
                  0000d4d0    000000b0     ti_drivers_config.o (.rodata.uart2CC26X2HWAttrs)
                  0000d580    0000008d     ti_sysbios_config.o (.rodata.ti_sysbios_heaps_HeapMem_alloc.err)
                  0000d60d    00000089     ti_sysbios_config.o (.rodata.ti_sysbios_family_arm_m3_Hwi_Instance_init.err.1)
                  0000d696    00000089     ti_sysbios_config.o (.rodata.ti_sysbios_runtime_Memory_alloc.err)
                  0000d71f    00000086     ti_sysbios_config.o (.rodata.ti_sysbios_family_arm_m3_Hwi_Instance_init.err)
                  0000d7a5    00000002     drivers_cc13x2.a : UART2CC26X2.c.obj (.rodata.stopBits)
                  0000d7a7    00000001     ti_drivers_config.o (.rodata.GPIO_pinLowerBound)
                  0000d7a8    00000080     ti_drivers_config.o (.rodata.spiCC26X2DMAHWAttrs)
                  0000d828    00000054     drivers_cc13x2.a : PowerCC26X2.c.obj (.rodata.resourceDB)
                  0000d87c    00000024                      : UART2.c.obj (.rodata.UART2_defaultParams)
                  0000d8a0    00000024     ti_sysbios_config.o (.rodata.ti_sysbios_knl_Task_Params_default)
                  0000d8c4    00000020     drivers_cc13x2.a : SPI.c.obj (.rodata.SPI_defaultParams)
                  0000d8e4    00000020     rf_multiMode_cc13x2.a : RFCC26X2_multiMode.c.cc13x2.ticlang.o (.rodata.cst32)
                  0000d904    0000001d     ti_sysbios_config.o (.rodata.str1.114093530142707899381)
                  0000d921    00000001     ti_drivers_config.o (.rodata.GPIO_pinUpperBound)
                  0000d922    00000001     ti_drivers_config.o (.rodata.SPI_count)
                  0000d923    00000001     ti_drivers_config.o (.rodata.UART2_count)
                  0000d924    0000001c     drivers_cc13x2.a : WatchdogCC26XX.c.obj (.rodata.WatchdogCC26XX_fxnTable)
                  0000d940    0000001c     ti_sysbios_config.o (.rodata.ti_sysbios_family_arm_cc26xx_Timer_Params_default)
                  0000d95c    00000018     drivers_cc13x2.a : SPICC26X2DMA.c.obj (.rodata.SPICC26X2DMA_fxnTable)
                  0000d974    00000018     ti_drivers_config.o (.rodata.SPI_config)
                  0000d98c    00000018     drivers_cc13x2.a : SPICC26X2DMA.c.obj (.rodata.cst8)
                  0000d9a4    00000018                      : SPICC26X2DMA.c.obj (.rodata.frameFormat)
                  0000d9bc    00000018     ti_sysbios_config.o (.rodata.ti_sysbios_family_arm_m3_Hwi_Params_default)
                  0000d9d4    00000014     ti_drivers_config.o (.rodata.PowerCC26X2_config)
                  0000d9e8    00000014     ti_sysbios_config.o (.rodata.ti_sysbios_knl_Swi_Params_default)
                  0000d9fc    00000010     ti_drivers_config.o (.rodata.GPIO_config)
                  0000da0c    00000010     ti_drivers_config.o (.rodata.UART2_config)
                  0000da1c    0000000c     ti_drivers_config.o (.rodata.RFCC26XX_hwAttrs)
                  0000da28    0000000c     ti_drivers_config.o (.rodata.Watchdog_config)
                  0000da34    0000000c     drivers_cc13x2.a : Watchdog.c.obj (.rodata.Watchdog_defaultParams)
                  0000da40    0000000c     ti_sysbios_config.o (.rodata.ti_sysbios_heaps_HeapMem_Params_default)
                  0000da4c    0000000c     ti_sysbios_config.o (.rodata.ti_sysbios_knl_Clock_Params_default)
                  0000da58    0000000c     ti_sysbios_config.o (.rodata.ti_sysbios_knl_Semaphore_Params_default)
                  0000da64    00000008     rf_multiMode_cc13x2.a : RFCC26X2_multiMode.c.cc13x2.ticlang.o (.rodata..L__const.RF_hwiCpe0Active.activeCmd)
                  0000da6c    00000008     ti_drivers_config.o (.rodata.UDMACC26XX_config)
                  0000da74    00000008     driverlib.lib : aux_sysif.c.obj (.rodata.cst4)
                  0000da7c    00000008     ti_sysbios_config.o (.rodata.ti_sysbios_knl_Idle_funcList)
                  0000da84    00000008     ti_drivers_config.o (.rodata.udmaCC26XXHWAttrs)
                  0000da8c    00000008     ti_drivers_config.o (.rodata.watchdogCC26XXHWAttrs)
                  0000da94    00000005     drivers_cc13x2.a : UART2CC26X2.c.obj (.rodata.parityType)
                  0000da99    00000005                      : UART2CC26X2.c.obj (.rodata.rxFifoThreshold)
                  0000da9e    00000005                      : UART2CC26X2.c.obj (.rodata.txFifoThreshold)
                  0000daa3    00000001     ti_drivers_config.o (.rodata.Watchdog_count)
                  0000daa4    00000004     ti_sysbios_config.o (.rodata.TimestampP_nativeFormat32)
                  0000daa8    00000004     ti_sysbios_config.o (.rodata.TimestampP_nativeFormat64)
                  0000daac    00000004     drivers_cc13x2.a : UART2CC26X2.c.obj (.rodata.cst4)
                  0000dab0    00000004     ti_sysbios_config.o (.rodata.ti_sysbios_family_arm_m3_Hwi_swiTaskKeyAddress)

__llvm_prf_cnts 
*          0    20000000    00000000     UNINITIALIZED

__llvm_prf_bits 
*          0    20000000    00000000     UNINITIALIZED

.TI.bound:dmaUart0RxControlTableEntry 
*          0    20001810    00000010     UNINITIALIZED
                  20001810    00000010     ti_drivers_config.o (.TI.bound:dmaUart0RxControlTableEntry)

.TI.bound:dmaUart0TxControlTableEntry 
*          0    20001820    00000010     UNINITIALIZED
                  20001820    00000010     ti_drivers_config.o (.TI.bound:dmaUart0TxControlTableEntry)

.TI.bound:dmaSpi0RxControlTableEntry 
*          0    20001830    00000010     UNINITIALIZED
                  20001830    00000010     ti_drivers_config.o (.TI.bound:dmaSpi0RxControlTableEntry)

.TI.bound:dmaSpi0TxControlTableEntry 
*          0    20001840    00000010     UNINITIALIZED
                  20001840    00000010     ti_drivers_config.o (.TI.bound:dmaSpi0TxControlTableEntry)

.TI.bound:dmaUart1RxControlTableEntry 
*          0    20001850    00000010     UNINITIALIZED
                  20001850    00000010     ti_drivers_config.o (.TI.bound:dmaUart1RxControlTableEntry)

.TI.bound:dmaUart1TxControlTableEntry 
*          0    20001860    00000010     UNINITIALIZED
                  20001860    00000010     ti_drivers_config.o (.TI.bound:dmaUart1TxControlTableEntry)

.TI.bound:dmaSpi1RxControlTableEntry 
*          0    20001900    00000010     UNINITIALIZED
                  20001900    00000010     ti_drivers_config.o (.TI.bound:dmaSpi1RxControlTableEntry)

.TI.bound:dmaSpi1TxControlTableEntry 
*          0    20001910    00000010     UNINITIALIZED
                  20001910    00000010     ti_drivers_config.o (.TI.bound:dmaSpi1TxControlTableEntry)

.TI.bound:dmaSpi0RxAltControlTableEntry 
*          0    20001a30    00000010     UNINITIALIZED
                  20001a30    00000010     ti_drivers_config.o (.TI.bound:dmaSpi0RxAltControlTableEntry)

.TI.bound:dmaSpi0TxAltControlTableEntry 
*          0    20001a40    00000010     UNINITIALIZED
                  20001a40    00000010     ti_drivers_config.o (.TI.bound:dmaSpi0TxAltControlTableEntry)

.TI.bound:dmaSpi1RxAltControlTableEntry 
*          0    20001b00    00000010     UNINITIALIZED
                  20001b00    00000010     ti_drivers_config.o (.TI.bound:dmaSpi1RxAltControlTableEntry)

.TI.bound:dmaSpi1TxAltControlTableEntry 
*          0    20001b10    00000010     UNINITIALIZED
                  20001b10    00000010     ti_drivers_config.o (.TI.bound:dmaSpi1TxAltControlTableEntry)

.args      0    0000daf8    00000008     
                  0000daf8    00000008     --HOLE-- [fill = 0]

MODULE SUMMARY

       Module                                     code    ro data   rw data
       ------                                     ----    -------   -------
    .\
       main.o                                     616     0         5162   
       uart.o                                     2058    0         1248   
       radio.o                                    842     0         1859   
       oad_flash_stub.o                           916     0         40     
       telemetry.o                                270     0         24     
       RFQueue.o                                  132     0         4      
       ccsds.o                                    114     0         0      
       main_tirtos.o                              88      0         0      
       oad_image_header_app.o                     0       64        0      
    +--+------------------------------------------+-------+---------+---------+
       Total:                                     5036    64        8337   
                                                                           
    .\syscfg\
       ti_sysbios_config.o                        8616    802       1848   
       ti_drivers_config.o                        230     433       1980   
       ti_radio_config.o                          0       0         288    
       ti_devices_config.o                        0       88        0      
    +--+------------------------------------------+-------+---------+---------+
       Total:                                     8846    1323      4116   
                                                                           
    C:/ti/simplelink_cc13xx_cc26xx_sdk_8_32_00_07/kernel/tirtos7/packages/ti/sysbios/lib/ticlang/m4f/sysbios.a
       Hwi_asm_gcc.s.obj                          324     0         0      
       Hwi_asm_switch_gcc.s.obj                   118     0         0      
       TaskSupport_asm_gcc.s.obj                  64      0         0      
       boot_cortex_m.c.obj                        52      0         0      
    +--+------------------------------------------+-------+---------+---------+
       Total:                                     558     0         0      
                                                                           
    C:/ti/simplelink_cc13xx_cc26xx_sdk_8_32_00_07/source/ti/devices/cc13x2_cc26x2/driverlib/bin/ticlang/driverlib.lib
       osc.c.obj                                  452     0         32     
       sys_ctrl.c.obj                             400     0         0      
       setup.c.obj                                384     0         0      
       chipinfo.c.obj                             236     0         0      
       prcm.c.obj                                 136     0         0      
       aux_sysif.c.obj                            56      8         0      
       aux_adc.c.obj                              32      0         0      
       cpu.c.obj                                  22      0         0      
    +--+------------------------------------------+-------+---------+---------+
       Total:                                     1718    8         32     
                                                                           
    C:/ti/simplelink_cc13xx_cc26xx_sdk_8_32_00_07/source/ti/drivers/lib/ticlang/m4f/drivers_cc13x2.a
       SPICC26X2DMA.c.obj                         3108    72        0      
       PowerCC26X2.c.obj                          1834    84        376    
       UART2CC26X2.c.obj                          2158    21        0      
       UART2.c.obj                                1342    36        0      
       PowerCC26X2_calibrateRCOSC.c.obj           836     0         0      
       PowerCC26X2_calibrateRCOSC_helpers.c.obj   432     0         0      
[...]
0000c929  ti_sysbios_knl_Idle_run                                            
0000c945  ti_sysbios_knl_Queue_put                                           
0000c961  ti_sysbios_knl_Swi_construct                                       
0000c97d  ti_sysbios_knl_Swi_destruct                                        
0000c999  ti_sysbios_knl_Task_sleepTimeout                                   
0000c9b5  BIOS_exitFunc                                                      
0000c9cd  BIOS_rtsUnlock                                                     
0000c9e5  GPIO_disableInt                                                    
0000c9fd  HwiP_plug                                                          
0000ca15  PowerCC26XX_calibrate                                              
0000ca2d  Power_idleFunc                                                     
0000ca45  RF_cancelCmd                                                       
0000ca8d  pthread_attr_init                                                  
0000caa5  radio_rfSwitchSet                                                  
0000cabd  ti_sysbios_knl_Clock_scheduleNextTick                              
0000cad5  ti_sysbios_knl_Swi_construct2                                      
0000caed  ti_sysbios_knl_Swi_or                                              
0000cb05  ti_sysbios_knl_TaskSupport_glue                                    
0000cb1d  ti_sysbios_knl_Task_unblock                                        
0000cb65  Board_init                                                         
0000cb7b  HwiP_interruptsEnabled                                             
0000cb91  HwiP_setFunc                                                       
0000cba7  List_clearList                                                     
0000cbbd  ti_sysbios_knl_Clock_start                                         
0000cbd5  GPIO_read                                                          
0000cbe9  GPIO_setUserArg                                                    
0000cc11  RFQueue_nextEntry                                                  
0000cc39  SwiP_disable                                                       
0000cc61  __aeabi_uldivmod                                                   
0000cc75  _args_main                                                         
0000cc89  pthread_attr_setschedparam                                         
0000cc9d  ti_sysbios_family_arm_m3_Hwi_switchFromBootStack                   
0000ccc3  TI_memcpy_small                                                    
0000ccd5  ClockP_getCpuFreq                                                  
0000cce5  GPIO_getUserArg                                                    
0000ccf5  GPIO_write                                                         
0000cd05  HwiP_Params_init                                                   
0000cd15  HwiP_post                                                          
0000cd25  NOROM_RFCCpeIntGetAndClear                                         
0000cd35  NOROM_RFCHwIntGetAndClear                                          
0000cd45  PowerCC26X2_oscCtlClearXtal                                        
0000cd55  PowerCC26X2_prcmEnableCacheRetention                               
0000cd65  PowerCC26X2_readCtrim                                              
0000cd75  PowerCC26X2_readCtrimFract                                         
0000cd85  PowerCC26X2_readRtrim                                              
0000cd95  PowerCC26X2_switchToTCXO                                           
0000cda5  Power_getDependencyCount                                           
0000cdb5  RingBuf_construct                                                  
0000cdc5  SwiP_Params_init                                                   
0000cdd5  UART2Support_txDone                                                
0000cde5  Watchdog_Params_init                                               
0000cdf5  ccsds_get_apid                                                     
0000ce05  telemetry_get_uptime_sec                                           
0000ce15  telemetry_update_tx                                                
0000ce25  telemetry_update_uart_rx                                           
0000ce35  ti_sysbios_family_arm_cc26xx_Timer_dynamicStub                     
0000ce45  ti_sysbios_family_arm_m3_Hwi_excHandler                            
0000ce55  __TI_zero_init                                                     
0000ce8f  UART2_write                                                        
0000ceab  ti_sysbios_gates_GateMutex_leave                                   
0000ceb9  TI_memset_small                                                    
0000cec7  __TI_decompress_none                                               
0000ced5  BIOS_linkedWithIncorrectBootLibrary                                
0000cee1  BIOS_start                                                         
0000ceed  HwiP_disable                                                       
0000cf05  PowerCC26X2_oscClockSourceGet                                      
0000cf11  PowerCC26X2_setPeriphDeepSleepEnable                               
0000cf1d  PowerCC26X2_sysCtrlGetResetSource                                  
0000cf29  PowerCC26X2_sysCtrlUpdateVoltageRegulator                          
0000cf35  Power_getConstraintMask                                            
0000cf41  RFQueue_getDataEntry                                               
0000cf4d  RF_Params_init                                                     
0000cf59  SPI_Params_init                                                    
0000cf65  SwiP_getTrigger                                                    
0000cf71  UART2Support_disableTx                                             
0000cf7d  UART2Support_enableRx                                              
0000cf89  UART2Support_enableTx                                              
0000cf95  UART2_Params_init                                                  
0000cfad  WatchdogCC26XX_clear                                               
0000cfb9  _register_lock                                                     
0000cfc5  _register_unlock                                                   
0000cfd1  extFlashInfo                                                       
0000cfdd  extFlashLastError                                                  
0000cfe9  pthread_attr_setdetachstate                                        
0000cff5  radio_isRxRunning                                                  
0000d001  radio_rxReady                                                      
0000d019  ti_sysbios_heaps_HeapMem_init                                      
0000d025  ti_sysbios_knl_ClockSupport_setNextTick                            
0000d031  ti_sysbios_knl_Clock_tick                                          
0000d03d  ti_sysbios_knl_Task_Params_init                                    
0000d049  uart_forward_rf_packet                                             
0000d055  ClockP_Params_init                                                 
0000d087  PowerCC26X2_sysCtrlStandby                                         
0000d091  SPICC26X2DMA_init                                                  
0000d09b  SemaphoreP_pend                                                    
0000d0a5  UDMACC26XX_hwiIntFxn                                               
0000d0b1  __aeabi_memset                                                     
0000d0b1  __aeabi_memset4                                                    
0000d0b1  __aeabi_memset8                                                    
0000d0bb  NOROM_CPUcpsid                                                     
0000d0c3  NOROM_CPUcpsie                                                     
0000d0e3  PowerCC26X2_oschfTrySwitchToXosc                                   
0000d0eb  WatchdogCC26XX_init                                                
0000d0f5  __aeabi_errno_addr                                                 
0000d0fd  __aeabi_memclr                                                     
0000d0fd  __aeabi_memclr4                                                    
0000d0fd  __aeabi_memclr8                                                    
0000d10d  ti_sysbios_runtime_System_exit                                     
0000d115  ClockP_getSystemTickPeriod                                         
0000d11b  ClockP_stop                                                        
0000d121  GPIO_setConfig                                                     
0000d127  HwiP_restore                                                       
0000d12d  NOROM_CPUdelay                                                     
0000d14b  SPI_close                                                          
0000d151  SPI_transfer                                                       
0000d157  WatchdogCC26XX_control                                             
0000d15d  Watchdog_clear                                                     
0000d163  pthread_attr_setstacksize                                          
0000d169  ti_sysbios_family_arm_m3_Hwi_destruct                              
0000d16f  ti_sysbios_family_arm_m3_Hwi_doSwiRestore                          
0000d175  ti_sysbios_family_arm_m3_Hwi_doTaskRestore                         
0000d17b  ti_sysbios_knl_Idle_loop                                           
0000d181  ti_sysbios_knl_Swi_startup                                         
0000d187  ClockP_getTimeout                                                  
0000d18b  ClockP_isActive                                                    
0000d18f  ClockP_setTimeout                                                  
0000d193  ClockP_start                                                       
0000d197  HwiP_destruct                                                      
0000d19b  HwiP_disableInterrupt                                              
0000d19f  HwiP_enableInterrupt                                               
0000d1a3  NOROM_RFCOverrideUpdate                                            
0000d1a7  PowerCC26X2_oschfSwitchToRcosc                                     
0000d1ab  PowerCC26X2_sysCtrlIdle                                            
0000d1af  PowerCC26X2_turnOnXosc                                             
0000d1b3  RF_defaultExecutionPolicy                                          
0000d1b7  ResetISR                                                           
0000d1bb  RingBuf_getCount                                                   
0000d1bf  SemaphoreP_destruct                                                
0000d1c3  SemaphoreP_post                                                    
0000d1c7  SwiP_destruct                                                      
0000d1cb  SwiP_or                                                            
0000d1cf  SwiP_post                                                          
0000d1d3  SwiP_restore                                                       
0000d1d9  __aeabi_memcpy                                                     
0000d1d9  __aeabi_memcpy4                                                    
0000d1d9  __aeabi_memcpy8                                                    
0000d1dd  _system_post_cinit                                                 
0000d1e1  _system_pre_init                                                   
0000d1ed  ti_sysbios_heaps_HeapMem_isBlocking                                
0000d7a7  GPIO_pinLowerBound                                                 
0000d7a8  spiCC26X2DMAHWAttrs                                                
0000d828  resourceDB                                                         
0000d87c  UART2_defaultParams                                                
0000d8c4  SPI_defaultParams                                                  
0000d921  GPIO_pinUpperBound                                                 
0000d922  SPI_count                                                          
0000d923  UART2_count                                                        
0000d924  WatchdogCC26XX_fxnTable                                            
0000d95c  SPICC26X2DMA_fxnTable                                              
0000d974  SPI_config                                                         
0000d9d4  PowerCC26X2_config                                                 
0000d9fc  GPIO_config                                                        
0000da0c  UART2_config                                                       
0000da1c  RFCC26XX_hwAttrs                                                   
0000da28  Watchdog_config                                                    
0000da34  Watchdog_defaultParams                                             
0000da6c  UDMACC26XX_config                                                  
0000da7c  ti_sysbios_knl_Idle_funcList                                       
0000da84  udmaCC26XXHWAttrs                                                  
0000da8c  watchdogCC26XXHWAttrs                                              
0000daa3  Watchdog_count                                                     
0000daa4  TimestampP_nativeFormat32                                          
0000daa8  TimestampP_nativeFormat64                                          
0000dab0  ti_sysbios_family_arm_m3_Hwi_swiTaskKeyAddress                     
0000dab4  ti_sysbios_family_arm_m3_Hwi_resetVectors                          
0000daf8  __c_args__                                                         
0000dcac  __TI_Handler_Table_Base                                            
0000dcb8  __TI_Handler_Table_Limit                                           
0000dd20  __TI_CINIT_Base                                                    
0000dd90  __TI_CINIT_Limit                                                   
0000dd90  __TI_CINIT_Warm                                                    
00055fa8  __ccfg                                                             
20000000  PowerCC26X2_module                                                 
20000000  __start___llvm_prf_bits                                            
20000000  __start___llvm_prf_cnts                                            
20000000  __stop___llvm_prf_bits                                             
20000000  __stop___llvm_prf_cnts                                             
20000174  gpioPinConfigs                                                     
200001f0  ti_sysbios_runtime_Startup_done                                    
200001f5  ti_sysbios_knl_Idle_initDone                                       
200001f8  ti_sysbios_runtime_Memory_defaultHeapInstance                      
20000214  ti_sysbios_runtime_Error_ignore                                    
20000220  ti_sysbios_family_arm_cc26xx_Timer_Module_state                    
2000022c  ti_sysbios_runtime_System_Module_state                             
20000238  ti_sysbios_knl_Swi_Module_state                                    
200002c8  BIOS_Module_state                                                  
200002f4  ti_sysbios_family_arm_m3_Hwi_Module_state                          
20000330  ti_sysbios_knl_Clock_Module_state                                  
20000454  txPowerTable_2400_pa5                                              
200004a4  ti_sysbios_knl_Task_Module_state                                   
200004e0  RF_cmdPropRadioDivSetup_2gfsk250kbps_0                             
20000510  txPowerTable_2400_pa20                                             
20000538  RF_cmdPropRx_2gfsk250kbps_0                                        
20000574  RF_cmdFs_2gfsk250kbps_0                                            
2000058c  RF_cmdPropTx_2gfsk250kbps_0                                        
200005cc  pOverrides_2gfsk250kbps_0                                          
20000600  RF_prop_2gfsk250kbps_0                                             
20000610  _hposcCoeffs                                                       
2000063c  RFCC26XX_schedulerPolicy                                           
20000644  ti_sysbios_gates_GateMutex_Module_state                            
2000064c  ti_sysbios_heaps_HeapMem_Module_state                              
20000654  ti_sysbios_knl_Semaphore_Module_state                              
2000065c  gBeaconEnabled                                                     
20000663  gOadActive                                                         
2000066c  __aeabi_errno                                                      
20000670  _lock                                                              
20000674  _unlock                                                            
20000700  ti_sysbios_family_arm_m3_Hwi_ramVectors                            
20001b20  __primary_heap_start__                                             
20005b20  __primary_heap_end__                                               
20006f50  uart2CC26X2Objects                                                 
200076f0  spiCC26X2DMAObjects                                                
200078f0  ti_sysbios_knl_Idle_taskStack                                      
200084bc  ti_sysbios_family_arm_m3_Hwi_dispatchTable                         
20008594  gpioCallbackFunctions                                              
20008610  gpioUserArgs                                                       
2000868c  PowerCC26XX_swiKey                                                 
200086f8  ti_sysbios_knl_ClockSupport_timerStruct                            
20008758  ti_sysbios_knl_Idle_taskStruct                                     
20008874  ti_sysbios_knl_Swi_readyQs                                         
200088a4  ti_sysbios_knl_Task_readyQs                                        
200088d4  BIOS_heapMemObject                                                 
20008900  BIOS_rtsGate                                                       
20008928  ti_sysbios_heaps_HeapMem_gate                                      
20008950  watchdogCC26XXObjects                                              
200089d8  ti_sysbios_runtime_System_atexitHandlers                           
200089f8  udmaCC26XXObject                                                   
20008a80  PowerCC26XX_taskKey                                                
20008a84  readEntry                                                          
20008a88  rfTaskHandle                                                       
20008a8c  ti_sysbios_family_arm_cc26xx_TimestampProvider_Module_state        
20008a90  ti_sysbios_knl_Task_defaultStackHeap                               
20008a94  uartTaskHandle                                                     
20008a98  watchdogTaskHandle                                                 
20013a00  __stack                                                            
20014000  __STACK_END                                                        
90000000  TimestampP_nativeFormat64_copy                                     
90000004  TimestampP_nativeFormat32_copy                                     
ffffffff  __TI_pprof_out_hndl                                                
ffffffff  __TI_prof_data_size                                                
ffffffff  __TI_prof_data_start                                               
ffffffff  __binit__                                                          
ffffffff  binit                                                              
UNDEFED   ITM_flush                                                          
UNDEFED   ITM_restore                                                        
UNDEFED   __mpu_init                                                         

[516 symbols]
