<?xml version="1.0" encoding="ISO-8859-1" ?>
<link_info>
   <banner>TI ARM Clang Linker PC v3.2.2.LTS</banner>
   <copyright>Copyright (c) 1996-2018 Texas Instruments Incorporated</copyright>
   <link_time>0x6a3c6fb5</link_time>
   <link_errors>0x0</link_errors>
   <output_file>C:\Users\maxor\workspace_ccstheia\sck2400_firmware\Debug\sck2400_firmware.out</output_file>
   <entry_point>
      <name>ResetISR</name>
      <address>0xd1b7</address>
   </entry_point>
   <input_file_list>
      <input_file id="fl-1">
         <path>C:\Users\maxor\workspace_ccstheia\sck2400_firmware\Debug\.\</path>
         <kind>object</kind>
         <file>RFQueue.o</file>
         <name>RFQueue.o</name>
      </input_file>
      <input_file id="fl-2">
         <path>C:\Users\maxor\workspace_ccstheia\sck2400_firmware\Debug\.\</path>
         <kind>object</kind>
         <file>ccsds.o</file>
         <name>ccsds.o</name>
      </input_file>
      <input_file id="fl-3">
         <path>C:\Users\maxor\workspace_ccstheia\sck2400_firmware\Debug\.\</path>
         <kind>object</kind>
         <file>main.o</file>
         <name>main.o</name>
      </input_file>
      <input_file id="fl-4">
         <path>C:\Users\maxor\workspace_ccstheia\sck2400_firmware\Debug\.\</path>
         <kind>object</kind>
         <file>main_tirtos.o</file>
         <name>main_tirtos.o</name>
      </input_file>
      <input_file id="fl-5">
         <path>C:\Users\maxor\workspace_ccstheia\sck2400_firmware\Debug\.\</path>
         <kind>object</kind>
         <file>oad_flash_stub.o</file>
         <name>oad_flash_stub.o</name>
      </input_file>
      <input_file id="fl-6">
         <path>C:\Users\maxor\workspace_ccstheia\sck2400_firmware\Debug\.\</path>
         <kind>object</kind>
         <file>oad_image_header_app.o</file>
         <name>oad_image_header_app.o</name>
      </input_file>
      <input_file id="fl-7">
         <path>C:\Users\maxor\workspace_ccstheia\sck2400_firmware\Debug\.\</path>
         <kind>object</kind>
         <file>oad_task.o</file>
         <name>oad_task.o</name>
      </input_file>
      <input_file id="fl-8">
         <path>C:\Users\maxor\workspace_ccstheia\sck2400_firmware\Debug\.\</path>
         <kind>object</kind>
         <file>radio.o</file>
         <name>radio.o</name>
      </input_file>
      <input_file id="fl-9">
         <path>C:\Users\maxor\workspace_ccstheia\sck2400_firmware\Debug\.\syscfg\</path>
         <kind>object</kind>
         <file>ti_devices_config.o</file>
         <name>ti_devices_config.o</name>
      </input_file>
      <input_file id="fl-a">
         <path>C:\Users\maxor\workspace_ccstheia\sck2400_firmware\Debug\.\syscfg\</path>
         <kind>object</kind>
         <file>ti_radio_config.o</file>
         <name>ti_radio_config.o</name>
      </input_file>
      <input_file id="fl-b">
         <path>C:\Users\maxor\workspace_ccstheia\sck2400_firmware\Debug\.\syscfg\</path>
         <kind>object</kind>
         <file>ti_drivers_config.o</file>
         <name>ti_drivers_config.o</name>
      </input_file>
      <input_file id="fl-c">
         <path>C:\Users\maxor\workspace_ccstheia\sck2400_firmware\Debug\.\syscfg\</path>
         <kind>object</kind>
         <file>ti_sysbios_config.o</file>
         <name>ti_sysbios_config.o</name>
      </input_file>
      <input_file id="fl-d">
         <path>C:\Users\maxor\workspace_ccstheia\sck2400_firmware\Debug\.\</path>
         <kind>object</kind>
         <file>telemetry.o</file>
         <name>telemetry.o</name>
      </input_file>
      <input_file id="fl-e">
         <path>C:\Users\maxor\workspace_ccstheia\sck2400_firmware\Debug\.\</path>
         <kind>object</kind>
         <file>uart.o</file>
         <name>uart.o</name>
      </input_file>
      <input_file id="fl-1f">
         <path>C:\Users\maxor\workspace_ccstheia\sck2400_firmware\Debug\</path>
         <kind>object</kind>
         <file>&lt;internal&gt;</file>
         <name>&lt;internal&gt;</name>
      </input_file>
      <input_file id="fl-20">
         <path>C:\ti\simplelink_cc13xx_cc26xx_sdk_8_32_00_07\source\ti\drivers\rf\lib\ticlang\m4f\</path>
         <kind>archive</kind>
         <file>rf_multiMode_cc13x2.a</file>
         <name>RFCC26X2_multiMode.c.cc13x2.ticlang.o</name>
      </input_file>
      <input_file id="fl-21">
         <path>C:\ti\simplelink_cc13xx_cc26xx_sdk_8_32_00_07\source\ti\drivers\rf\lib\ticlang\m4f\</path>
         <kind>archive</kind>
         <file>rf_multiMode_cc13x2.a</file>
         <name>rfc.c.cc13x2.ticlang.o</name>
      </input_file>
      <input_file id="fl-22">
         <path>C:\ti\simplelink_cc13xx_cc26xx_sdk_8_32_00_07\source\ti\drivers\rf\lib\ticlang\m4f\</path>
         <kind>archive</kind>
         <file>rf_multiMode_cc13x2.a</file>
         <name>rf_patch_cpe_prop.c.cc13x2.ticlang.o</name>
      </input_file>
      <input_file id="fl-23">
         <path>C:\ti\simplelink_cc13xx_cc26xx_sdk_8_32_00_07\source\ti\drivers\lib\ticlang\m4f\</path>
         <kind>archive</kind>
         <file>drivers_cc13x2.a</file>
         <name>List.c.obj</name>
      </input_file>
      <input_file id="fl-24">
         <path>C:\ti\simplelink_cc13xx_cc26xx_sdk_8_32_00_07\source\ti\drivers\lib\ticlang\m4f\</path>
         <kind>archive</kind>
         <file>drivers_cc13x2.a</file>
         <name>GPIO.c.obj</name>
      </input_file>
      <input_file id="fl-25">
         <path>C:\ti\simplelink_cc13xx_cc26xx_sdk_8_32_00_07\source\ti\drivers\lib\ticlang\m4f\</path>
         <kind>archive</kind>
         <file>drivers_cc13x2.a</file>
         <name>GPIOCC26XX.c.obj</name>
      </input_file>
      <input_file id="fl-26">
         <path>C:\ti\simplelink_cc13xx_cc26xx_sdk_8_32_00_07\source\ti\drivers\lib\ticlang\m4f\</path>
         <kind>archive</kind>
         <file>drivers_cc13x2.a</file>
         <name>PowerCC26X2.c.obj</name>
      </input_file>
      <input_file id="fl-27">
         <path>C:\ti\simplelink_cc13xx_cc26xx_sdk_8_32_00_07\source\ti\drivers\lib\ticlang\m4f\</path>
         <kind>archive</kind>
         <file>drivers_cc13x2.a</file>
         <name>PowerCC26X2_calibrateRCOSC.c.obj</name>
      </input_file>
      <input_file id="fl-28">
         <path>C:\ti\simplelink_cc13xx_cc26xx_sdk_8_32_00_07\source\ti\drivers\lib\ticlang\m4f\</path>
         <kind>archive</kind>
         <file>drivers_cc13x2.a</file>
         <name>SPI.c.obj</name>
      </input_file>
      <input_file id="fl-29">
         <path>C:\ti\simplelink_cc13xx_cc26xx_sdk_8_32_00_07\source\ti\drivers\lib\ticlang\m4f\</path>
         <kind>archive</kind>
         <file>drivers_cc13x2.a</file>
         <name>TemperatureCC26X2.c.obj</name>
      </input_file>
      <input_file id="fl-2a">
         <path>C:\ti\simplelink_cc13xx_cc26xx_sdk_8_32_00_07\source\ti\drivers\lib\ticlang\m4f\</path>
         <kind>archive</kind>
         <file>drivers_cc13x2.a</file>
         <name>UART2.c.obj</name>
      </input_file>
      <input_file id="fl-2b">
         <path>C:\ti\simplelink_cc13xx_cc26xx_sdk_8_32_00_07\source\ti\drivers\lib\ticlang\m4f\</path>
         <kind>archive</kind>
         <file>drivers_cc13x2.a</file>
         <name>UART2CC26X2.c.obj</name>
      </input_file>
      <input_file id="fl-2c">
         <path>C:\ti\simplelink_cc13xx_cc26xx_sdk_8_32_00_07\source\ti\drivers\lib\ticlang\m4f\</path>
         <kind>archive</kind>
         <file>drivers_cc13x2.a</file>
         <name>Watchdog.c.obj</name>
      </input_file>
      <input_file id="fl-2d">
         <path>C:\ti\simplelink_cc13xx_cc26xx_sdk_8_32_00_07\source\ti\drivers\lib\ticlang\m4f\</path>
         <kind>archive</kind>
         <file>drivers_cc13x2.a</file>
         <name>GPIOCC26X2.c.obj</name>
      </input_file>
      <input_file id="fl-2e">
         <path>C:\ti\simplelink_cc13xx_cc26xx_sdk_8_32_00_07\source\ti\drivers\lib\ticlang\m4f\</path>
         <kind>archive</kind>
         <file>drivers_cc13x2.a</file>
         <name>PowerCC26X2_calibrateRCOSC_helpers.c.obj</name>
      </input_file>
      <input_file id="fl-2f">
         <path>C:\ti\simplelink_cc13xx_cc26xx_sdk_8_32_00_07\source\ti\drivers\lib\ticlang\m4f\</path>
         <kind>archive</kind>
         <file>drivers_cc13x2.a</file>
         <name>PowerCC26X2_helpers.c.obj</name>
      </input_file>
      <input_file id="fl-30">
         <path>C:\ti\simplelink_cc13xx_cc26xx_sdk_8_32_00_07\source\ti\drivers\lib\ticlang\m4f\</path>
         <kind>archive</kind>
         <file>drivers_cc13x2.a</file>
         <name>SPICC26X2DMA.c.obj</name>
      </input_file>
      <input_file id="fl-31">
         <path>C:\ti\simplelink_cc13xx_cc26xx_sdk_8_32_00_07\source\ti\drivers\lib\ticlang\m4f\</path>
         <kind>archive</kind>
         <file>drivers_cc13x2.a</file>
         <name>WatchdogCC26XX.c.obj</name>
      </input_file>
      <input_file id="fl-32">
         <path>C:\ti\simplelink_cc13xx_cc26xx_sdk_8_32_00_07\source\ti\drivers\lib\ticlang\m4f\</path>
         <kind>archive</kind>
         <file>drivers_cc13x2.a</file>
         <name>RingBuf.c.obj</name>
      </input_file>
      <input_file id="fl-33">
         <path>C:\ti\simplelink_cc13xx_cc26xx_sdk_8_32_00_07\source\ti\drivers\lib\ticlang\m4f\</path>
         <kind>archive</kind>
         <file>drivers_cc13x2.a</file>
         <name>UDMACC26XX.c.obj</name>
      </input_file>
      <input_file id="fl-34">
         <path>C:\ti\simplelink_cc13xx_cc26xx_sdk_8_32_00_07\source\ti\devices\cc13x2_cc26x2\driverlib\bin\ticlang\</path>
         <kind>archive</kind>
         <file>driverlib.lib</file>
         <name>aux_adc.c.obj</name>
      </input_file>
      <input_file id="fl-35">
         <path>C:\ti\simplelink_cc13xx_cc26xx_sdk_8_32_00_07\source\ti\devices\cc13x2_cc26x2\driverlib\bin\ticlang\</path>
         <kind>archive</kind>
         <file>driverlib.lib</file>
         <name>chipinfo.c.obj</name>
      </input_file>
      <input_file id="fl-36">
         <path>C:\ti\simplelink_cc13xx_cc26xx_sdk_8_32_00_07\source\ti\devices\cc13x2_cc26x2\driverlib\bin\ticlang\</path>
         <kind>archive</kind>
         <file>driverlib.lib</file>
         <name>cpu.c.obj</name>
      </input_file>
      <input_file id="fl-37">
         <path>C:\ti\simplelink_cc13xx_cc26xx_sdk_8_32_00_07\source\ti\devices\cc13x2_cc26x2\driverlib\bin\ticlang\</path>
         <kind>archive</kind>
         <file>driverlib.lib</file>
         <name>osc.c.obj</name>
      </input_file>
      <input_file id="fl-38">
         <path>C:\ti\simplelink_cc13xx_cc26xx_sdk_8_32_00_07\source\ti\devices\cc13x2_cc26x2\driverlib\bin\ticlang\</path>
         <kind>archive</kind>
         <file>driverlib.lib</file>
         <name>prcm.c.obj</name>
      </input_file>
      <input_file id="fl-39">
         <path>C:\ti\simplelink_cc13xx_cc26xx_sdk_8_32_00_07\source\ti\devices\cc13x2_cc26x2\driverlib\bin\ticlang\</path>
         <kind>archive</kind>
         <file>driverlib.lib</file>
         <name>setup.c.obj</name>
      </input_file>
      <input_file id="fl-3a">
         <path>C:\ti\simplelink_cc13xx_cc26xx_sdk_8_32_00_07\source\ti\devices\cc13x2_cc26x2\driverlib\bin\ticlang\</path>
         <kind>archive</kind>
         <file>driverlib.lib</file>
         <name>sys_ctrl.c.obj</name>
      </input_file>
      <input_file id="fl-3b">
         <path>C:\ti\simplelink_cc13xx_cc26xx_sdk_8_32_00_07\source\ti\devices\cc13x2_cc26x2\driverlib\bin\ticlang\</path>
         <kind>archive</kind>
         <file>driverlib.lib</file>
         <name>aux_sysif.c.obj</name>
      </input_file>
      <input_file id="fl-3c">
         <path>C:\ti\simplelink_cc13xx_cc26xx_sdk_8_32_00_07\kernel\tirtos7\packages\ti\sysbios\lib\ticlang\m4f\</path>
         <kind>archive</kind>
         <file>sysbios.a</file>
         <name>TaskSupport_asm_gcc.s.obj</name>
      </input_file>
      <input_file id="fl-3d">
         <path>C:\ti\simplelink_cc13xx_cc26xx_sdk_8_32_00_07\kernel\tirtos7\packages\ti\sysbios\lib\ticlang\m4f\</path>
         <kind>archive</kind>
         <file>sysbios.a</file>
         <name>Hwi_asm_gcc.s.obj</name>
      </input_file>
      <input_file id="fl-3e">
         <path>C:\ti\simplelink_cc13xx_cc26xx_sdk_8_32_00_07\kernel\tirtos7\packages\ti\sysbios\lib\ticlang\m4f\</path>
         <kind>archive</kind>
         <file>sysbios.a</file>
         <name>Hwi_asm_switch_gcc.s.obj</name>
      </input_file>
      <input_file id="fl-3f">
         <path>C:\ti\simplelink_cc13xx_cc26xx_sdk_8_32_00_07\kernel\tirtos7\packages\ti\sysbios\lib\ticlang\m4f\</path>
         <kind>archive</kind>
         <file>sysbios.a</file>
         <name>boot_cortex_m.c.obj</name>
      </input_file>
      <input_file id="fl-4e">
         <path>C:\ti\ti_cgt_arm_llvm_3.2.2.LTS\lib\armv7em-ti-none-eabihf\c\</path>
         <kind>archive</kind>
         <file>libc.a</file>
         <name>strcmp_t2.S.obj</name>
      </input_file>
      <input_file id="fl-4f">
         <path>C:\ti\ti_cgt_arm_llvm_3.2.2.LTS\lib\armv7em-ti-none-eabihf\c\</path>
         <kind>archive</kind>
         <file>libc.a</file>
         <name>aeabi_portable.c.obj</name>
      </input_file>
      <input_file id="fl-50">
         <path>C:\ti\ti_cgt_arm_llvm_3.2.2.LTS\lib\armv7em-ti-none-eabihf\c\</path>
         <kind>archive</kind>
         <file>libc.a</file>
         <name>exit.c.obj</name>
      </input_file>
      <input_file id="fl-51">
         <path>C:\ti\ti_cgt_arm_llvm_3.2.2.LTS\lib\armv7em-ti-none-eabihf\c\</path>
         <kind>archive</kind>
         <file>libc.a</file>
         <name>_lock.c.obj</name>
      </input_file>
      <input_file id="fl-52">
         <path>C:\ti\ti_cgt_arm_llvm_3.2.2.LTS\lib\armv7em-ti-none-eabihf\c\</path>
         <kind>archive</kind>
         <file>libc.a</file>
         <name>args_main.c.obj</name>
      </input_file>
      <input_file id="fl-53">
         <path>C:\ti\ti_cgt_arm_llvm_3.2.2.LTS\lib\armv7em-ti-none-eabihf\c\</path>
         <kind>archive</kind>
         <file>libc.a</file>
         <name>assert.c.obj</name>
      </input_file>
      <input_file id="fl-54">
         <path>C:\ti\ti_cgt_arm_llvm_3.2.2.LTS\lib\armv7em-ti-none-eabihf\c\</path>
         <kind>archive</kind>
         <file>libc.a</file>
         <name>defs.c.obj</name>
      </input_file>
      <input_file id="fl-55">
         <path>C:\ti\ti_cgt_arm_llvm_3.2.2.LTS\lib\armv7em-ti-none-eabihf\c\</path>
         <kind>archive</kind>
         <file>libc.a</file>
         <name>autoinit.c.obj</name>
      </input_file>
      <input_file id="fl-56">
         <path>C:\ti\ti_cgt_arm_llvm_3.2.2.LTS\lib\armv7em-ti-none-eabihf\c\</path>
         <kind>archive</kind>
         <file>libc.a</file>
         <name>cpy_tbl.c.obj</name>
      </input_file>
      <input_file id="fl-57">
         <path>C:\ti\ti_cgt_arm_llvm_3.2.2.LTS\lib\armv7em-ti-none-eabihf\c\</path>
         <kind>archive</kind>
         <file>libc.a</file>
         <name>copy_zero_init.c.obj</name>
      </input_file>
      <input_file id="fl-58">
         <path>C:\ti\ti_cgt_arm_llvm_3.2.2.LTS\lib\armv7em-ti-none-eabihf\c\</path>
         <kind>archive</kind>
         <file>libc.a</file>
         <name>copy_decompress_none.c.obj</name>
      </input_file>
      <input_file id="fl-59">
         <path>C:\ti\ti_cgt_arm_llvm_3.2.2.LTS\lib\armv7em-ti-none-eabihf\c\</path>
         <kind>archive</kind>
         <file>libc.a</file>
         <name>copy_decompress_lzss.c.obj</name>
      </input_file>
      <input_file id="fl-5a">
         <path>C:\ti\ti_cgt_arm_llvm_3.2.2.LTS\lib\armv7em-ti-none-eabihf\c\</path>
         <kind>archive</kind>
         <file>libc.a</file>
         <name>sprintf.c.obj</name>
      </input_file>
      <input_file id="fl-5b">
         <path>C:\ti\ti_cgt_arm_llvm_3.2.2.LTS\lib\armv7em-ti-none-eabihf\c\</path>
         <kind>archive</kind>
         <file>libc.a</file>
         <name>fflush.c.obj</name>
      </input_file>
      <input_file id="fl-5c">
         <path>C:\ti\ti_cgt_arm_llvm_3.2.2.LTS\lib\armv7em-ti-none-eabihf\c\</path>
         <kind>archive</kind>
         <file>libc.a</file>
         <name>fputs.c.obj</name>
      </input_file>
      <input_file id="fl-5d">
         <path>C:\ti\ti_cgt_arm_llvm_3.2.2.LTS\lib\armv7em-ti-none-eabihf\c\</path>
         <kind>archive</kind>
         <file>libc.a</file>
         <name>_io_perm.c.obj</name>
      </input_file>
      <input_file id="fl-5e">
         <path>C:\ti\ti_cgt_arm_llvm_3.2.2.LTS\lib\armv7em-ti-none-eabihf\c\</path>
         <kind>archive</kind>
         <file>libc.a</file>
         <name>setvbuf.c.obj</name>
      </input_file>
      <input_file id="fl-5f">
         <path>C:\ti\ti_cgt_arm_llvm_3.2.2.LTS\lib\armv7em-ti-none-eabihf\c\</path>
         <kind>archive</kind>
         <file>libc.a</file>
         <name>_printfi.c.obj</name>
      </input_file>
      <input_file id="fl-60">
         <path>C:\ti\ti_cgt_arm_llvm_3.2.2.LTS\lib\armv7em-ti-none-eabihf\c\</path>
         <kind>archive</kind>
         <file>libc.a</file>
         <name>fopen.c.obj</name>
      </input_file>
      <input_file id="fl-61">
         <path>C:\ti\ti_cgt_arm_llvm_3.2.2.LTS\lib\armv7em-ti-none-eabihf\c\</path>
         <kind>archive</kind>
         <file>libc.a</file>
         <name>fseek.c.obj</name>
      </input_file>
      <input_file id="fl-62">
         <path>C:\ti\ti_cgt_arm_llvm_3.2.2.LTS\lib\armv7em-ti-none-eabihf\c\</path>
         <kind>archive</kind>
         <file>libc.a</file>
         <name>s_frexp.c.obj</name>
      </input_file>
      <input_file id="fl-63">
         <path>C:\ti\ti_cgt_arm_llvm_3.2.2.LTS\lib\armv7em-ti-none-eabihf\c\</path>
         <kind>archive</kind>
         <file>libc.a</file>
         <name>s_scalbn.c.obj</name>
      </input_file>
      <input_file id="fl-64">
         <path>C:\ti\ti_cgt_arm_llvm_3.2.2.LTS\lib\armv7em-ti-none-eabihf\c\</path>
         <kind>archive</kind>
         <file>libc.a</file>
         <name>_ltoa.c.obj</name>
      </input_file>
      <input_file id="fl-65">
         <path>C:\ti\ti_cgt_arm_llvm_3.2.2.LTS\lib\armv7em-ti-none-eabihf\c\</path>
         <kind>archive</kind>
         <file>libc.a</file>
         <name>atoi.c.obj</name>
      </input_file>
      <input_file id="fl-66">
         <path>C:\ti\ti_cgt_arm_llvm_3.2.2.LTS\lib\armv7em-ti-none-eabihf\c\</path>
         <kind>archive</kind>
         <file>libc.a</file>
         <name>memccpy.c.obj</name>
      </input_file>
      <input_file id="fl-67">
         <path>C:\ti\ti_cgt_arm_llvm_3.2.2.LTS\lib\armv7em-ti-none-eabihf\c\</path>
         <kind>archive</kind>
         <file>libc.a</file>
         <name>wcslen.c.obj</name>
      </input_file>
      <input_file id="fl-68">
         <path>C:\ti\ti_cgt_arm_llvm_3.2.2.LTS\lib\armv7em-ti-none-eabihf\c\</path>
         <kind>archive</kind>
         <file>libc.a</file>
         <name>fclose.c.obj</name>
      </input_file>
      <input_file id="fl-69">
         <path>C:\ti\ti_cgt_arm_llvm_3.2.2.LTS\lib\armv7em-ti-none-eabihf\c\</path>
         <kind>archive</kind>
         <file>libc.a</file>
         <name>aeabi_ctype.S.obj</name>
      </input_file>
      <input_file id="fl-cf">
         <path>C:\ti\ti_cgt_arm_llvm_3.2.2.LTS\lib\armv7em-ti-none-eabihf\c\</path>
         <kind>archive</kind>
         <file>libsysbm.a</file>
         <name>write.c.obj</name>
      </input_file>
      <input_file id="fl-d0">
         <path>C:\ti\ti_cgt_arm_llvm_3.2.2.LTS\lib\armv7em-ti-none-eabihf\c\</path>
         <kind>archive</kind>
         <file>libsysbm.a</file>
         <name>host_device.c.obj</name>
      </input_file>
      <input_file id="fl-d1">
         <path>C:\ti\ti_cgt_arm_llvm_3.2.2.LTS\lib\armv7em-ti-none-eabihf\c\</path>
         <kind>archive</kind>
         <file>libsysbm.a</file>
         <name>remove.c.obj</name>
      </input_file>
      <input_file id="fl-d2">
         <path>C:\ti\ti_cgt_arm_llvm_3.2.2.LTS\lib\armv7em-ti-none-eabihf\c\</path>
         <kind>archive</kind>
         <file>libsysbm.a</file>
         <name>open.c.obj</name>
      </input_file>
      <input_file id="fl-d3">
         <path>C:\ti\ti_cgt_arm_llvm_3.2.2.LTS\lib\armv7em-ti-none-eabihf\c\</path>
         <kind>archive</kind>
         <file>libsysbm.a</file>
         <name>lseek.c.obj</name>
      </input_file>
      <input_file id="fl-d4">
         <path>C:\ti\ti_cgt_arm_llvm_3.2.2.LTS\lib\armv7em-ti-none-eabihf\c\</path>
         <kind>archive</kind>
         <file>libsysbm.a</file>
         <name>close.c.obj</name>
      </input_file>
      <input_file id="fl-d5">
         <path>C:\ti\ti_cgt_arm_llvm_3.2.2.LTS\lib\armv7em-ti-none-eabihf\c\</path>
         <kind>archive</kind>
         <file>libsysbm.a</file>
         <name>unlink.c.obj</name>
      </input_file>
      <input_file id="fl-d6">
         <path>C:\ti\ti_cgt_arm_llvm_3.2.2.LTS\lib\armv7em-ti-none-eabihf\c\</path>
         <kind>archive</kind>
         <file>libsysbm.a</file>
         <name>hostclose.c.obj</name>
      </input_file>
      <input_file id="fl-d7">
         <path>C:\ti\ti_cgt_arm_llvm_3.2.2.LTS\lib\armv7em-ti-none-eabihf\c\</path>
         <kind>archive</kind>
         <file>libsysbm.a</file>
         <name>hostlseek.c.obj</name>
      </input_file>
      <input_file id="fl-d8">
         <path>C:\ti\ti_cgt_arm_llvm_3.2.2.LTS\lib\armv7em-ti-none-eabihf\c\</path>
         <kind>archive</kind>
         <file>libsysbm.a</file>
         <name>hostopen.c.obj</name>
      </input_file>
      <input_file id="fl-d9">
         <path>C:\ti\ti_cgt_arm_llvm_3.2.2.LTS\lib\armv7em-ti-none-eabihf\c\</path>
         <kind>archive</kind>
         <file>libsysbm.a</file>
         <name>hostread.c.obj</name>
      </input_file>
      <input_file id="fl-da">
         <path>C:\ti\ti_cgt_arm_llvm_3.2.2.LTS\lib\armv7em-ti-none-eabihf\c\</path>
         <kind>archive</kind>
         <file>libsysbm.a</file>
         <name>hostrename.c.obj</name>
      </input_file>
      <input_file id="fl-db">
         <path>C:\ti\ti_cgt_arm_llvm_3.2.2.LTS\lib\armv7em-ti-none-eabihf\c\</path>
         <kind>archive</kind>
         <file>libsysbm.a</file>
         <name>hostunlink.c.obj</name>
      </input_file>
      <input_file id="fl-dc">
         <path>C:\ti\ti_cgt_arm_llvm_3.2.2.LTS\lib\armv7em-ti-none-eabihf\c\</path>
         <kind>archive</kind>
         <file>libsysbm.a</file>
         <name>hostwrite.c.obj</name>
      </input_file>
      <input_file id="fl-dd">
         <path>C:\ti\ti_cgt_arm_llvm_3.2.2.LTS\lib\armv7em-ti-none-eabihf\c\</path>
         <kind>archive</kind>
         <file>libsysbm.a</file>
         <name>trgmsg.c.obj</name>
      </input_file>
      <input_file id="fl-de">
         <path>C:\ti\ti_cgt_arm_llvm_3.2.2.LTS\lib\clang\15.0.7\lib\armv7em-ti-none-eabihf\</path>
         <kind>archive</kind>
         <file>libclang_rt.builtins.a</file>
         <name>adddf3.S.obj</name>
      </input_file>
      <input_file id="fl-df">
         <path>C:\ti\ti_cgt_arm_llvm_3.2.2.LTS\lib\clang\15.0.7\lib\armv7em-ti-none-eabihf\</path>
         <kind>archive</kind>
         <file>libclang_rt.builtins.a</file>
         <name>muldf3.S.obj</name>
      </input_file>
      <input_file id="fl-e0">
         <path>C:\ti\ti_cgt_arm_llvm_3.2.2.LTS\lib\clang\15.0.7\lib\armv7em-ti-none-eabihf\</path>
         <kind>archive</kind>
         <file>libclang_rt.builtins.a</file>
         <name>ashldi3.S.obj</name>
      </input_file>
      <input_file id="fl-e1">
         <path>C:\ti\ti_cgt_arm_llvm_3.2.2.LTS\lib\clang\15.0.7\lib\armv7em-ti-none-eabihf\</path>
         <kind>archive</kind>
         <file>libclang_rt.builtins.a</file>
         <name>ashrdi3.S.obj</name>
      </input_file>
      <input_file id="fl-e2">
         <path>C:\ti\ti_cgt_arm_llvm_3.2.2.LTS\lib\clang\15.0.7\lib\armv7em-ti-none-eabihf\</path>
         <kind>archive</kind>
         <file>libclang_rt.builtins.a</file>
         <name>divdf3.S.obj</name>
      </input_file>
      <input_file id="fl-e3">
         <path>C:\ti\ti_cgt_arm_llvm_3.2.2.LTS\lib\clang\15.0.7\lib\armv7em-ti-none-eabihf\</path>
         <kind>archive</kind>
         <file>libclang_rt.builtins.a</file>
         <name>extendsfdf2.S.obj</name>
      </input_file>
      <input_file id="fl-e4">
         <path>C:\ti\ti_cgt_arm_llvm_3.2.2.LTS\lib\clang\15.0.7\lib\armv7em-ti-none-eabihf\</path>
         <kind>archive</kind>
         <file>libclang_rt.builtins.a</file>
         <name>fixdfsi.S.obj</name>
      </input_file>
      <input_file id="fl-e5">
         <path>C:\ti\ti_cgt_arm_llvm_3.2.2.LTS\lib\clang\15.0.7\lib\armv7em-ti-none-eabihf\</path>
         <kind>archive</kind>
         <file>libclang_rt.builtins.a</file>
         <name>fixunsdfsi.S.obj</name>
      </input_file>
      <input_file id="fl-e6">
         <path>C:\ti\ti_cgt_arm_llvm_3.2.2.LTS\lib\clang\15.0.7\lib\armv7em-ti-none-eabihf\</path>
         <kind>archive</kind>
         <file>libclang_rt.builtins.a</file>
         <name>floatsidf.S.obj</name>
      </input_file>
      <input_file id="fl-e7">
         <path>C:\ti\ti_cgt_arm_llvm_3.2.2.LTS\lib\clang\15.0.7\lib\armv7em-ti-none-eabihf\</path>
         <kind>archive</kind>
         <file>libclang_rt.builtins.a</file>
         <name>aeabi_dcmp.S.obj</name>
      </input_file>
      <input_file id="fl-e8">
         <path>C:\ti\ti_cgt_arm_llvm_3.2.2.LTS\lib\clang\15.0.7\lib\armv7em-ti-none-eabihf\</path>
         <kind>archive</kind>
         <file>libclang_rt.builtins.a</file>
         <name>aeabi_ldivmod.S.obj</name>
      </input_file>
      <input_file id="fl-e9">
         <path>C:\ti\ti_cgt_arm_llvm_3.2.2.LTS\lib\clang\15.0.7\lib\armv7em-ti-none-eabihf\</path>
         <kind>archive</kind>
         <file>libclang_rt.builtins.a</file>
         <name>aeabi_memcpy.S.obj</name>
      </input_file>
      <input_file id="fl-ea">
         <path>C:\ti\ti_cgt_arm_llvm_3.2.2.LTS\lib\clang\15.0.7\lib\armv7em-ti-none-eabihf\</path>
         <kind>archive</kind>
         <file>libclang_rt.builtins.a</file>
         <name>aeabi_memset.S.obj</name>
      </input_file>
      <input_file id="fl-eb">
         <path>C:\ti\ti_cgt_arm_llvm_3.2.2.LTS\lib\clang\15.0.7\lib\armv7em-ti-none-eabihf\</path>
         <kind>archive</kind>
         <file>libclang_rt.builtins.a</file>
         <name>aeabi_uldivmod.S.obj</name>
      </input_file>
      <input_file id="fl-ec">
         <path>C:\ti\ti_cgt_arm_llvm_3.2.2.LTS\lib\clang\15.0.7\lib\armv7em-ti-none-eabihf\</path>
         <kind>archive</kind>
         <file>libclang_rt.builtins.a</file>
         <name>udivmoddi4.S.obj</name>
      </input_file>
      <input_file id="fl-ed">
         <path>C:\ti\ti_cgt_arm_llvm_3.2.2.LTS\lib\clang\15.0.7\lib\armv7em-ti-none-eabihf\</path>
         <kind>archive</kind>
         <file>libclang_rt.builtins.a</file>
         <name>comparedf2.c.obj</name>
      </input_file>
      <input_file id="fl-ee">
         <path>C:\ti\ti_cgt_arm_llvm_3.2.2.LTS\lib\clang\15.0.7\lib\armv7em-ti-none-eabihf\</path>
         <kind>archive</kind>
         <file>libclang_rt.builtins.a</file>
         <name>divmoddi4.c.obj</name>
      </input_file>
      <input_file id="fl-ef">
         <path>C:\ti\ti_cgt_arm_llvm_3.2.2.LTS\lib\clang\15.0.7\lib\armv7em-ti-none-eabihf\</path>
         <kind>archive</kind>
         <file>libclang_rt.builtins.a</file>
         <name>aeabi_div0.c.obj</name>
      </input_file>
      <input_file id="fl-f0">
         <path>C:\ti\ti_cgt_arm_llvm_3.2.2.LTS\lib\armv7em-ti-none-eabihf\c\</path>
         <kind>archive</kind>
         <file>libc.a</file>
         <name>getdevice.c.obj</name>
      </input_file>
      <input_file id="fl-f1">
         <path>C:\ti\ti_cgt_arm_llvm_3.2.2.LTS\lib\armv7em-ti-none-eabihf\c\</path>
         <kind>archive</kind>
         <file>libc.a</file>
         <name>memcpy_t2.S.obj</name>
      </input_file>
      <input_file id="fl-f2">
         <path>C:\ti\ti_cgt_arm_llvm_3.2.2.LTS\lib\armv7em-ti-none-eabihf\c\</path>
         <kind>archive</kind>
         <file>libc.a</file>
         <name>memset_t2.S.obj</name>
      </input_file>
   </input_file_list>
   <object_component_list>
      <object_component id="oc-25">
         <name>.image_header</name>
         <load_address>0x4000</load_address>
         <readonly>true</readonly>
         <run_address>0x4000</run_address>
         <size>0x38</size>
         <alignment>0x1</alignment>
         <input_file_ref idref="fl-6"/>
      </object_component>
      <object_component id="oc-4c">
         <name>.oad_entry_vec</name>
         <load_address>0xdaf0</load_address>
         <readonly>true</readonly>
         <run_address>0xdaf0</run_address>
         <size>0x8</size>
         <alignment>0x4</alignment>
         <input_file_ref idref="fl-6"/>
      </object_component>
      <object_component id="oc-29">
         <name>.resetVecs</name>
         <load_address>0xdab4</load_address>
         <readonly>true</readonly>
         <run_address>0xdab4</run_address>
         <size>0x3c</size>
         <alignment>0x4</alignment>
         <input_file_ref idref="fl-c"/>
      </object_component>
      <object_component id="oc-3a9">
         <name>.text.RF_fsmActiveState</name>
         <load_address>0x4038</load_address>
         <readonly>true</readonly>
         <executable>true</executable>
         <run_address>0x4038</run_address>
         <size>0x490</size>
         <alignment>0x4</alignment>
         <input_file_ref idref="fl-20"/>
      </object_component>
      <object_component id="oc-1b5">
         <name>.text.uart_dispatch_ccsds_packet</name>
         <load_address>0x44c8</load_address>
         <readonly>true</readonly>
         <executable>true</executable>
         <run_address>0x44c8</run_address>
         <size>0x46c</size>
         <alignment>0x4</alignment>
         <input_file_ref idref="fl-e"/>
      </object_component>
      <object_component id="oc-2c8">
         <name>.text.SPICC26X2DMA_transfer</name>
         <load_address>0x4934</load_address>
         <readonly>true</readonly>
         <executable>true</executable>
         <run_address>0x4934</run_address>
         <size>0x2c8</size>
         <alignment>0x4</alignment>
         <input_file_ref idref="fl-30"/>
      </object_component>
      <object_component id="oc-236">
         <name>.text.RF_open</name>
         <load_address>0x4bfc</load_address>
         <readonly>true</readonly>
         <executable>true</executable>
         <run_address>0x4bfc</run_address>
         <size>0x2a8</size>
         <alignment>0x4</alignment>
         <input_file_ref idref="fl-20"/>
      </object_component>
      <object_component id="oc-34e">
         <name>.text.UART2CC26X2_hwiIntFxn</name>
         <load_address>0x4ea4</load_address>
         <readonly>true</readonly>
         <executable>true</executable>
         <run_address>0x4ea4</run_address>
         <size>0x1f0</size>
         <alignment>0x2</alignment>
         <input_file_ref idref="fl-2b"/>
      </object_component>
      <object_component id="oc-3a8">
         <name>.text.RF_dispatchNextCmd</name>
         <load_address>0x5094</load_address>
         <readonly>true</readonly>
         <executable>true</executable>
         <run_address>0x5094</run_address>
         <size>0x1dc</size>
         <alignment>0x4</alignment>
         <input_file_ref idref="fl-20"/>
      </object_component>
      <object_component id="oc-352">
         <name>.text.UART2_readTimeout</name>
         <load_address>0x5270</load_address>
         <readonly>true</readonly>
         <executable>true</executable>
         <run_address>0x5270</run_address>
         <size>0x1d4</size>
         <alignment>0x2</alignment>
         <input_file_ref idref="fl-2a"/>
      </object_component>
      <object_component id="oc-389">
         <name>.text.SPICC26X2DMA_hwiFxn</name>
         <load_address>0x5444</load_address>
         <readonly>true</readonly>
         <executable>true</executable>
         <run_address>0x5444</run_address>
         <size>0x1c4</size>
         <alignment>0x2</alignment>
         <input_file_ref idref="fl-30"/>
      </object_component>
      <object_component id="oc-257">
         <name>.text.handle_pico_cmd</name>
         <load_address>0x5608</load_address>
         <readonly>true</readonly>
         <executable>true</executable>
         <run_address>0x5608</run_address>
         <size>0x1a4</size>
         <alignment>0x4</alignment>
         <input_file_ref idref="fl-e"/>
      </object_component>
      <object_component id="oc-178">
         <name>.text.PowerCC26X2_auxISR</name>
         <load_address>0x57ac</load_address>
         <readonly>true</readonly>
         <executable>true</executable>
         <run_address>0x57ac</run_address>
         <size>0x194</size>
         <alignment>0x4</alignment>
         <input_file_ref idref="fl-27"/>
      </object_component>
      <object_component id="oc-2c7">
         <name>.text.SPICC26X2DMA_open</name>
         <load_address>0x5940</load_address>
         <readonly>true</readonly>
         <executable>true</executable>
         <run_address>0x5940</run_address>
         <size>0x190</size>
         <alignment>0x4</alignment>
         <input_file_ref idref="fl-30"/>
      </object_component>
      <object_component id="oc-26f">
         <name>.text.UART2_open</name>
         <load_address>0x5ad0</load_address>
         <readonly>true</readonly>
         <executable>true</executable>
         <run_address>0x5ad0</run_address>
         <size>0x18c</size>
         <alignment>0x4</alignment>
         <input_file_ref idref="fl-2b"/>
      </object_component>
      <object_component id="oc-423">
         <name>.text.UART2_writeTimeoutBlocking</name>
         <load_address>0x5c5c</load_address>
         <readonly>true</readonly>
         <executable>true</executable>
         <run_address>0x5c5c</run_address>
         <size>0x16c</size>
         <alignment>0x2</alignment>
         <input_file_ref idref="fl-2a"/>
      </object_component>
      <object_component id="oc-401">
         <name>.text.configNextTransfer</name>
         <load_address>0x5dc8</load_address>
         <readonly>true</readonly>
         <executable>true</executable>
         <run_address>0x5dc8</run_address>
         <size>0x16c</size>
         <alignment>0x4</alignment>
         <input_file_ref idref="fl-30"/>
      </object_component>
      <object_component id="oc-2aa">
         <name>.text.Power_sleep</name>
         <load_address>0x5f34</load_address>
         <readonly>true</readonly>
         <executable>true</executable>
         <run_address>0x5f34</run_address>
         <size>0x158</size>
         <alignment>0x4</alignment>
         <input_file_ref idref="fl-26"/>
      </object_component>
      <object_component id="oc-3b0">
         <name>.text.RF_radioOpDoneCb</name>
         <load_address>0x608c</load_address>
         <readonly>true</readonly>
         <executable>true</executable>
         <run_address>0x608c</run_address>
         <size>0x14c</size>
         <alignment>0x4</alignment>
         <input_file_ref idref="fl-20"/>
      </object_component>
      <object_component id="oc-334">
         <name>.text.RF_abortCmd</name>
         <load_address>0x61d8</load_address>
         <readonly>true</readonly>
         <executable>true</executable>
         <run_address>0x61d8</run_address>
         <size>0x138</size>
         <alignment>0x4</alignment>
         <input_file_ref idref="fl-20"/>
      </object_component>
      <object_component id="oc-3b1">
         <name>.text.RF_fsmSetupState</name>
         <load_address>0x6310</load_address>
         <readonly>true</readonly>
         <executable>true</executable>
         <run_address>0x6310</run_address>
         <size>0x124</size>
         <alignment>0x4</alignment>
         <input_file_ref idref="fl-20"/>
      </object_component>
      <object_component id="oc-129">
         <name>.text.rfTask</name>
         <load_address>0x6434</load_address>
         <readonly>true</readonly>
         <executable>true</executable>
         <run_address>0x6434</run_address>
         <size>0x120</size>
         <alignment>0x4</alignment>
         <input_file_ref idref="fl-3"/>
      </object_component>
      <object_component id="oc-293">
         <name>.text.ti_sysbios_family_arm_cc26xx_Timer_construct</name>
         <load_address>0x6554</load_address>
         <readonly>true</readonly>
         <executable>true</executable>
         <run_address>0x6554</run_address>
         <size>0x120</size>
         <alignment>0x4</alignment>
         <input_file_ref idref="fl-c"/>
      </object_component>
      <object_component id="oc-66">
         <name>.text.ti_sysbios_family_arm_m3_Hwi_dispatch</name>
         <load_address>0x6674</load_address>
         <readonly>true</readonly>
         <executable>true</executable>
         <run_address>0x6674</run_address>
         <size>0x11c</size>
         <alignment>0x4</alignment>
         <input_file_ref idref="fl-3d"/>
      </object_component>
      <object_component id="oc-ff">
         <name>.text.Power_init</name>
         <load_address>0x6790</load_address>
         <readonly>true</readonly>
         <executable>true</executable>
         <run_address>0x6790</run_address>
         <size>0x118</size>
         <alignment>0x4</alignment>
         <input_file_ref idref="fl-26"/>
      </object_component>
      <object_component id="oc-2e3">
         <name>.text.RF_decodeOverridePointers</name>
         <load_address>0x68a8</load_address>
         <readonly>true</readonly>
         <executable>true</executable>
         <run_address>0x68a8</run_address>
         <size>0x118</size>
         <alignment>0x4</alignment>
         <input_file_ref idref="fl-20"/>
      </object_component>
      <object_component id="oc-422">
         <name>.text.UART2_writeTimeoutNonblocking</name>
         <load_address>0x69c0</load_address>
         <readonly>true</readonly>
         <executable>true</executable>
         <run_address>0x69c0</run_address>
         <size>0x118</size>
         <alignment>0x2</alignment>
         <input_file_ref idref="fl-2a"/>
      </object_component>
      <object_component id="oc-211">
         <name>.text.PowerCC26X2_calibrate</name>
         <load_address>0x6ad8</load_address>
         <readonly>true</readonly>
         <executable>true</executable>
         <run_address>0x6ad8</run_address>
         <size>0x10c</size>
         <alignment>0x4</alignment>
         <input_file_ref idref="fl-27"/>
      </object_component>
      <object_component id="oc-301">
         <name>.text.RF_fsmPowerUpState</name>
         <load_address>0x6be4</load_address>
         <readonly>true</readonly>
         <executable>true</executable>
         <run_address>0x6be4</run_address>
         <size>0x108</size>
         <alignment>0x4</alignment>
         <input_file_ref idref="fl-20"/>
      </object_component>
      <object_component id="oc-349">
         <name>.text.UART2CC26X2_initHw</name>
         <load_address>0x6cec</load_address>
         <readonly>true</readonly>
         <executable>true</executable>
         <run_address>0x6cec</run_address>
         <size>0x104</size>
         <alignment>0x4</alignment>
         <input_file_ref idref="fl-2b"/>
      </object_component>
      <object_component id="oc-105">
         <name>.text.GPIO_init</name>
         <load_address>0x6df0</load_address>
         <readonly>true</readonly>
         <executable>true</executable>
         <run_address>0x6df0</run_address>
         <size>0x100</size>
         <alignment>0x4</alignment>
         <input_file_ref idref="fl-2d"/>
      </object_component>
      <object_component id="oc-3aa">
         <name>.text.RF_hwiCpe0Active</name>
         <load_address>0x6ef0</load_address>
         <readonly>true</readonly>
         <executable>true</executable>
         <run_address>0x6ef0</run_address>
         <size>0xfc</size>
         <alignment>0x4</alignment>
         <input_file_ref idref="fl-20"/>
      </object_component>
      <object_component id="oc-388">
         <name>.text.csnCallback</name>
         <load_address>0x6fec</load_address>
         <readonly>true</readonly>
         <executable>true</executable>
         <run_address>0x6fec</run_address>
         <size>0xfc</size>
         <alignment>0x2</alignment>
         <input_file_ref idref="fl-30"/>
      </object_component>
      <object_component id="oc-3e1">
         <name>.text.UART2Support_dmaStartRx</name>
         <load_address>0x70e8</load_address>
         <readonly>true</readonly>
         <executable>true</executable>
         <run_address>0x70e8</run_address>
         <size>0xf0</size>
         <alignment>0x4</alignment>
         <input_file_ref idref="fl-2b"/>
      </object_component>
      <object_component id="oc-24b">
         <name>.text.extFlashOpen</name>
         <load_address>0x71d8</load_address>
         <readonly>true</readonly>
         <executable>true</executable>
         <run_address>0x71d8</run_address>
         <size>0xe4</size>
         <alignment>0x4</alignment>
         <input_file_ref idref="fl-5"/>
      </object_component>
      <object_component id="oc-2bd">
         <name>.text.ti_sysbios_knl_Semaphore_pend</name>
         <load_address>0x72bc</load_address>
         <readonly>true</readonly>
         <executable>true</executable>
         <run_address>0x72bc</run_address>
         <size>0xe4</size>
         <alignment>0x4</alignment>
         <input_file_ref idref="fl-c"/>
      </object_component>
      <object_component id="oc-3f6">
         <name>.text.NOROM_SysCtrlStandby</name>
         <load_address>0x73a0</load_address>
         <readonly>true</readonly>
         <executable>true</executable>
         <run_address>0x73a0</run_address>
         <size>0xe0</size>
         <alignment>0x4</alignment>
         <input_file_ref idref="fl-3a"/>
      </object_component>
      <object_component id="oc-2c5">
         <name>.text.SPICC26X2DMA_control</name>
         <load_address>0x7480</load_address>
         <readonly>true</readonly>
         <executable>true</executable>
         <run_address>0x7480</run_address>
         <size>0xe0</size>
         <alignment>0x4</alignment>
         <input_file_ref idref="fl-30"/>
      </object_component>
      <object_component id="oc-d3">
         <name>.text.mainThread</name>
         <load_address>0x7560</load_address>
         <readonly>true</readonly>
         <executable>true</executable>
         <run_address>0x7560</run_address>
         <size>0xd8</size>
         <alignment>0x4</alignment>
         <input_file_ref idref="fl-3"/>
      </object_component>
      <object_component id="oc-d1">
         <name>.text.pthread_create</name>
         <load_address>0x7638</load_address>
         <readonly>true</readonly>
         <executable>true</executable>
         <run_address>0x7638</run_address>
         <size>0xd8</size>
         <alignment>0x4</alignment>
         <input_file_ref idref="fl-c"/>
      </object_component>
      <object_component id="oc-e4">
         <name>.text.ti_sysbios_family_arm_m3_Hwi_excFillContext</name>
         <load_address>0x7710</load_address>
         <readonly>true</readonly>
         <executable>true</executable>
         <run_address>0x7710</run_address>
         <size>0xd8</size>
         <alignment>0x4</alignment>
         <input_file_ref idref="fl-c"/>
      </object_component>
      <object_component id="oc-1b6">
         <name>.text.radio_transmit</name>
         <load_address>0x77e8</load_address>
         <readonly>true</readonly>
         <executable>true</executable>
         <run_address>0x77e8</run_address>
         <size>0xd4</size>
         <alignment>0x4</alignment>
         <input_file_ref idref="fl-8"/>
      </object_component>
      <object_component id="oc-90">
         <name>.text.NOROM_SetupTrimDevice</name>
         <load_address>0x78bc</load_address>
         <readonly>true</readonly>
         <executable>true</executable>
         <run_address>0x78bc</run_address>
         <size>0xd0</size>
         <alignment>0x4</alignment>
         <input_file_ref idref="fl-39"/>
      </object_component>
      <object_component id="oc-1f7">
         <name>.text.configureXOSCHF</name>
         <load_address>0x798c</load_address>
         <readonly>true</readonly>
         <executable>true</executable>
         <run_address>0x798c</run_address>
         <size>0xd0</size>
         <alignment>0x4</alignment>
         <input_file_ref idref="fl-26"/>
      </object_component>
      <object_component id="oc-308">
         <name>.text.RF_postCmd</name>
         <load_address>0x7a5c</load_address>
         <readonly>true</readonly>
         <executable>true</executable>
         <run_address>0x7a5c</run_address>
         <size>0xcc</size>
         <alignment>0x4</alignment>
         <input_file_ref idref="fl-20"/>
      </object_component>
      <object_component id="oc-1ea">
         <name>.text.ti_sysbios_knl_Clock_workFuncDynamic</name>
         <load_address>0x7b28</load_address>
         <readonly>true</readonly>
         <executable>true</executable>
         <run_address>0x7b28</run_address>
         <size>0xcc</size>
         <alignment>0x4</alignment>
         <input_file_ref idref="fl-c"/>
      </object_component>
      <object_component id="oc-3b2">
         <name>.text.RF_updatePaConfiguration</name>
         <load_address>0x7bf4</load_address>
         <readonly>true</readonly>
         <executable>true</executable>
         <run_address>0x7bf4</run_address>
         <size>0xca</size>
         <alignment>0x2</alignment>
         <input_file_ref idref="fl-20"/>
      </object_component>
      <object_component id="oc-1dc">
         <name>.text.BIOS_nullFunc</name>
         <load_address>0x7cbe</load_address>
         <readonly>true</readonly>
         <executable>true</executable>
         <run_address>0x7cbe</run_address>
         <size>0x2</size>
         <alignment>0x2</alignment>
         <input_file_ref idref="fl-c"/>
      </object_component>
      <object_component id="oc-3e3">
         <name>.text.UART2Support_dmaStartTx</name>
         <load_address>0x7cc0</load_address>
         <readonly>true</readonly>
         <executable>true</executable>
         <run_address>0x7cc0</run_address>
         <size>0xc0</size>
         <alignment>0x4</alignment>
         <input_file_ref idref="fl-2b"/>
      </object_component>
      <object_component id="oc-2f7">
         <name>.text.RF_swiHw</name>
         <load_address>0x7d80</load_address>
         <readonly>true</readonly>
         <executable>true</executable>
         <run_address>0x7d80</run_address>
         <size>0xbc</size>
         <alignment>0x4</alignment>
         <input_file_ref idref="fl-20"/>
      </object_component>
      <object_component id="oc-248">
         <name>.text.telemetry_collect</name>
         <load_address>0x7e3c</load_address>
         <readonly>true</readonly>
         <executable>true</executable>
         <run_address>0x7e3c</run_address>
         <size>0xb8</size>
         <alignment>0x4</alignment>
         <input_file_ref idref="fl-d"/>
      </object_component>
      <object_component id="oc-225">
         <name>.text.ti_sysbios_knl_Task_Instance_finalize</name>
         <load_address>0x7ef4</load_address>
         <readonly>true</readonly>
         <executable>true</executable>
         <run_address>0x7ef4</run_address>
         <size>0xb8</size>
         <alignment>0x4</alignment>
         <input_file_ref idref="fl-c"/>
      </object_component>
      <object_component id="oc-111">
         <name>.text.ti_sysbios_knl_Task_setPri</name>
         <load_address>0x7fac</load_address>
         <readonly>true</readonly>
         <executable>true</executable>
         <run_address>0x7fac</run_address>
         <size>0xb8</size>
         <alignment>0x4</alignment>
         <input_file_ref idref="fl-c"/>
      </object_component>
      <object_component id="oc-1f9">
         <name>.text.PowerCC26XX_standbyPolicy</name>
         <load_address>0x8064</load_address>
         <readonly>true</readonly>
         <executable>true</executable>
         <run_address>0x8064</run_address>
         <size>0xb4</size>
         <alignment>0x4</alignment>
         <input_file_ref idref="fl-c"/>
      </object_component>
      <object_component id="oc-198">
         <name>.text.GPIO_setConfigAndMux</name>
         <load_address>0x8118</load_address>
         <readonly>true</readonly>
         <executable>true</executable>
         <run_address>0x8118</run_address>
         <size>0xb0</size>
         <alignment>0x4</alignment>
         <input_file_ref idref="fl-25"/>
      </object_component>
      <object_component id="oc-17d">
         <name>.text.Power_setDependency</name>
         <load_address>0x81c8</load_address>
         <readonly>true</readonly>
         <executable>true</executable>
         <run_address>0x81c8</run_address>
         <size>0xb0</size>
         <alignment>0x4</alignment>
         <input_file_ref idref="fl-26"/>
      </object_component>
      <object_component id="oc-c1">
         <name>.text.TrimAfterColdResetWakeupFromShutDown</name>
         <load_address>0x8278</load_address>
         <readonly>true</readonly>
         <executable>true</executable>
         <run_address>0x8278</run_address>
         <size>0xb0</size>
         <alignment>0x4</alignment>
         <input_file_ref idref="fl-39"/>
      </object_component>
      <object_component id="oc-296">
         <name>.text</name>
         <load_address>0x8328</load_address>
         <readonly>true</readonly>
         <executable>true</executable>
         <run_address>0x8328</run_address>
         <size>0xb0</size>
         <alignment>0x4</alignment>
         <input_file_ref idref="fl-ec"/>
      </object_component>
      <object_component id="oc-2b5">
         <name>.text.Power_releaseDependency</name>
         <load_address>0x83d8</load_address>
         <readonly>true</readonly>
         <executable>true</executable>
         <run_address>0x83d8</run_address>
         <size>0xac</size>
         <alignment>0x4</alignment>
         <input_file_ref idref="fl-26"/>
      </object_component>
      <object_component id="oc-309">
         <name>.text.RF_pendCmd</name>
         <load_address>0x8484</load_address>
         <readonly>true</readonly>
         <executable>true</executable>
         <run_address>0x8484</run_address>
         <size>0xac</size>
         <alignment>0x4</alignment>
         <input_file_ref idref="fl-20"/>
      </object_component>
      <object_component id="oc-410">
         <name>.text.RF_initRadioSetup</name>
         <load_address>0x8530</load_address>
         <readonly>true</readonly>
         <executable>true</executable>
         <run_address>0x8530</run_address>
         <size>0xa4</size>
         <alignment>0x4</alignment>
         <input_file_ref idref="fl-20"/>
      </object_component>
      <object_component id="oc-224">
         <name>.text.ti_sysbios_knl_Task_Instance_init</name>
         <load_address>0x85d4</load_address>
         <readonly>true</readonly>
         <executable>true</executable>
         <run_address>0x85d4</run_address>
         <size>0xa4</size>
         <alignment>0x4</alignment>
         <input_file_ref idref="fl-c"/>
      </object_component>
      <object_component id="oc-412">
         <name>.text.RF_calculateDispatchTime</name>
         <load_address>0x8678</load_address>
         <readonly>true</readonly>
         <executable>true</executable>
         <run_address>0x8678</run_address>
         <size>0xa0</size>
         <alignment>0x4</alignment>
         <input_file_ref idref="fl-20"/>
      </object_component>
      <object_component id="oc-258">
         <name>.text.extFlashWrite</name>
         <load_address>0x8718</load_address>
         <readonly>true</readonly>
         <executable>true</executable>
         <run_address>0x8718</run_address>
         <size>0xa0</size>
         <alignment>0x4</alignment>
         <input_file_ref idref="fl-5"/>
      </object_component>
      <object_component id="oc-393">
         <name>.text.finishTransfer</name>
         <load_address>0x87b8</load_address>
         <readonly>true</readonly>
         <executable>true</executable>
         <run_address>0x87b8</run_address>
         <size>0x9e</size>
         <alignment>0x2</alignment>
         <input_file_ref idref="fl-30"/>
      </object_component>
      <object_component id="oc-437">
         <name>.text.RF_defaultSubmitPolicy</name>
         <load_address>0x8856</load_address>
         <readonly>true</readonly>
         <executable>true</executable>
         <run_address>0x8856</run_address>
         <size>0x98</size>
         <alignment>0x2</alignment>
         <input_file_ref idref="fl-20"/>
      </object_component>
      <object_component id="oc-10c">
         <name>.text.Board_initHook</name>
         <load_address>0x88ee</load_address>
         <readonly>true</readonly>
         <executable>true</executable>
         <run_address>0x88ee</run_address>
         <size>0x2</size>
         <alignment>0x2</alignment>
         <input_file_ref idref="fl-b"/>
      </object_component>
      <object_component id="oc-2d4">
         <name>.text.WatchdogCC26XX_open</name>
         <load_address>0x88f0</load_address>
         <readonly>true</readonly>
         <executable>true</executable>
         <run_address>0x88f0</run_address>
         <size>0x98</size>
         <alignment>0x4</alignment>
         <input_file_ref idref="fl-31"/>
      </object_component>
      <object_component id="oc-253">
         <name>.text.extFlashRead</name>
         <load_address>0x8988</load_address>
         <readonly>true</readonly>
         <executable>true</executable>
         <run_address>0x8988</run_address>
         <size>0x98</size>
         <alignment>0x4</alignment>
         <input_file_ref idref="fl-5"/>
      </object_component>
      <object_component id="oc-443">
         <name>.text.RF_verifyGap</name>
         <load_address>0x8a20</load_address>
         <readonly>true</readonly>
         <executable>true</executable>
         <run_address>0x8a20</run_address>
         <size>0x96</size>
         <alignment>0x2</alignment>
         <input_file_ref idref="fl-20"/>
      </object_component>
      <object_component id="oc-439">
         <name>.text.NOROM_RFCCpePatchReset</name>
         <load_address>0x8ab6</load_address>
         <readonly>true</readonly>
         <executable>true</executable>
         <run_address>0x8ab6</run_address>
         <size>0x2</size>
         <alignment>0x2</alignment>
         <input_file_ref idref="fl-21"/>
      </object_component>
      <object_component id="oc-3a7">
         <name>.text.RF_ratRestartChannels</name>
         <load_address>0x8ab8</load_address>
         <readonly>true</readonly>
         <executable>true</executable>
         <run_address>0x8ab8</run_address>
         <size>0x94</size>
         <alignment>0x4</alignment>
         <input_file_ref idref="fl-20"/>
      </object_component>
      <object_component id="oc-23b">
         <name>.text.radio_rxStart</name>
         <load_address>0x8b4c</load_address>
         <readonly>true</readonly>
         <executable>true</executable>
         <run_address>0x8b4c</run_address>
         <size>0x94</size>
         <alignment>0x4</alignment>
         <input_file_ref idref="fl-8"/>
      </object_component>
      <object_component id="oc-277">
         <name>.text.ti_sysbios_knl_Clock_startI</name>
         <load_address>0x8be0</load_address>
         <readonly>true</readonly>
         <executable>true</executable>
         <run_address>0x8be0</run_address>
         <size>0x94</size>
         <alignment>0x4</alignment>
         <input_file_ref idref="fl-c"/>
      </object_component>
      <object_component id="oc-1bf">
         <name>.text.ti_sysbios_knl_Task_sleep</name>
         <load_address>0x8c74</load_address>
         <readonly>true</readonly>
         <executable>true</executable>
         <run_address>0x8c74</run_address>
         <size>0x94</size>
         <alignment>0x4</alignment>
         <input_file_ref idref="fl-c"/>
      </object_component>
      <object_component id="oc-2c9">
         <name>.text.SPICC26X2DMA_transferCancel</name>
         <load_address>0x8d08</load_address>
         <readonly>true</readonly>
         <executable>true</executable>
         <run_address>0x8d08</run_address>
         <size>0x90</size>
         <alignment>0x2</alignment>
         <input_file_ref idref="fl-30"/>
      </object_component>
      <object_component id="oc-1c0">
         <name>.text.uart_receive</name>
         <load_address>0x8d98</load_address>
         <readonly>true</readonly>
         <executable>true</executable>
         <run_address>0x8d98</run_address>
         <size>0x90</size>
         <alignment>0x4</alignment>
         <input_file_ref idref="fl-e"/>
      </object_component>
      <object_component id="oc-1a6">
         <name>.text.radio_init</name>
         <load_address>0x8e28</load_address>
         <readonly>true</readonly>
         <executable>true</executable>
         <run_address>0x8e28</run_address>
         <size>0x8c</size>
         <alignment>0x4</alignment>
         <input_file_ref idref="fl-8"/>
      </object_component>
      <object_component id="oc-159">
         <name>.text.ti_sysbios_knl_Clock_init</name>
         <load_address>0x8eb4</load_address>
         <readonly>true</readonly>
         <executable>true</executable>
         <run_address>0x8eb4</run_address>
         <size>0x8c</size>
         <alignment>0x4</alignment>
         <input_file_ref idref="fl-c"/>
      </object_component>
      <object_component id="oc-409">
         <name>.text.RF_cmdDispatchTime</name>
         <load_address>0x8f40</load_address>
         <readonly>true</readonly>
         <executable>true</executable>
         <run_address>0x8f40</run_address>
         <size>0x88</size>
         <alignment>0x4</alignment>
         <input_file_ref idref="fl-20"/>
      </object_component>
      <object_component id="oc-3cb">
         <name>.text.RF_discardPendCmd</name>
         <load_address>0x8fc8</load_address>
         <readonly>true</readonly>
         <executable>true</executable>
         <run_address>0x8fc8</run_address>
         <size>0x88</size>
         <alignment>0x4</alignment>
         <input_file_ref idref="fl-20"/>
      </object_component>
      <object_component id="oc-261">
         <name>.text.RF_yield</name>
         <load_address>0x9050</load_address>
         <readonly>true</readonly>
         <executable>true</executable>
         <run_address>0x9050</run_address>
         <size>0x84</size>
         <alignment>0x4</alignment>
         <input_file_ref idref="fl-20"/>
      </object_component>
      <object_component id="oc-251">
         <name>.text.extFlashErase</name>
         <load_address>0x90d4</load_address>
         <readonly>true</readonly>
         <executable>true</executable>
         <run_address>0x90d4</run_address>
         <size>0x84</size>
         <alignment>0x4</alignment>
         <input_file_ref idref="fl-5"/>
      </object_component>
      <object_component id="oc-1ad">
         <name>.text.radio_receive</name>
         <load_address>0x9158</load_address>
         <readonly>true</readonly>
         <executable>true</executable>
         <run_address>0x9158</run_address>
         <size>0x84</size>
         <alignment>0x4</alignment>
         <input_file_ref idref="fl-8"/>
      </object_component>
      <object_component id="oc-3e2">
         <name>.text.UART2Support_dmaStopTx</name>
         <load_address>0x91dc</load_address>
         <readonly>true</readonly>
         <executable>true</executable>
         <run_address>0x91dc</run_address>
         <size>0x80</size>
         <alignment>0x4</alignment>
         <input_file_ref idref="fl-2b"/>
      </object_component>
      <object_component id="oc-156">
         <name>.text.ti_sysbios_family_arm_m3_Hwi_initNVIC</name>
         <load_address>0x925c</load_address>
         <readonly>true</readonly>
         <executable>true</executable>
         <run_address>0x925c</run_address>
         <size>0x80</size>
         <alignment>0x4</alignment>
         <input_file_ref idref="fl-c"/>
      </object_component>
      <object_component id="oc-3f0">
         <name>.text.ti_sysbios_family_arm_m3_Hwi_postInit</name>
         <load_address>0x92dc</load_address>
         <readonly>true</readonly>
         <executable>true</executable>
         <run_address>0x92dc</run_address>
         <size>0x7c</size>
         <alignment>0x4</alignment>
         <input_file_ref idref="fl-c"/>
      </object_component>
      <object_component id="oc-2dc">
         <name>.text.NOROM_ChipInfo_GetChipType</name>
         <load_address>0x9358</load_address>
         <readonly>true</readonly>
         <executable>true</executable>
         <run_address>0x9358</run_address>
         <size>0x78</size>
         <alignment>0x4</alignment>
         <input_file_ref idref="fl-35"/>
      </object_component>
      <object_component id="oc-431">
         <name>.text.NOROM_SysCtrlSetRechargeBeforePowerDown</name>
         <load_address>0x93d0</load_address>
         <readonly>true</readonly>
         <executable>true</executable>
         <run_address>0x93d0</run_address>
         <size>0x78</size>
         <alignment>0x4</alignment>
         <input_file_ref idref="fl-3a"/>
      </object_component>
      <object_component id="oc-3a2">
         <name>.text.RF_ratFreeChannel</name>
         <load_address>0x9448</load_address>
         <readonly>true</readonly>
         <executable>true</executable>
         <run_address>0x9448</run_address>
         <size>0x78</size>
         <alignment>0x4</alignment>
         <input_file_ref idref="fl-20"/>
      </object_component>
      <object_component id="oc-2c0">
         <name>.text.SPICC26X2DMA_close</name>
         <load_address>0x94c0</load_address>
         <readonly>true</readonly>
         <executable>true</executable>
         <run_address>0x94c0</run_address>
         <size>0x78</size>
         <alignment>0x4</alignment>
         <input_file_ref idref="fl-30"/>
      </object_component>
      <object_component id="oc-227">
         <name>.text._pthread_removeThreadKeys</name>
         <load_address>0x9538</load_address>
         <readonly>true</readonly>
         <executable>true</executable>
         <run_address>0x9538</run_address>
         <size>0x78</size>
         <alignment>0x4</alignment>
         <input_file_ref idref="fl-c"/>
      </object_component>
      <object_component id="oc-2ba">
         <name>.text.ti_sysbios_knl_Task_postInit</name>
         <load_address>0x95b0</load_address>
         <readonly>true</readonly>
         <executable>true</executable>
         <run_address>0x95b0</run_address>
         <size>0x78</size>
         <alignment>0x4</alignment>
         <input_file_ref idref="fl-c"/>
      </object_component>
      <object_component id="oc-204">
         <name>.text.PowerCC26X2_updateSubSecInc</name>
         <load_address>0x9628</load_address>
         <readonly>true</readonly>
         <executable>true</executable>
         <run_address>0x9628</run_address>
         <size>0x74</size>
         <alignment>0x4</alignment>
         <input_file_ref idref="fl-2e"/>
      </object_component>
      <object_component id="oc-2fa">
         <name>.text.RF_hwiHw</name>
         <load_address>0x969c</load_address>
         <readonly>true</readonly>
         <executable>true</executable>
         <run_address>0x969c</run_address>
         <size>0x74</size>
         <alignment>0x4</alignment>
         <input_file_ref idref="fl-20"/>
      </object_component>
      <object_component id="oc-b9">
         <name>.text.ti_sysbios_knl_Swi_restoreHwi</name>
         <load_address>0x9710</load_address>
         <readonly>true</readonly>
         <executable>true</executable>
         <run_address>0x9710</run_address>
         <size>0x74</size>
         <alignment>0x4</alignment>
         <input_file_ref idref="fl-c"/>
      </object_component>
      <object_component id="oc-368">
         <name>.text.ti_sysbios_family_arm_m3_Hwi_Instance_init</name>
         <load_address>0x9784</load_address>
         <readonly>true</readonly>
         <executable>true</executable>
         <run_address>0x9784</run_address>
         <size>0x70</size>
         <alignment>0x4</alignment>
         <input_file_ref idref="fl-c"/>
      </object_component>
      <object_component id="oc-359">
         <name>.text.ti_sysbios_heaps_HeapMem_allocUnprotected</name>
         <load_address>0x97f4</load_address>
         <readonly>true</readonly>
         <executable>true</executable>
         <run_address>0x97f4</run_address>
         <size>0x70</size>
         <alignment>0x2</alignment>
         <input_file_ref idref="fl-c"/>
      </object_component>
      <object_component id="oc-143">
         <name>.text.ti_sysbios_knl_Task_startup</name>
         <load_address>0x9864</load_address>
         <readonly>true</readonly>
         <executable>true</executable>
         <run_address>0x9864</run_address>
         <size>0x70</size>
         <alignment>0x4</alignment>
         <input_file_ref idref="fl-c"/>
      </object_component>
      <object_component id="oc-37">
         <name>.text:decompress:lzss</name>
         <load_address>0x98d4</load_address>
         <readonly>true</readonly>
         <executable>true</executable>
         <run_address>0x98d4</run_address>
         <size>0x70</size>
         <alignment>0x2</alignment>
         <input_file_ref idref="fl-59"/>
      </object_component>
      <object_component id="oc-335">
         <name>.text.RF_issueRadioFreeCb</name>
         <load_address>0x9944</load_address>
         <readonly>true</readonly>
         <executable>true</executable>
         <run_address>0x9944</run_address>
         <size>0x6c</size>
         <alignment>0x4</alignment>
         <input_file_ref idref="fl-20"/>
      </object_component>
      <object_component id="oc-177">
         <name>.text.oscillatorISR</name>
         <load_address>0x99b0</load_address>
         <readonly>true</readonly>
         <executable>true</executable>
         <run_address>0x99b0</run_address>
         <size>0x6c</size>
         <alignment>0x4</alignment>
         <input_file_ref idref="fl-26"/>
      </object_component>
      <object_component id="oc-8c">
         <name>.text.ti_sysbios_family_arm_m3_Hwi_dispatchC</name>
         <load_address>0x9a1c</load_address>
         <readonly>true</readonly>
         <executable>true</executable>
         <run_address>0x9a1c</run_address>
         <size>0x6c</size>
         <alignment>0x4</alignment>
         <input_file_ref idref="fl-c"/>
      </object_component>
      <object_component id="oc-41f">
         <name>.text.RF_detachOverrides</name>
         <load_address>0x9a88</load_address>
         <readonly>true</readonly>
         <executable>true</executable>
         <run_address>0x9a88</run_address>
         <size>0x68</size>
         <alignment>0x2</alignment>
         <input_file_ref idref="fl-20"/>
      </object_component>
      <object_component id="oc-3df">
         <name>.text.UART2Support_dmaStopRx</name>
         <load_address>0x9af0</load_address>
         <readonly>true</readonly>
         <executable>true</executable>
         <run_address>0x9af0</run_address>
         <size>0x68</size>
         <alignment>0x4</alignment>
         <input_file_ref idref="fl-2b"/>
      </object_component>
      <object_component id="oc-ec">
         <name>.text.ti_sysbios_knl_Swi_run</name>
         <load_address>0x9b58</load_address>
         <readonly>true</readonly>
         <executable>true</executable>
         <run_address>0x9b58</run_address>
         <size>0x68</size>
         <alignment>0x4</alignment>
         <input_file_ref idref="fl-c"/>
      </object_component>
      <object_component id="oc-376">
         <name>.text.NOROM_OSCHF_AttemptToSwitchToXosc</name>
         <load_address>0x9bc0</load_address>
         <readonly>true</readonly>
         <executable>true</executable>
         <run_address>0x9bc0</run_address>
         <size>0x64</size>
         <alignment>0x4</alignment>
         <input_file_ref idref="fl-37"/>
      </object_component>
      <object_component id="oc-2ad">
         <name>.text.PowerCC26X2_initiateCalibration</name>
         <load_address>0x9c24</load_address>
         <readonly>true</readonly>
         <executable>true</executable>
         <run_address>0x9c24</run_address>
         <size>0x64</size>
         <alignment>0x4</alignment>
         <input_file_ref idref="fl-27"/>
      </object_component>
      <object_component id="oc-30a">
         <name>.text.RFQueue_defineQueue</name>
         <load_address>0x9c88</load_address>
         <readonly>true</readonly>
         <executable>true</executable>
         <run_address>0x9c88</run_address>
         <size>0x64</size>
         <alignment>0x4</alignment>
         <input_file_ref idref="fl-1"/>
      </object_component>
      <object_component id="oc-420">
         <name>.text.RF_attachOverrides</name>
         <load_address>0x9cec</load_address>
         <readonly>true</readonly>
         <executable>true</executable>
         <run_address>0x9cec</run_address>
         <size>0x64</size>
         <alignment>0x2</alignment>
         <input_file_ref idref="fl-20"/>
      </object_component>
      <object_component id="oc-3ad">
         <name>.text.RF_dispatchNextEvent</name>
         <load_address>0x9d50</load_address>
         <readonly>true</readonly>
         <executable>true</executable>
         <run_address>0x9d50</run_address>
         <size>0x64</size>
         <alignment>0x4</alignment>
         <input_file_ref idref="fl-20"/>
      </object_component>
      <object_component id="oc-2f9">
         <name>.text.RF_hwiCpe0PowerFsm</name>
         <load_address>0x9db4</load_address>
         <readonly>true</readonly>
         <executable>true</executable>
         <run_address>0x9db4</run_address>
         <size>0x64</size>
         <alignment>0x4</alignment>
         <input_file_ref idref="fl-20"/>
      </object_component>
      <object_component id="oc-343">
         <name>.text.UDMACC26XX_open</name>
         <load_address>0x9e18</load_address>
         <readonly>true</readonly>
         <executable>true</executable>
         <run_address>0x9e18</run_address>
         <size>0x64</size>
         <alignment>0x4</alignment>
         <input_file_ref idref="fl-33"/>
      </object_component>
      <object_component id="oc-15c">
         <name>.text.ti_sysbios_knl_Idle_init</name>
         <load_address>0x9e7c</load_address>
         <readonly>true</readonly>
         <executable>true</executable>
         <run_address>0x9e7c</run_address>
         <size>0x64</size>
         <alignment>0x4</alignment>
         <input_file_ref idref="fl-c"/>
      </object_component>
      <object_component id="oc-3f9">
         <name>.text.ti_sysbios_knl_TaskSupport_buildTaskStack</name>
         <load_address>0x9ee0</load_address>
         <readonly>true</readonly>
         <executable>true</executable>
         <run_address>0x9ee0</run_address>
         <size>0x64</size>
         <alignment>0x4</alignment>
         <input_file_ref idref="fl-c"/>
      </object_component>
      <object_component id="oc-3b8">
         <name>.text.RF_syncCb</name>
         <load_address>0x9f44</load_address>
         <readonly>true</readonly>
         <executable>true</executable>
         <run_address>0x9f44</run_address>
         <size>0x62</size>
         <alignment>0x2</alignment>
         <input_file_ref idref="fl-20"/>
      </object_component>
      <object_component id="oc-302">
         <name>.text.RF_defaultCallback</name>
         <load_address>0x9fa6</load_address>
         <readonly>true</readonly>
         <executable>true</executable>
         <run_address>0x9fa6</run_address>
         <size>0x2</size>
         <alignment>0x2</alignment>
         <input_file_ref idref="fl-20"/>
      </object_component>
      <object_component id="oc-29b">
         <name>.text.ti_sysbios_knl_Clock_walkQueueDynamic</name>
         <load_address>0x9fa8</load_address>
         <readonly>true</readonly>
         <executable>true</executable>
         <run_address>0x9fa8</run_address>
         <size>0x60</size>
         <alignment>0x4</alignment>
         <input_file_ref idref="fl-c"/>
      </object_component>
      <object_component id="oc-228">
         <name>.text.ti_sysbios_knl_Semaphore_post</name>
         <load_address>0xa008</load_address>
         <readonly>true</readonly>
         <executable>true</executable>
         <run_address>0xa008</run_address>
         <size>0x60</size>
         <alignment>0x4</alignment>
         <input_file_ref idref="fl-c"/>
      </object_component>
      <object_component id="oc-286">
         <name>.text.ti_sysbios_knl_Swi_schedule</name>
         <load_address>0xa068</load_address>
         <readonly>true</readonly>
         <executable>true</executable>
         <run_address>0xa068</run_address>
         <size>0x60</size>
         <alignment>0x4</alignment>
         <input_file_ref idref="fl-c"/>
      </object_component>
      <object_component id="oc-25a">
         <name>.text.uart_send_ccsds</name>
         <load_address>0xa0c8</load_address>
         <readonly>true</readonly>
         <executable>true</executable>
         <run_address>0xa0c8</run_address>
         <size>0x60</size>
         <alignment>0x4</alignment>
         <input_file_ref idref="fl-e"/>
      </object_component>
      <object_component id="oc-39c">
         <name>.text.NOROM_RFCAnaDivTxOverride</name>
         <load_address>0xa128</load_address>
         <readonly>true</readonly>
         <executable>true</executable>
         <run_address>0xa128</run_address>
         <size>0x5e</size>
         <alignment>0x4</alignment>
         <input_file_ref idref="fl-21"/>
      </object_component>
      <object_component id="oc-34c">
         <name>.text.UART2CC26X2_eventCallback</name>
         <load_address>0xa186</load_address>
         <readonly>true</readonly>
         <executable>true</executable>
         <run_address>0xa186</run_address>
         <size>0x2</size>
         <alignment>0x2</alignment>
         <input_file_ref idref="fl-2b"/>
      </object_component>
      <object_component id="oc-197">
         <name>.text.pthread_exit</name>
         <load_address>0xa188</load_address>
         <readonly>true</readonly>
         <executable>true</executable>
         <run_address>0xa188</run_address>
         <size>0x5c</size>
         <alignment>0x4</alignment>
         <input_file_ref idref="fl-c"/>
      </object_component>
      <object_component id="oc-40f">
         <name>.text.RF_applyRfCorePatch</name>
         <load_address>0xa1e4</load_address>
         <readonly>true</readonly>
         <executable>true</executable>
         <run_address>0xa1e4</run_address>
         <size>0x58</size>
         <alignment>0x4</alignment>
         <input_file_ref idref="fl-20"/>
      </object_component>
      <object_component id="oc-a3">
         <name>.text.main</name>
         <load_address>0xa23c</load_address>
         <readonly>true</readonly>
         <executable>true</executable>
         <run_address>0xa23c</run_address>
         <size>0x58</size>
         <alignment>0x4</alignment>
         <input_file_ref idref="fl-4"/>
      </object_component>
      <object_component id="oc-313">
         <name>.text.radio_rxCallback</name>
         <load_address>0xa294</load_address>
         <readonly>true</readonly>
         <executable>true</executable>
         <run_address>0xa294</run_address>
         <size>0x58</size>
         <alignment>0x4</alignment>
         <input_file_ref idref="fl-8"/>
      </object_component>
      <object_component id="oc-287">
         <name>.text.ti_sysbios_family_arm_m3_Hwi_initStacks</name>
         <load_address>0xa2ec</load_address>
         <readonly>true</readonly>
         <executable>true</executable>
         <run_address>0xa2ec</run_address>
         <size>0x58</size>
         <alignment>0x4</alignment>
         <input_file_ref idref="fl-3e"/>
      </object_component>
      <object_component id="oc-442">
         <name>.text.RF_getCurrentTime</name>
         <load_address>0xa344</load_address>
         <readonly>true</readonly>
         <executable>true</executable>
         <run_address>0xa344</run_address>
         <size>0x54</size>
         <alignment>0x4</alignment>
         <input_file_ref idref="fl-20"/>
      </object_component>
      <object_component id="oc-10b">
         <name>.text.Board_shutDownExtFlash</name>
         <load_address>0xa398</load_address>
         <readonly>true</readonly>
         <executable>true</executable>
         <run_address>0xa398</run_address>
         <size>0x50</size>
         <alignment>0x4</alignment>
         <input_file_ref idref="fl-b"/>
      </object_component>
      <object_component id="oc-2ff">
         <name>.text.RF_wakeupNotification</name>
         <load_address>0xa3e8</load_address>
         <readonly>true</readonly>
         <executable>true</executable>
         <run_address>0xa3e8</run_address>
         <size>0x50</size>
         <alignment>0x4</alignment>
         <input_file_ref idref="fl-20"/>
      </object_component>
      <object_component id="oc-35e">
         <name>.text.ti_sysbios_knl_Swi_post</name>
         <load_address>0xa438</load_address>
         <readonly>true</readonly>
         <executable>true</executable>
         <run_address>0xa438</run_address>
         <size>0x50</size>
         <alignment>0x4</alignment>
         <input_file_ref idref="fl-c"/>
      </object_component>
      <object_component id="oc-355">
         <name>.text.ti_sysbios_knl_Swi_runLoop</name>
         <load_address>0xa488</load_address>
         <readonly>true</readonly>
         <executable>true</executable>
         <run_address>0xa488</run_address>
         <size>0x50</size>
         <alignment>0x4</alignment>
         <input_file_ref idref="fl-c"/>
      </object_component>
      <object_component id="oc-269">
         <name>.text.uart_send</name>
         <load_address>0xa4d8</load_address>
         <readonly>true</readonly>
         <executable>true</executable>
         <run_address>0xa4d8</run_address>
         <size>0x50</size>
         <alignment>0x4</alignment>
         <input_file_ref idref="fl-e"/>
      </object_component>
      <object_component id="oc-188">
         <name>.text.Board_sendExtFlashByte</name>
         <load_address>0xa528</load_address>
         <readonly>true</readonly>
         <executable>true</executable>
         <run_address>0xa528</run_address>
         <size>0x4e</size>
         <alignment>0x2</alignment>
         <input_file_ref idref="fl-b"/>
      </object_component>
      <object_component id="oc-358">
         <name>.text.ti_sysbios_heaps_HeapMem_freeUnprotected</name>
         <load_address>0xa576</load_address>
         <readonly>true</readonly>
         <executable>true</executable>
         <run_address>0xa576</run_address>
         <size>0x4e</size>
         <alignment>0x2</alignment>
         <input_file_ref idref="fl-c"/>
      </object_component>
      <object_component id="oc-e5">
         <name>.text.BIOS_startFunc</name>
         <load_address>0xa5c4</load_address>
         <readonly>true</readonly>
         <executable>true</executable>
         <run_address>0xa5c4</run_address>
         <size>0x4c</size>
         <alignment>0x4</alignment>
         <input_file_ref idref="fl-c"/>
      </object_component>
      <object_component id="oc-ee">
         <name>.text.NOROM_ChipInfo_GetHwRevision</name>
         <load_address>0xa610</load_address>
         <readonly>true</readonly>
         <executable>true</executable>
         <run_address>0xa610</run_address>
         <size>0x4c</size>
[...]
      </symbol>
      <symbol id="sm-77f">
         <name>Watchdog_init</name>
         <value>0xad11</value>
         <object_component_ref idref="oc-120"/>
      </symbol>
      <symbol id="sm-780">
         <name>Watchdog_open</name>
         <value>0xafad</value>
         <object_component_ref idref="oc-1cb"/>
      </symbol>
      <symbol id="sm-781">
         <name>Watchdog_defaultParams</name>
         <value>0xda34</value>
         <object_component_ref idref="oc-27f"/>
      </symbol>
      <symbol id="sm-782">
         <name>Watchdog_Params_init</name>
         <value>0xcde5</value>
         <object_component_ref idref="oc-1ca"/>
      </symbol>
      <symbol id="sm-794">
         <name>GPIO_hwiIntFxn</name>
         <value>0xab35</value>
         <object_component_ref idref="oc-182"/>
      </symbol>
      <symbol id="sm-795">
         <name>GPIO_init</name>
         <value>0x6df1</value>
         <object_component_ref idref="oc-105"/>
      </symbol>
      <symbol id="sm-7bb">
         <name>PowerCC26X2_updateSubSecInc</name>
         <value>0x9629</value>
         <object_component_ref idref="oc-204"/>
      </symbol>
      <symbol id="sm-7bc">
         <name>PowerCC26X2_readCtrim</name>
         <value>0xcd65</value>
         <object_component_ref idref="oc-20d"/>
      </symbol>
      <symbol id="sm-7bd">
         <name>PowerCC26X2_readCtrimFract</name>
         <value>0xcd75</value>
         <object_component_ref idref="oc-20e"/>
      </symbol>
      <symbol id="sm-7be">
         <name>PowerCC26X2_readRtrim</name>
         <value>0xcd85</value>
         <object_component_ref idref="oc-20f"/>
      </symbol>
      <symbol id="sm-7bf">
         <name>PowerCC26X2_writeCtrim</name>
         <value>0xc3d1</value>
         <object_component_ref idref="oc-20a"/>
      </symbol>
      <symbol id="sm-7c0">
         <name>PowerCC26X2_writeCtrimFract</name>
         <value>0xc3f5</value>
         <object_component_ref idref="oc-20b"/>
      </symbol>
      <symbol id="sm-7c1">
         <name>PowerCC26X2_writeCtrimFractEn</name>
         <value>0xc419</value>
         <object_component_ref idref="oc-210"/>
      </symbol>
      <symbol id="sm-7c2">
         <name>PowerCC26X2_writeRtrim</name>
         <value>0xc43d</value>
         <object_component_ref idref="oc-20c"/>
      </symbol>
      <symbol id="sm-7c3">
         <name>PowerCC26X2_setTdcClkSrc24M</name>
         <value>0xb261</value>
         <object_component_ref idref="oc-2b3"/>
      </symbol>
      <symbol id="sm-7c4">
         <name>PowerCC26X2_setAclkRefSrc</name>
         <value>0xaf2d</value>
         <object_component_ref idref="oc-2b4"/>
      </symbol>
      <symbol id="sm-7fa">
         <name>PowerCC26X2_oscCtlClearXtal</name>
         <value>0xcd45</value>
         <object_component_ref idref="oc-167"/>
      </symbol>
      <symbol id="sm-7fb">
         <name>PowerCC26X2_prcmEnableCacheRetention</name>
         <value>0xcd55</value>
         <object_component_ref idref="oc-36d"/>
      </symbol>
      <symbol id="sm-7fc">
         <name>PowerCC26X2_oschfSwitchToRcosc</name>
         <value>0xd1a7</value>
         <object_component_ref idref="oc-2a2"/>
      </symbol>
      <symbol id="sm-7fd">
         <name>PowerCC26X2_oscClockSourceGet</name>
         <value>0xcf05</value>
         <object_component_ref idref="oc-200"/>
      </symbol>
      <symbol id="sm-7fe">
         <name>PowerCC26X2_oscDisableQualifiers</name>
         <value>0xb5d1</value>
         <object_component_ref idref="oc-16c"/>
      </symbol>
      <symbol id="sm-7ff">
         <name>PowerCC26X2_getOscHfSourceReady</name>
         <value>0xc3ad</value>
         <object_component_ref idref="oc-43a"/>
      </symbol>
      <symbol id="sm-800">
         <name>PowerCC26X2_oschfTrySwitchToXosc</name>
         <value>0xd0e3</value>
         <object_component_ref idref="oc-2af"/>
      </symbol>
      <symbol id="sm-801">
         <name>PowerCC26X2_enableTCXOQual</name>
         <value>0xc6ad</value>
         <object_component_ref idref="oc-2a0"/>
      </symbol>
      <symbol id="sm-802">
         <name>PowerCC26X2_disableTCXOQual</name>
         <value>0xc68d</value>
         <object_component_ref idref="oc-2a4"/>
      </symbol>
      <symbol id="sm-803">
         <name>PowerCC26X2_turnOnXosc</name>
         <value>0xd1af</value>
         <object_component_ref idref="oc-2a5"/>
      </symbol>
      <symbol id="sm-804">
         <name>PowerCC26X2_switchToTCXO</name>
         <value>0xcd95</value>
         <object_component_ref idref="oc-1fb"/>
      </symbol>
      <symbol id="sm-805">
         <name>PowerCC26X2_sysCtrlStandby</name>
         <value>0xd087</value>
         <object_component_ref idref="oc-36c"/>
      </symbol>
      <symbol id="sm-806">
         <name>PowerCC26X2_sysCtrlIdle</name>
         <value>0xd1ab</value>
         <object_component_ref idref="oc-2ab"/>
      </symbol>
      <symbol id="sm-807">
         <name>PowerCC26X2_setPeriphDeepSleepEnable</name>
         <value>0xcf11</value>
         <object_component_ref idref="oc-36e"/>
      </symbol>
      <symbol id="sm-808">
         <name>PowerCC26X2_sysCtrlGetResetSource</name>
         <value>0xcf1d</value>
         <object_component_ref idref="oc-160"/>
      </symbol>
      <symbol id="sm-809">
         <name>PowerCC26X2_setSubSecIncToXoscLf</name>
         <value>0xb791</value>
         <object_component_ref idref="oc-1ff"/>
      </symbol>
      <symbol id="sm-80a">
         <name>PowerCC26X2_sysCtrlUpdateVoltageRegulator</name>
         <value>0xcf29</value>
         <object_component_ref idref="oc-2a6"/>
      </symbol>
      <symbol id="sm-851">
         <name>SPICC26X2DMA_close</name>
         <value>0x94c1</value>
         <object_component_ref idref="oc-2c0"/>
      </symbol>
      <symbol id="sm-852">
         <name>SPICC26X2DMA_control</name>
         <value>0x7481</value>
         <object_component_ref idref="oc-2c5"/>
      </symbol>
      <symbol id="sm-853">
         <name>SPICC26X2DMA_init</name>
         <value>0xd091</value>
         <object_component_ref idref="oc-2c6"/>
      </symbol>
      <symbol id="sm-854">
         <name>SPICC26X2DMA_open</name>
         <value>0x5941</value>
         <object_component_ref idref="oc-2c7"/>
      </symbol>
      <symbol id="sm-855">
         <name>SPICC26X2DMA_transfer</name>
         <value>0x4935</value>
         <object_component_ref idref="oc-2c8"/>
      </symbol>
      <symbol id="sm-856">
         <name>SPICC26X2DMA_transferCancel</name>
         <value>0x8d09</value>
         <object_component_ref idref="oc-2c9"/>
      </symbol>
      <symbol id="sm-857">
         <name>SPICC26X2DMA_fxnTable</name>
         <value>0xd95c</value>
         <object_component_ref idref="oc-229"/>
      </symbol>
      <symbol id="sm-877">
         <name>WatchdogCC26XX_clear</name>
         <value>0xcfad</value>
         <object_component_ref idref="oc-2cc"/>
      </symbol>
      <symbol id="sm-878">
         <name>WatchdogCC26XX_close</name>
         <value>0xa7d7</value>
         <object_component_ref idref="oc-2d0"/>
      </symbol>
      <symbol id="sm-879">
         <name>WatchdogCC26XX_control</name>
         <value>0xd157</value>
         <object_component_ref idref="oc-2d1"/>
      </symbol>
      <symbol id="sm-87a">
         <name>WatchdogCC26XX_init</name>
         <value>0xd0eb</value>
         <object_component_ref idref="oc-2d2"/>
      </symbol>
      <symbol id="sm-87b">
         <name>WatchdogCC26XX_open</name>
         <value>0x88f1</value>
         <object_component_ref idref="oc-2d4"/>
      </symbol>
      <symbol id="sm-87c">
         <name>WatchdogCC26XX_convertMsToTicks</name>
         <value>0xbfd7</value>
         <object_component_ref idref="oc-2d6"/>
      </symbol>
      <symbol id="sm-87d">
         <name>WatchdogCC26XX_setReload</name>
         <value>0xbb89</value>
         <object_component_ref idref="oc-2d5"/>
      </symbol>
      <symbol id="sm-87e">
         <name>WatchdogCC26XX_fxnTable</name>
         <value>0xd924</value>
         <object_component_ref idref="oc-22d"/>
      </symbol>
      <symbol id="sm-894">
         <name>RingBuf_construct</name>
         <value>0xcdb5</value>
         <object_component_ref idref="oc-33e"/>
      </symbol>
      <symbol id="sm-895">
         <name>RingBuf_getConsume</name>
         <value>0xbd97</value>
         <object_component_ref idref="oc-3e8"/>
      </symbol>
      <symbol id="sm-896">
         <name>RingBuf_getCount</name>
         <value>0xd1bb</value>
         <object_component_ref idref="oc-42b"/>
      </symbol>
      <symbol id="sm-897">
         <name>RingBuf_getPointer</name>
         <value>0xc5c7</value>
         <object_component_ref idref="oc-3e7"/>
      </symbol>
      <symbol id="sm-898">
         <name>RingBuf_put</name>
         <value>0xaaa9</value>
         <object_component_ref idref="oc-429"/>
      </symbol>
      <symbol id="sm-899">
         <name>RingBuf_putAdvance</name>
         <value>0xb609</value>
         <object_component_ref idref="oc-42a"/>
      </symbol>
      <symbol id="sm-89a">
         <name>RingBuf_putPointer</name>
         <value>0xbdc5</value>
         <object_component_ref idref="oc-42c"/>
      </symbol>
      <symbol id="sm-8a9">
         <name>UDMACC26XX_hwiIntFxn</name>
         <value>0xd0a5</value>
         <object_component_ref idref="oc-3d3"/>
      </symbol>
      <symbol id="sm-8aa">
         <name>UDMACC26XX_open</name>
         <value>0x9e19</value>
         <object_component_ref idref="oc-343"/>
      </symbol>
      <symbol id="sm-8ab">
         <name>UDMACC26XX_close</name>
         <value>0xb679</value>
         <object_component_ref idref="oc-37f"/>
      </symbol>
      <symbol id="sm-8b6">
         <name>NOROM_AUXADCEnableSync</name>
         <value>0xc62d</value>
         <object_component_ref idref="oc-31f"/>
      </symbol>
      <symbol id="sm-8c7">
         <name>NOROM_ChipInfo_GetChipType</name>
         <value>0x9359</value>
         <object_component_ref idref="oc-2dc"/>
      </symbol>
      <symbol id="sm-8c8">
         <name>NOROM_ChipInfo_GetHwRevision</name>
         <value>0xa611</value>
         <object_component_ref idref="oc-ee"/>
      </symbol>
      <symbol id="sm-8c9">
         <name>NOROM_ThisLibraryIsFor_CC13x2_CC26x2_HwRev20AndLater_HaltIfViolated</name>
         <value>0xc0cd</value>
         <object_component_ref idref="oc-bb"/>
      </symbol>
      <symbol id="sm-8d7">
         <name>NOROM_CPUcpsid</name>
         <value>0xd0bb</value>
         <object_component_ref idref="oc-25b"/>
      </symbol>
      <symbol id="sm-8d8">
         <name>NOROM_CPUcpsie</name>
         <value>0xd0c3</value>
         <object_component_ref idref="oc-2ac"/>
      </symbol>
      <symbol id="sm-8d9">
         <name>NOROM_CPUdelay</name>
         <value>0xd12d</value>
         <object_component_ref idref="oc-21c"/>
      </symbol>
      <symbol id="sm-901">
         <name>NOROM_OSCHF_TurnOnXosc</name>
         <value>0xc389</value>
         <object_component_ref idref="oc-2ae"/>
      </symbol>
      <symbol id="sm-902">
         <name>NOROM_OSCHF_AttemptToSwitchToXosc</name>
         <value>0x9bc1</value>
         <object_component_ref idref="oc-376"/>
      </symbol>
      <symbol id="sm-903">
         <name>NOROM_OSCHF_SwitchToRcOscTurnOffXosc</name>
         <value>0xb529</value>
         <object_component_ref idref="oc-369"/>
      </symbol>
      <symbol id="sm-904">
         <name>NOROM_OSC_CapArrayAdjustWorkaround_Boot</name>
         <value>0xc0a5</value>
         <object_component_ref idref="oc-f1"/>
      </symbol>
      <symbol id="sm-905">
         <name>_hposcCoeffs</name>
         <value>0x20000610</value>
         <object_component_ref idref="oc-377"/>
      </symbol>
      <symbol id="sm-906">
         <name>NOROM_OSC_HPOSCRelativeFrequencyOffsetGet</name>
         <value>0xb225</value>
         <object_component_ref idref="oc-2b0"/>
      </symbol>
      <symbol id="sm-914">
         <name>NOROM_PRCMPowerDomainsAllOff</name>
         <value>0xab79</value>
         <object_component_ref idref="oc-378"/>
      </symbol>
      <symbol id="sm-915">
         <name>NOROM_PRCMPowerDomainsAllOn</name>
         <value>0xabbd</value>
         <object_component_ref idref="oc-212"/>
      </symbol>
      <symbol id="sm-924">
         <name>NOROM_SetupTrimDevice</name>
         <value>0x78bd</value>
         <object_component_ref idref="oc-90"/>
      </symbol>
      <symbol id="sm-935">
         <name>NOROM_SysCtrlIdle</name>
         <value>0xb561</value>
         <object_component_ref idref="oc-36f"/>
      </symbol>
      <symbol id="sm-936">
         <name>NOROM_SysCtrlStandby</name>
         <value>0x73a1</value>
         <object_component_ref idref="oc-3f6"/>
      </symbol>
      <symbol id="sm-937">
         <name>NOROM_SysCtrlSetRechargeBeforePowerDown</name>
         <value>0x93d1</value>
         <object_component_ref idref="oc-431"/>
      </symbol>
      <symbol id="sm-944">
         <name>NOROM_AUXSYSIFOpModeChange</name>
         <value>0xb4f1</value>
         <object_component_ref idref="oc-f7"/>
      </symbol>
      <symbol id="sm-94d">
         <name>ti_sysbios_knl_TaskSupport_swap</name>
         <value>0xc20d</value>
         <object_component_ref idref="oc-149"/>
      </symbol>
      <symbol id="sm-94e">
         <name>ti_sysbios_knl_TaskSupport_glue</name>
         <value>0xcb05</value>
         <object_component_ref idref="oc-432"/>
      </symbol>
      <symbol id="sm-94f">
         <name>ti_sysbios_knl_TaskSupport_swapReturn</name>
         <value>0xc218</value>
         <object_component_ref idref="oc-149"/>
      </symbol>
      <symbol id="sm-964">
         <name>ti_sysbios_family_arm_m3_Hwi_dispatch</name>
         <value>0x6675</value>
         <object_component_ref idref="oc-66"/>
      </symbol>
      <symbol id="sm-965">
         <name>ti_sysbios_family_arm_m3_Hwi_pendSV</name>
         <value>0x6751</value>
         <object_component_ref idref="oc-66"/>
      </symbol>
      <symbol id="sm-966">
         <name>ti_sysbios_family_arm_m3_Hwi_excHandlerAsm</name>
         <value>0xc16d</value>
         <object_component_ref idref="oc-61"/>
      </symbol>
      <symbol id="sm-967">
         <name>ti_sysbios_family_arm_m3_Hwi_return</name>
         <value>0x6774</value>
         <object_component_ref idref="oc-66"/>
      </symbol>
      <symbol id="sm-968">
         <name>ti_sysbios_family_arm_m3_Hwi_interruptsAreDisabledButShouldNotBe</name>
         <value>0x674c</value>
         <object_component_ref idref="oc-66"/>
      </symbol>
      <symbol id="sm-975">
         <name>ti_sysbios_family_arm_m3_Hwi_switchAndRunFunc</name>
         <value>0xc82b</value>
         <object_component_ref idref="oc-354"/>
      </symbol>
      <symbol id="sm-976">
         <name>ti_sysbios_family_arm_m3_Hwi_initStacks</name>
         <value>0xa2ed</value>
         <object_component_ref idref="oc-287"/>
      </symbol>
      <symbol id="sm-97f">
         <name>_c_int00</name>
         <value>0xba01</value>
         <object_component_ref idref="oc-2f"/>
      </symbol>
      <symbol id="sm-980">
         <name>__stack</name>
         <value>0x20013a00</value>
         <object_component_ref idref="oc-5a"/>
      </symbol>
      <symbol id="sm-98b">
         <name>__aeabi_errno_addr</name>
         <value>0xd0f5</value>
         <object_component_ref idref="oc-264"/>
      </symbol>
      <symbol id="sm-98c">
         <name>__aeabi_errno</name>
         <value>0x2000066c</value>
         <object_component_ref idref="oc-337"/>
      </symbol>
      <symbol id="sm-99c">
         <name>_nop</name>
         <value>0xb4b7</value>
         <object_component_ref idref="oc-1db"/>
      </symbol>
      <symbol id="sm-99d">
         <name>_register_lock</name>
         <value>0xcfb9</value>
         <object_component_ref idref="oc-1d1"/>
      </symbol>
      <symbol id="sm-99e">
         <name>_lock</name>
         <value>0x20000670</value>
         <object_component_ref idref="oc-280"/>
      </symbol>
      <symbol id="sm-99f">
         <name>_register_unlock</name>
         <value>0xcfc5</value>
         <object_component_ref idref="oc-1d6"/>
      </symbol>
      <symbol id="sm-9a0">
         <name>_unlock</name>
         <value>0x20000674</value>
         <object_component_ref idref="oc-283"/>
      </symbol>
      <symbol id="sm-9aa">
         <name>_args_main</name>
         <value>0xcc75</value>
         <object_component_ref idref="oc-6c"/>
      </symbol>
      <symbol id="sm-9b7">
         <name>__TI_auto_init_nobinit_nopinit</name>
         <value>0xb721</value>
         <object_component_ref idref="oc-96"/>
      </symbol>
      <symbol id="sm-9c2">
         <name>__TI_zero_init</name>
         <value>0xce55</value>
         <object_component_ref idref="oc-84"/>
      </symbol>
      <symbol id="sm-9cb">
         <name>__TI_decompress_none</name>
         <value>0xcec7</value>
         <object_component_ref idref="oc-3b"/>
      </symbol>
      <symbol id="sm-9d5">
         <name>__TI_decompress_lzss</name>
         <value>0x98d5</value>
         <object_component_ref idref="oc-37"/>
      </symbol>
      <symbol id="sm-9f9">
         <name>__aeabi_memcpy</name>
         <value>0xd1d9</value>
         <object_component_ref idref="oc-77"/>
      </symbol>
      <symbol id="sm-9fa">
         <name>__aeabi_memcpy4</name>
         <value>0xd1d9</value>
         <object_component_ref idref="oc-77"/>
      </symbol>
      <symbol id="sm-9fb">
         <name>__aeabi_memcpy8</name>
         <value>0xd1d9</value>
         <object_component_ref idref="oc-77"/>
      </symbol>
      <symbol id="sm-a04">
         <name>__aeabi_memset</name>
         <value>0xd0b1</value>
         <object_component_ref idref="oc-259"/>
      </symbol>
      <symbol id="sm-a05">
         <name>__aeabi_memset4</name>
         <value>0xd0b1</value>
         <object_component_ref idref="oc-259"/>
      </symbol>
      <symbol id="sm-a06">
         <name>__aeabi_memset8</name>
         <value>0xd0b1</value>
         <object_component_ref idref="oc-259"/>
      </symbol>
      <symbol id="sm-a07">
         <name>__aeabi_memclr</name>
         <value>0xd0fd</value>
         <object_component_ref idref="oc-b0"/>
      </symbol>
      <symbol id="sm-a08">
         <name>__aeabi_memclr4</name>
         <value>0xd0fd</value>
         <object_component_ref idref="oc-b0"/>
      </symbol>
      <symbol id="sm-a09">
         <name>__aeabi_memclr8</name>
         <value>0xd0fd</value>
         <object_component_ref idref="oc-b0"/>
      </symbol>
      <symbol id="sm-a0f">
         <name>__aeabi_uldivmod</name>
         <value>0xcc61</value>
         <object_component_ref idref="oc-1e4"/>
      </symbol>
      <symbol id="sm-a15">
         <name>__udivmoddi4</name>
         <value>0x8329</value>
         <object_component_ref idref="oc-296"/>
      </symbol>
      <symbol id="sm-a21">
         <name>__aeabi_ldiv0</name>
         <value>0xaaef</value>
         <object_component_ref idref="oc-35f"/>
      </symbol>
      <symbol id="sm-a2a">
         <name>TI_memcpy_small</name>
         <value>0xccc3</value>
         <object_component_ref idref="oc-dc"/>
      </symbol>
      <symbol id="sm-a32">
         <name>TI_memset_small</name>
         <value>0xceb9</value>
         <object_component_ref idref="oc-139"/>
      </symbol>
      <symbol id="sm-a33">
         <name>__TI_static_base__</name>
         <value>0x4000</value>
      </symbol>
      <symbol id="sm-a36">
         <name>ITM_flush</name>
         <value>0x0</value>
      </symbol>
      <symbol id="sm-a37">
         <name>ITM_restore</name>
         <value>0x0</value>
      </symbol>
      <symbol id="sm-a38">
         <name>__mpu_init</name>
         <value>0x0</value>
      </symbol>
   </symbol_table>
   <title>Link successful</title>
</link_info>
